

================================================================
== Vitis HLS Report for 'MultiPixStream2AXIvideo'
================================================================
* Date:           Mon May  4 01:55:51 2026

* Version:        2022.2 (Build 3670227 on Oct 13 2022)
* Project:        prj
* Solution:       sol (Vivado IP Flow Target)
* Product family: zynquplus
* Target device:  xck26-sfvc784-2LV-c


================================================================
== Performance Estimates
================================================================
+ Timing: 
    * Summary: 
    +--------+---------+----------+------------+
    |  Clock |  Target | Estimated| Uncertainty|
    +--------+---------+----------+------------+
    |ap_clk  |  4.00 ns|  1.863 ns|     1.08 ns|
    +--------+---------+----------+------------+

+ Latency: 
    * Summary: 
    +---------+---------+----------+----------+-----+---------+---------+
    |  Latency (cycles) |  Latency (absolute) |    Interval   | Pipeline|
    |   min   |   max   |    min   |    max   | min |   max   |   Type  |
    +---------+---------+----------+----------+-----+---------+---------+
    |        1|  2080081|  4.000 ns|  8.320 ms|    1|  2080081|       no|
    +---------+---------+----------+----------+-----+---------+---------+

    + Detail: 
        * Instance: 
        +--------------------------------------------------------------+---------------------------------------------------+---------+---------+-----------+----------+-----+------+---------+
        |                                                              |                                                   |  Latency (cycles) |  Latency (absolute)  |  Interval  | Pipeline|
        |                           Instance                           |                       Module                      |   min   |   max   |    min    |    max   | min |  max |   Type  |
        +--------------------------------------------------------------+---------------------------------------------------+---------+---------+-----------+----------+-----+------+---------+
        |grp_MultiPixStream2AXIvideo_Pipeline_VITIS_LOOP_936_2_fu_143  |MultiPixStream2AXIvideo_Pipeline_VITIS_LOOP_936_2  |        4|     1923|  16.000 ns|  7.692 us|    4|  1923|       no|
        +--------------------------------------------------------------+---------------------------------------------------+---------+---------+-----------+----------+-----+------+---------+

        * Loop: 
        +--------------------+---------+---------+----------+-----------+-----------+----------+----------+
        |                    |  Latency (cycles) | Iteration|  Initiation Interval  |   Trip   |          |
        |      Loop Name     |   min   |   max   |  Latency |  achieved |   target  |   Count  | Pipelined|
        +--------------------+---------+---------+----------+-----------+-----------+----------+----------+
        |- VITIS_LOOP_934_1  |        0|  2080080|  2 ~ 1926|          -|          -|  0 ~ 1080|        no|
        +--------------------+---------+---------+----------+-----------+-----------+----------+----------+



================================================================
== Utilization Estimates
================================================================
* Summary: 
+-----------------+---------+------+--------+--------+-----+
|       Name      | BRAM_18K|  DSP |   FF   |   LUT  | URAM|
+-----------------+---------+------+--------+--------+-----+
|DSP              |        -|     -|       -|       -|    -|
|Expression       |        -|     -|       0|      76|    -|
|FIFO             |        -|     -|       -|       -|    -|
|Instance         |        -|     -|      22|     290|    -|
|Memory           |        -|     -|       -|       -|    -|
|Multiplexer      |        -|     -|       -|      99|    -|
|Register         |        -|     -|     101|       -|    -|
+-----------------+---------+------+--------+--------+-----+
|Total            |        0|     0|     123|     465|    0|
+-----------------+---------+------+--------+--------+-----+
|Available        |      288|  1248|  234240|  117120|   64|
+-----------------+---------+------+--------+--------+-----+
|Utilization (%)  |        0|     0|      ~0|      ~0|    0|
+-----------------+---------+------+--------+--------+-----+

+ Detail: 
    * Instance: 
    +--------------------------------------------------------------+---------------------------------------------------+---------+----+----+-----+-----+
    |                           Instance                           |                       Module                      | BRAM_18K| DSP| FF | LUT | URAM|
    +--------------------------------------------------------------+---------------------------------------------------+---------+----+----+-----+-----+
    |grp_MultiPixStream2AXIvideo_Pipeline_VITIS_LOOP_936_2_fu_143  |MultiPixStream2AXIvideo_Pipeline_VITIS_LOOP_936_2  |        0|   0|  22|  290|    0|
    +--------------------------------------------------------------+---------------------------------------------------+---------+----+----+-----+-----+
    |Total                                                         |                                                   |        0|   0|  22|  290|    0|
    +--------------------------------------------------------------+---------------------------------------------------+---------+----+----+-----+-----+

    * DSP: 
    N/A

    * Memory: 
    N/A

    * FIFO: 
    N/A

    * Expression: 
    +----------------------------------------------------------------------------------+----------+----+---+----+------------+------------+
    |                                   Variable Name                                  | Operation| DSP| FF| LUT| Bitwidth P0| Bitwidth P1|
    +----------------------------------------------------------------------------------+----------+----+---+----+------------+------------+
    |i_2_fu_246_p2                                                                     |         +|   0|  0|  18|          11|           1|
    |sub_fu_196_p2                                                                     |         +|   0|  0|  19|          12|           2|
    |ap_block_state4_on_subcall_done                                                   |       and|   0|  0|   2|           1|           1|
    |grp_MultiPixStream2AXIvideo_Pipeline_VITIS_LOOP_936_2_fu_143_m_axis_video_TREADY  |       and|   0|  0|   2|           1|           1|
    |cmp21229_fu_202_p2                                                                |      icmp|   0|  0|  11|          11|           1|
    |icmp_ln934_fu_241_p2                                                              |      icmp|   0|  0|  11|          11|          11|
    |icmp_ln975_fu_212_p2                                                              |      icmp|   0|  0|  11|           8|           1|
    |ap_block_state1                                                                   |        or|   0|  0|   2|           1|           1|
    +----------------------------------------------------------------------------------+----------+----+---+----+------------+------------+
    |Total                                                                             |          |   0|  0|  76|          56|          19|
    +----------------------------------------------------------------------------------+----------+----+---+----+------------+------------+

    * Multiplexer: 
    +----------------------+----+-----------+-----+-----------+
    |         Name         | LUT| Input Size| Bits| Total Bits|
    +----------------------+----+-----------+-----+-----------+
    |ap_NS_fsm             |  26|          5|    1|          5|
    |ap_done               |   9|          2|    1|          2|
    |counter_loc_0_fu_102  |   9|          2|   16|         32|
    |empty_fu_98           |   9|          2|    1|          2|
    |fid                   |  14|          3|    1|          3|
    |fid_ap_vld            |  14|          3|    1|          3|
    |i_fu_90               |   9|          2|   11|         22|
    |ovrlayYUV_read        |   9|          2|    1|          2|
    +----------------------+----+-----------+-----+-----------+
    |Total                 |  99|         21|   33|         71|
    +----------------------+----+-----------+-----+-----------+

    * Register: 
    +---------------------------------------------------------------------------+----+----+-----+-----------+
    |                                    Name                                   | FF | LUT| Bits| Const Bits|
    +---------------------------------------------------------------------------+----+----+-----+-----------+
    |ap_CS_fsm                                                                  |   4|   0|    4|          0|
    |ap_done_reg                                                                |   1|   0|    1|          0|
    |cmp21229_reg_323                                                           |   1|   0|    1|          0|
    |counter                                                                    |  16|   0|   16|          0|
    |counter_loc_0_fu_102                                                       |  16|   0|   16|          0|
    |empty_144_reg_303                                                          |  11|   0|   11|          0|
    |empty_fu_98                                                                |   1|   0|    1|          0|
    |fidStored                                                                  |   1|   0|    1|          0|
    |fid_preg                                                                   |   1|   0|    1|          0|
    |grp_MultiPixStream2AXIvideo_Pipeline_VITIS_LOOP_936_2_fu_143_ap_start_reg  |   1|   0|    1|          0|
    |i_2_reg_335                                                                |  11|   0|   11|          0|
    |i_fu_90                                                                    |  11|   0|   11|          0|
    |icmp_ln975_reg_327                                                         |   1|   0|    1|          0|
    |p_load_reg_340                                                             |   1|   0|    1|          0|
    |sof_fu_94                                                                  |   1|   0|    1|          0|
    |sub_reg_308                                                                |  12|   0|   12|          0|
    |trunc_ln882_reg_298                                                        |  11|   0|   11|          0|
    +---------------------------------------------------------------------------+----+----+-----+-----------+
    |Total                                                                      | 101|   0|  101|          0|
    +---------------------------------------------------------------------------+----+----+-----+-----------+



================================================================
== Interface
================================================================
* Summary: 
+--------------------------+-----+-----+------------+-------------------------+--------------+
|         RTL Ports        | Dir | Bits|  Protocol  |      Source Object      |    C Type    |
+--------------------------+-----+-----+------------+-------------------------+--------------+
|ap_clk                    |   in|    1|  ap_ctrl_hs|  MultiPixStream2AXIvideo|  return value|
|ap_rst                    |   in|    1|  ap_ctrl_hs|  MultiPixStream2AXIvideo|  return value|
|ap_start                  |   in|    1|  ap_ctrl_hs|  MultiPixStream2AXIvideo|  return value|
|ap_done                   |  out|    1|  ap_ctrl_hs|  MultiPixStream2AXIvideo|  return value|
|ap_continue               |   in|    1|  ap_ctrl_hs|  MultiPixStream2AXIvideo|  return value|
|ap_idle                   |  out|    1|  ap_ctrl_hs|  MultiPixStream2AXIvideo|  return value|
|ap_ready                  |  out|    1|  ap_ctrl_hs|  MultiPixStream2AXIvideo|  return value|
|ovrlayYUV_dout            |   in|   30|     ap_fifo|                ovrlayYUV|       pointer|
|ovrlayYUV_num_data_valid  |   in|    5|     ap_fifo|                ovrlayYUV|       pointer|
|ovrlayYUV_fifo_cap        |   in|    5|     ap_fifo|                ovrlayYUV|       pointer|
|ovrlayYUV_empty_n         |   in|    1|     ap_fifo|                ovrlayYUV|       pointer|
|ovrlayYUV_read            |  out|    1|     ap_fifo|                ovrlayYUV|       pointer|
|m_axis_video_TDATA        |  out|   32|        axis|    m_axis_video_V_data_V|       pointer|
|m_axis_video_TVALID       |  out|    1|        axis|    m_axis_video_V_dest_V|       pointer|
|m_axis_video_TREADY       |   in|    1|        axis|    m_axis_video_V_dest_V|       pointer|
|m_axis_video_TDEST        |  out|    1|        axis|    m_axis_video_V_dest_V|       pointer|
|m_axis_video_TKEEP        |  out|    4|        axis|    m_axis_video_V_keep_V|       pointer|
|m_axis_video_TSTRB        |  out|    4|        axis|    m_axis_video_V_strb_V|       pointer|
|m_axis_video_TUSER        |  out|    1|        axis|    m_axis_video_V_user_V|       pointer|
|m_axis_video_TLAST        |  out|    1|        axis|    m_axis_video_V_last_V|       pointer|
|m_axis_video_TID          |  out|    1|        axis|      m_axis_video_V_id_V|       pointer|
|height                    |   in|   16|   ap_stable|                   height|       pointer|
|width                     |   in|   16|   ap_stable|                    width|       pointer|
|colorFormat               |   in|    8|   ap_stable|              colorFormat|       pointer|
|fid_in                    |   in|    1|   ap_stable|                   fid_in|       pointer|
|fid                       |  out|    1|      ap_vld|                      fid|       pointer|
|fid_ap_vld                |  out|    1|      ap_vld|                      fid|       pointer|
|field_id                  |   in|   16|   ap_stable|                 field_id|       pointer|
+--------------------------+-----+-----+------------+-------------------------+--------------+

============================================================
+ Verbose Summary: Synthesis Manager
============================================================
InlineROM: 1
ExposeGlobal: 0
============================================================
+ Verbose Summary: CDFG Model
============================================================
IsTopModel: 0
ResetActiveHigh: 1
IsCombinational: 2
IsDatapathOnly: 0
HasWiredReturn: 1
HasMFsm: 0
HasVarLatency: 1
IsPipeline: 0
IsRtlPipelined: 0
IsInstanceOverlapped: 0
IsDontTouch: 0
HasImplIP: 0
IsGatedGlobalClock: 0


============================================================
+ Verbose Summary: Schedule
============================================================
* Number of FSM states : 4
* Pipeline : 0
* Dataflow Pipeline: 0

* FSM state transitions: 
1 --> 2 
2 --> 3 4 
3 --> 4 
4 --> 2 

* FSM state operations: 

State 1 <SV = 0> <Delay = 0.94>
ST_1 : Operation 5 [1/1] (0.00ns)   --->   "%i = alloca i32 1"   --->   Operation 5 'alloca' 'i' <Predicate = true> <Delay = 0.00>
ST_1 : Operation 6 [1/1] (0.00ns)   --->   "%sof = alloca i32 1"   --->   Operation 6 'alloca' 'sof' <Predicate = true> <Delay = 0.00>
ST_1 : Operation 7 [1/1] (0.00ns)   --->   "%empty = alloca i32 1"   --->   Operation 7 'alloca' 'empty' <Predicate = true> <Delay = 0.00>
ST_1 : Operation 8 [1/1] (0.00ns)   --->   "%counter_loc_0 = alloca i32 1"   --->   Operation 8 'alloca' 'counter_loc_0' <Predicate = true> <Delay = 0.00>
ST_1 : Operation 9 [1/1] (0.00ns)   --->   "%specaxissidechannel_ln0 = specaxissidechannel void @_ssdm_op_SpecAXISSideChannel, i32 %m_axis_video_V_data_V, i4 %m_axis_video_V_keep_V, i4 %m_axis_video_V_strb_V, i1 %m_axis_video_V_user_V, i1 %m_axis_video_V_last_V, i1 %m_axis_video_V_id_V, i1 %m_axis_video_V_dest_V, void @empty_20"   --->   Operation 9 'specaxissidechannel' 'specaxissidechannel_ln0' <Predicate = true> <Delay = 0.00>
ST_1 : Operation 10 [1/1] (0.00ns)   --->   "%specstablecontent_ln0 = specstablecontent void @_ssdm_op_SpecStableContent, i8 %colorFormat, void "   --->   Operation 10 'specstablecontent' 'specstablecontent_ln0' <Predicate = true> <Delay = 0.00>
ST_1 : Operation 11 [1/1] (0.00ns)   --->   "%specstablecontent_ln0 = specstablecontent void @_ssdm_op_SpecStableContent, i1 %fid_in, void "   --->   Operation 11 'specstablecontent' 'specstablecontent_ln0' <Predicate = true> <Delay = 0.00>
ST_1 : Operation 12 [1/1] (0.00ns)   --->   "%specstablecontent_ln0 = specstablecontent void @_ssdm_op_SpecStableContent, i16 %field_id, void "   --->   Operation 12 'specstablecontent' 'specstablecontent_ln0' <Predicate = true> <Delay = 0.00>
ST_1 : Operation 13 [1/1] (0.00ns)   --->   "%specstablecontent_ln0 = specstablecontent void @_ssdm_op_SpecStableContent, i16 %height, void "   --->   Operation 13 'specstablecontent' 'specstablecontent_ln0' <Predicate = true> <Delay = 0.00>
ST_1 : Operation 14 [1/1] (0.00ns)   --->   "%specstablecontent_ln0 = specstablecontent void @_ssdm_op_SpecStableContent, i16 %width, void "   --->   Operation 14 'specstablecontent' 'specstablecontent_ln0' <Predicate = true> <Delay = 0.00>
ST_1 : Operation 15 [1/1] (0.00ns)   --->   "%specinterface_ln0 = specinterface void @_ssdm_op_SpecInterface, i30 %ovrlayYUV, void @empty_17, i32 0, i32 0, void @empty_28, i32 0, i32 0, void @empty_28, void @empty_28, void @empty_28, i32 0, i32 0, i32 0, i32 0, void @empty_28, void @empty_28, i32 4294967295, i32 0"   --->   Operation 15 'specinterface' 'specinterface_ln0' <Predicate = true> <Delay = 0.00>
ST_1 : Operation 16 [1/1] (0.00ns)   --->   "%specinterface_ln0 = specinterface void @_ssdm_op_SpecInterface, i32 %m_axis_video_V_data_V, i4 %m_axis_video_V_keep_V, i4 %m_axis_video_V_strb_V, i1 %m_axis_video_V_user_V, i1 %m_axis_video_V_last_V, i1 %m_axis_video_V_id_V, i1 %m_axis_video_V_dest_V, void @empty_18, i32 0, i32 0, void @empty_27, i32 0, i32 0, void @empty_28, void @empty_28, void @empty_28, i32 0, i32 0, i32 0, i32 0, void @empty_28, void @empty_28, i32 4294967295, i32 0"   --->   Operation 16 'specinterface' 'specinterface_ln0' <Predicate = true> <Delay = 0.00>
ST_1 : Operation 17 [1/1] (0.00ns)   --->   "%rows = read i16 @_ssdm_op_Read.ap_auto.i16P0A, i16 %height" [C:/Users/hhhh/rekonfigi/video_passthrough_kria/video_passthrough_kria.runs/synth_1/prj/sol/.autopilot/db/v_tpg.cpp:882]   --->   Operation 17 'read' 'rows' <Predicate = true> <Delay = 0.00>
ST_1 : Operation 18 [1/1] (0.00ns)   --->   "%trunc_ln882 = trunc i16 %rows" [C:/Users/hhhh/rekonfigi/video_passthrough_kria/video_passthrough_kria.runs/synth_1/prj/sol/.autopilot/db/v_tpg.cpp:882]   --->   Operation 18 'trunc' 'trunc_ln882' <Predicate = true> <Delay = 0.00>
ST_1 : Operation 19 [1/1] (0.00ns)   --->   "%cols = read i16 @_ssdm_op_Read.ap_auto.i16P0A, i16 %width" [C:/Users/hhhh/rekonfigi/video_passthrough_kria/video_passthrough_kria.runs/synth_1/prj/sol/.autopilot/db/v_tpg.cpp:883]   --->   Operation 19 'read' 'cols' <Predicate = true> <Delay = 0.00>
ST_1 : Operation 20 [1/1] (0.00ns)   --->   "%empty_144 = trunc i16 %cols" [C:/Users/hhhh/rekonfigi/video_passthrough_kria/video_passthrough_kria.runs/synth_1/prj/sol/.autopilot/db/v_tpg.cpp:883]   --->   Operation 20 'trunc' 'empty_144' <Predicate = true> <Delay = 0.00>
ST_1 : Operation 21 [1/1] (0.00ns)   --->   "%zext_ln883 = zext i11 %empty_144" [C:/Users/hhhh/rekonfigi/video_passthrough_kria/video_passthrough_kria.runs/synth_1/prj/sol/.autopilot/db/v_tpg.cpp:883]   --->   Operation 21 'zext' 'zext_ln883' <Predicate = true> <Delay = 0.00>
ST_1 : Operation 22 [1/1] (0.00ns)   --->   "%fidStored_load = load i1 %fidStored" [C:/Users/hhhh/rekonfigi/video_passthrough_kria/video_passthrough_kria.runs/synth_1/prj/sol/.autopilot/db/v_tpg.cpp:933]   --->   Operation 22 'load' 'fidStored_load' <Predicate = true> <Delay = 0.00>
ST_1 : Operation 23 [1/1] (0.00ns)   --->   "%write_ln933 = write void @_ssdm_op_Write.ap_auto.i1P0A, i1 %fid, i1 %fidStored_load" [C:/Users/hhhh/rekonfigi/video_passthrough_kria/video_passthrough_kria.runs/synth_1/prj/sol/.autopilot/db/v_tpg.cpp:933]   --->   Operation 23 'write' 'write_ln933' <Predicate = true> <Delay = 0.00>
ST_1 : Operation 24 [1/1] (0.79ns)   --->   "%sub = add i12 %zext_ln883, i12 4095" [C:/Users/hhhh/rekonfigi/video_passthrough_kria/video_passthrough_kria.runs/synth_1/prj/sol/.autopilot/db/v_tpg.cpp:883]   --->   Operation 24 'add' 'sub' <Predicate = true> <Delay = 0.79> <CoreInst = "Adder">   --->   Core 1 'Adder' <Latency = 0> <II = 1> <Delay = 0.80> <FuncUnit> <Opcode : 'add' 'sub'> <InPorts = 2> <OutPorts = 1>
ST_1 : Operation 25 [1/1] (0.00ns)   --->   "%colorFormat_read = read i8 @_ssdm_op_Read.ap_auto.i8P0A, i8 %colorFormat"   --->   Operation 25 'read' 'colorFormat_read' <Predicate = true> <Delay = 0.00>
ST_1 : Operation 26 [1/1] (0.00ns)   --->   "%field_id_read = read i16 @_ssdm_op_Read.ap_auto.i16P0A, i16 %field_id"   --->   Operation 26 'read' 'field_id_read' <Predicate = true> <Delay = 0.00>
ST_1 : Operation 27 [1/1] (0.00ns)   --->   "%fid_in_read = read i1 @_ssdm_op_Read.ap_auto.i1P0A, i1 %fid_in"   --->   Operation 27 'read' 'fid_in_read' <Predicate = true> <Delay = 0.00>
ST_1 : Operation 28 [1/1] (0.94ns)   --->   "%cmp21229 = icmp_eq  i11 %empty_144, i11 0" [C:/Users/hhhh/rekonfigi/video_passthrough_kria/video_passthrough_kria.runs/synth_1/prj/sol/.autopilot/db/v_tpg.cpp:883]   --->   Operation 28 'icmp' 'cmp21229' <Predicate = true> <Delay = 0.94> <CoreInst = "Cmp">   --->   Core 9 'Cmp' <Latency = 0> <II = 1> <Delay = 0.94> <FuncUnit> <Opcode : 'icmp'> <InPorts = 2> <OutPorts = 1>
ST_1 : Operation 29 [1/1] (0.00ns)   --->   "%counter_load = load i16 %counter" [C:/Users/hhhh/rekonfigi/video_passthrough_kria/video_passthrough_kria.runs/synth_1/prj/sol/.autopilot/db/v_tpg.cpp:960]   --->   Operation 29 'load' 'counter_load' <Predicate = true> <Delay = 0.00>
ST_1 : Operation 30 [1/1] (0.84ns)   --->   "%icmp_ln975 = icmp_eq  i8 %colorFormat_read, i8 0" [C:/Users/hhhh/rekonfigi/video_passthrough_kria/video_passthrough_kria.runs/synth_1/prj/sol/.autopilot/db/v_tpg.cpp:975]   --->   Operation 30 'icmp' 'icmp_ln975' <Predicate = true> <Delay = 0.84> <CoreInst = "Cmp">   --->   Core 9 'Cmp' <Latency = 0> <II = 1> <Delay = 0.84> <FuncUnit> <Opcode : 'icmp'> <InPorts = 2> <OutPorts = 1>
ST_1 : Operation 31 [1/1] (0.00ns)   --->   "%store_ln934 = store i16 %counter_load, i16 %counter_loc_0" [C:/Users/hhhh/rekonfigi/video_passthrough_kria/video_passthrough_kria.runs/synth_1/prj/sol/.autopilot/db/v_tpg.cpp:934]   --->   Operation 31 'store' 'store_ln934' <Predicate = true> <Delay = 0.00>
ST_1 : Operation 32 [1/1] (0.00ns)   --->   "%store_ln934 = store i1 %fidStored_load, i1 %empty" [C:/Users/hhhh/rekonfigi/video_passthrough_kria/video_passthrough_kria.runs/synth_1/prj/sol/.autopilot/db/v_tpg.cpp:934]   --->   Operation 32 'store' 'store_ln934' <Predicate = true> <Delay = 0.00>
ST_1 : Operation 33 [1/1] (0.42ns)   --->   "%store_ln934 = store i1 1, i1 %sof" [C:/Users/hhhh/rekonfigi/video_passthrough_kria/video_passthrough_kria.runs/synth_1/prj/sol/.autopilot/db/v_tpg.cpp:934]   --->   Operation 33 'store' 'store_ln934' <Predicate = true> <Delay = 0.42>
ST_1 : Operation 34 [1/1] (0.42ns)   --->   "%store_ln934 = store i11 0, i11 %i" [C:/Users/hhhh/rekonfigi/video_passthrough_kria/video_passthrough_kria.runs/synth_1/prj/sol/.autopilot/db/v_tpg.cpp:934]   --->   Operation 34 'store' 'store_ln934' <Predicate = true> <Delay = 0.42>
ST_1 : Operation 35 [1/1] (0.00ns)   --->   "%br_ln934 = br void %VITIS_LOOP_936_2" [C:/Users/hhhh/rekonfigi/video_passthrough_kria/video_passthrough_kria.runs/synth_1/prj/sol/.autopilot/db/v_tpg.cpp:934]   --->   Operation 35 'br' 'br_ln934' <Predicate = true> <Delay = 0.00>

State 2 <SV = 1> <Delay = 0.94>
ST_2 : Operation 36 [1/1] (0.00ns)   --->   "%i_1 = load i11 %i" [C:/Users/hhhh/rekonfigi/video_passthrough_kria/video_passthrough_kria.runs/synth_1/prj/sol/.autopilot/db/v_tpg.cpp:934]   --->   Operation 36 'load' 'i_1' <Predicate = true> <Delay = 0.00>
ST_2 : Operation 37 [1/1] (0.94ns)   --->   "%icmp_ln934 = icmp_eq  i11 %i_1, i11 %trunc_ln882" [C:/Users/hhhh/rekonfigi/video_passthrough_kria/video_passthrough_kria.runs/synth_1/prj/sol/.autopilot/db/v_tpg.cpp:934]   --->   Operation 37 'icmp' 'icmp_ln934' <Predicate = true> <Delay = 0.94> <CoreInst = "Cmp">   --->   Core 9 'Cmp' <Latency = 0> <II = 1> <Delay = 0.94> <FuncUnit> <Opcode : 'icmp'> <InPorts = 2> <OutPorts = 1>
ST_2 : Operation 38 [1/1] (0.00ns)   --->   "%speclooptripcount_ln0 = speclooptripcount void @_ssdm_op_SpecLoopTripCount, i64 0, i64 1080, i64 0"   --->   Operation 38 'speclooptripcount' 'speclooptripcount_ln0' <Predicate = true> <Delay = 0.00>
ST_2 : Operation 39 [1/1] (0.79ns)   --->   "%i_2 = add i11 %i_1, i11 1" [C:/Users/hhhh/rekonfigi/video_passthrough_kria/video_passthrough_kria.runs/synth_1/prj/sol/.autopilot/db/v_tpg.cpp:934]   --->   Operation 39 'add' 'i_2' <Predicate = true> <Delay = 0.79> <CoreInst = "Adder">   --->   Core 1 'Adder' <Latency = 0> <II = 1> <Delay = 0.79> <FuncUnit> <Opcode : 'add' 'sub'> <InPorts = 2> <OutPorts = 1>
ST_2 : Operation 40 [1/1] (0.00ns)   --->   "%br_ln934 = br i1 %icmp_ln934, void %VITIS_LOOP_936_2.split, void %for.end117.loopexit" [C:/Users/hhhh/rekonfigi/video_passthrough_kria/video_passthrough_kria.runs/synth_1/prj/sol/.autopilot/db/v_tpg.cpp:934]   --->   Operation 40 'br' 'br_ln934' <Predicate = true> <Delay = 0.00>
ST_2 : Operation 41 [1/1] (0.00ns)   --->   "%specloopname_ln928 = specloopname void @_ssdm_op_SpecLoopName, void @empty_5" [C:/Users/hhhh/rekonfigi/video_passthrough_kria/video_passthrough_kria.runs/synth_1/prj/sol/.autopilot/db/v_tpg.cpp:928]   --->   Operation 41 'specloopname' 'specloopname_ln928' <Predicate = (!icmp_ln934)> <Delay = 0.00>
ST_2 : Operation 42 [1/1] (0.00ns)   --->   "%br_ln936 = br i1 %cmp21229, void %for.body23.preheader, void %for.inc115" [C:/Users/hhhh/rekonfigi/video_passthrough_kria/video_passthrough_kria.runs/synth_1/prj/sol/.autopilot/db/v_tpg.cpp:936]   --->   Operation 42 'br' 'br_ln936' <Predicate = (!icmp_ln934)> <Delay = 0.00>
ST_2 : Operation 43 [1/1] (0.00ns)   --->   "%p_load = load i1 %empty"   --->   Operation 43 'load' 'p_load' <Predicate = (!icmp_ln934 & !cmp21229)> <Delay = 0.00>
ST_2 : Operation 44 [1/1] (0.00ns)   --->   "%empty_145 = wait i32 @_ssdm_op_Wait"   --->   Operation 44 'wait' 'empty_145' <Predicate = (!icmp_ln934 & !cmp21229)> <Delay = 0.00>
ST_2 : Operation 45 [1/1] (0.00ns)   --->   "%p_load1 = load i1 %empty" [C:/Users/hhhh/rekonfigi/video_passthrough_kria/video_passthrough_kria.runs/synth_1/prj/sol/.autopilot/db/v_tpg.cpp:1017]   --->   Operation 45 'load' 'p_load1' <Predicate = (icmp_ln934)> <Delay = 0.00>
ST_2 : Operation 46 [1/1] (0.00ns)   --->   "%store_ln1017 = store i1 %p_load1, i1 %fidStored" [C:/Users/hhhh/rekonfigi/video_passthrough_kria/video_passthrough_kria.runs/synth_1/prj/sol/.autopilot/db/v_tpg.cpp:1017]   --->   Operation 46 'store' 'store_ln1017' <Predicate = (icmp_ln934)> <Delay = 0.00>
ST_2 : Operation 47 [1/1] (0.00ns)   --->   "%ret_ln0 = ret"   --->   Operation 47 'ret' 'ret_ln0' <Predicate = (icmp_ln934)> <Delay = 0.00>

State 3 <SV = 2> <Delay = 0.42>
ST_3 : Operation 48 [1/1] (0.00ns)   --->   "%sof_load = load i1 %sof"   --->   Operation 48 'load' 'sof_load' <Predicate = true> <Delay = 0.00>
ST_3 : Operation 49 [2/2] (0.42ns)   --->   "%call_ln883 = call void @MultiPixStream2AXIvideo_Pipeline_VITIS_LOOP_936_2, i1 %sof_load, i1 %p_load, i11 %empty_144, i1 %fid_in_read, i1 %fid, i30 %ovrlayYUV, i1 %icmp_ln975, i32 %m_axis_video_V_data_V, i4 %m_axis_video_V_keep_V, i4 %m_axis_video_V_strb_V, i1 %m_axis_video_V_user_V, i1 %m_axis_video_V_last_V, i1 %m_axis_video_V_id_V, i1 %m_axis_video_V_dest_V, i16 %field_id_read, i12 %sub, i16 %counter_loc_0, i1 %empty, i16 %counter" [C:/Users/hhhh/rekonfigi/video_passthrough_kria/video_passthrough_kria.runs/synth_1/prj/sol/.autopilot/db/v_tpg.cpp:883]   --->   Operation 49 'call' 'call_ln883' <Predicate = true> <Delay = 0.42> <CoreType = "Generic">   --->   Core 0 '' <Latency = 0> <II = 1> <Delay = 1.00> <Generic> <Opcode : >

State 4 <SV = 3> <Delay = 1.86>
ST_4 : Operation 50 [1/2] (1.86ns)   --->   "%call_ln883 = call void @MultiPixStream2AXIvideo_Pipeline_VITIS_LOOP_936_2, i1 %sof_load, i1 %p_load, i11 %empty_144, i1 %fid_in_read, i1 %fid, i30 %ovrlayYUV, i1 %icmp_ln975, i32 %m_axis_video_V_data_V, i4 %m_axis_video_V_keep_V, i4 %m_axis_video_V_strb_V, i1 %m_axis_video_V_user_V, i1 %m_axis_video_V_last_V, i1 %m_axis_video_V_id_V, i1 %m_axis_video_V_dest_V, i16 %field_id_read, i12 %sub, i16 %counter_loc_0, i1 %empty, i16 %counter" [C:/Users/hhhh/rekonfigi/video_passthrough_kria/video_passthrough_kria.runs/synth_1/prj/sol/.autopilot/db/v_tpg.cpp:883]   --->   Operation 50 'call' 'call_ln883' <Predicate = (!cmp21229)> <Delay = 1.86> <CoreType = "Generic">   --->   Core 0 '' <Latency = 0> <II = 1> <Delay = 1.00> <Generic> <Opcode : >
ST_4 : Operation 51 [1/1] (0.42ns)   --->   "%store_ln0 = store i1 0, i1 %sof"   --->   Operation 51 'store' 'store_ln0' <Predicate = (!cmp21229)> <Delay = 0.42>
ST_4 : Operation 52 [1/1] (0.00ns)   --->   "%br_ln0 = br void %for.inc115"   --->   Operation 52 'br' 'br_ln0' <Predicate = (!cmp21229)> <Delay = 0.00>
ST_4 : Operation 53 [1/1] (0.42ns)   --->   "%store_ln934 = store i11 %i_2, i11 %i" [C:/Users/hhhh/rekonfigi/video_passthrough_kria/video_passthrough_kria.runs/synth_1/prj/sol/.autopilot/db/v_tpg.cpp:934]   --->   Operation 53 'store' 'store_ln934' <Predicate = true> <Delay = 0.42>
ST_4 : Operation 54 [1/1] (0.00ns)   --->   "%br_ln934 = br void %VITIS_LOOP_936_2" [C:/Users/hhhh/rekonfigi/video_passthrough_kria/video_passthrough_kria.runs/synth_1/prj/sol/.autopilot/db/v_tpg.cpp:934]   --->   Operation 54 'br' 'br_ln934' <Predicate = true> <Delay = 0.00>


============================================================
+ Verbose Summary: Binding
============================================================
STG Binding: 
---------------- STG Properties BEGIN ----------------
- Is combinational: 0
- Is one-state seq: 0
- Is datapath-only: 0
- Is pipelined: 0
- Is top level: 0
Port [ Return ] is wired: 1; IO mode=ap_ctrl_hs:ce=0
Port [ ovrlayYUV]:  wired=1; compound=1; hidden=0; nouse=0; global=0; static=0; extern=0; dir=0; type=3; pingpong=0; private_global=0; IO mode=ap_fifo:ce=0
Port [ m_axis_video_V_data_V]:  wired=1; compound=1; hidden=0; nouse=0; global=0; static=0; extern=0; dir=1; type=0; pingpong=0; private_global=0; IO mode=axis:ce=0
Port [ m_axis_video_V_keep_V]:  wired=1; compound=1; hidden=0; nouse=0; global=0; static=0; extern=0; dir=1; type=0; pingpong=0; private_global=0; IO mode=axis:ce=0
Port [ m_axis_video_V_strb_V]:  wired=1; compound=1; hidden=0; nouse=0; global=0; static=0; extern=0; dir=1; type=0; pingpong=0; private_global=0; IO mode=axis:ce=0
Port [ m_axis_video_V_user_V]:  wired=1; compound=1; hidden=0; nouse=0; global=0; static=0; extern=0; dir=1; type=0; pingpong=0; private_global=0; IO mode=axis:ce=0
Port [ m_axis_video_V_last_V]:  wired=1; compound=1; hidden=0; nouse=0; global=0; static=0; extern=0; dir=1; type=0; pingpong=0; private_global=0; IO mode=axis:ce=0
Port [ m_axis_video_V_id_V]:  wired=1; compound=1; hidden=0; nouse=0; global=0; static=0; extern=0; dir=1; type=0; pingpong=0; private_global=0; IO mode=axis:ce=0
Port [ m_axis_video_V_dest_V]:  wired=1; compound=1; hidden=0; nouse=0; global=0; static=0; extern=0; dir=1; type=0; pingpong=0; private_global=0; IO mode=axis:ce=0
Port [ height]:  wired=1; compound=0; hidden=0; nouse=0; global=0; static=0; extern=0; dir=0; type=0; pingpong=0; private_global=0; IO mode=ap_stable:ce=0
Port [ width]:  wired=1; compound=0; hidden=0; nouse=0; global=0; static=0; extern=0; dir=0; type=0; pingpong=0; private_global=0; IO mode=ap_stable:ce=0
Port [ colorFormat]:  wired=1; compound=0; hidden=0; nouse=0; global=0; static=0; extern=0; dir=0; type=0; pingpong=0; private_global=0; IO mode=ap_stable:ce=0
Port [ fid_in]:  wired=1; compound=0; hidden=0; nouse=0; global=0; static=0; extern=0; dir=0; type=0; pingpong=0; private_global=0; IO mode=ap_stable:ce=0
Port [ fid]:  wired=1; compound=0; hidden=0; nouse=0; global=0; static=0; extern=0; dir=1; type=0; pingpong=0; private_global=0; IO mode=ap_vld:ce=0
Port [ field_id]:  wired=1; compound=0; hidden=0; nouse=0; global=0; static=0; extern=0; dir=0; type=0; pingpong=0; private_global=0; IO mode=ap_stable:ce=0
Port [ fidStored]:  wired=0; compound=0; hidden=1; nouse=0; global=1; static=1; extern=0; dir=2; type=0; pingpong=0; private_global=1; IO mode=ap_ovld:ce=0
Port [ counter]:  wired=0; compound=0; hidden=1; nouse=0; global=1; static=1; extern=0; dir=2; type=0; pingpong=0; private_global=1; IO mode=ap_ovld:ce=0
---------------- STG Properties END ------------------

---------------- Datapath Model BEGIN ----------------

<LifeTime>
<method=bitvector/>
i                       (alloca             ) [ 01111]
sof                     (alloca             ) [ 01111]
empty                   (alloca             ) [ 01111]
counter_loc_0           (alloca             ) [ 01111]
specaxissidechannel_ln0 (specaxissidechannel) [ 00000]
specstablecontent_ln0   (specstablecontent  ) [ 00000]
specstablecontent_ln0   (specstablecontent  ) [ 00000]
specstablecontent_ln0   (specstablecontent  ) [ 00000]
specstablecontent_ln0   (specstablecontent  ) [ 00000]
specstablecontent_ln0   (specstablecontent  ) [ 00000]
specinterface_ln0       (specinterface      ) [ 00000]
specinterface_ln0       (specinterface      ) [ 00000]
rows                    (read               ) [ 00000]
trunc_ln882             (trunc              ) [ 00111]
cols                    (read               ) [ 00000]
empty_144               (trunc              ) [ 00111]
zext_ln883              (zext               ) [ 00000]
fidStored_load          (load               ) [ 00000]
write_ln933             (write              ) [ 00000]
sub                     (add                ) [ 00111]
colorFormat_read        (read               ) [ 00000]
field_id_read           (read               ) [ 00111]
fid_in_read             (read               ) [ 00111]
cmp21229                (icmp               ) [ 00111]
counter_load            (load               ) [ 00000]
icmp_ln975              (icmp               ) [ 00111]
store_ln934             (store              ) [ 00000]
store_ln934             (store              ) [ 00000]
store_ln934             (store              ) [ 00000]
store_ln934             (store              ) [ 00000]
br_ln934                (br                 ) [ 00000]
i_1                     (load               ) [ 00000]
icmp_ln934              (icmp               ) [ 00111]
speclooptripcount_ln0   (speclooptripcount  ) [ 00000]
i_2                     (add                ) [ 00011]
br_ln934                (br                 ) [ 00000]
specloopname_ln928      (specloopname       ) [ 00000]
br_ln936                (br                 ) [ 00000]
p_load                  (load               ) [ 00011]
empty_145               (wait               ) [ 00000]
p_load1                 (load               ) [ 00000]
store_ln1017            (store              ) [ 00000]
ret_ln0                 (ret                ) [ 00000]
sof_load                (load               ) [ 00101]
call_ln883              (call               ) [ 00000]
store_ln0               (store              ) [ 00000]
br_ln0                  (br                 ) [ 00000]
store_ln934             (store              ) [ 00000]
br_ln934                (br                 ) [ 00000]
</LifeTime>

<model>

<comp_list>
<comp id="0" class="1000" name="ovrlayYUV">
<pin_list>
<pin id="1" dir="1" index="0" bw="1" slack="0"/>
</pin_list>
<bind>
<StgValue><ssdm name="ovrlayYUV"/></StgValue>
</bind>
</comp>

<comp id="2" class="1000" name="m_axis_video_V_data_V">
<pin_list>
<pin id="3" dir="1" index="0" bw="1" slack="0"/>
</pin_list>
<bind>
<StgValue><ssdm name="m_axis_video_V_data_V"/></StgValue>
</bind>
</comp>

<comp id="4" class="1000" name="m_axis_video_V_keep_V">
<pin_list>
<pin id="5" dir="1" index="0" bw="1" slack="0"/>
</pin_list>
<bind>
<StgValue><ssdm name="m_axis_video_V_keep_V"/></StgValue>
</bind>
</comp>

<comp id="6" class="1000" name="m_axis_video_V_strb_V">
<pin_list>
<pin id="7" dir="1" index="0" bw="1" slack="0"/>
</pin_list>
<bind>
<StgValue><ssdm name="m_axis_video_V_strb_V"/></StgValue>
</bind>
</comp>

<comp id="8" class="1000" name="m_axis_video_V_user_V">
<pin_list>
<pin id="9" dir="1" index="0" bw="1" slack="0"/>
</pin_list>
<bind>
<StgValue><ssdm name="m_axis_video_V_user_V"/></StgValue>
</bind>
</comp>

<comp id="10" class="1000" name="m_axis_video_V_last_V">
<pin_list>
<pin id="11" dir="1" index="0" bw="1" slack="0"/>
</pin_list>
<bind>
<StgValue><ssdm name="m_axis_video_V_last_V"/></StgValue>
</bind>
</comp>

<comp id="12" class="1000" name="m_axis_video_V_id_V">
<pin_list>
<pin id="13" dir="1" index="0" bw="1" slack="0"/>
</pin_list>
<bind>
<StgValue><ssdm name="m_axis_video_V_id_V"/></StgValue>
</bind>
</comp>

<comp id="14" class="1000" name="m_axis_video_V_dest_V">
<pin_list>
<pin id="15" dir="1" index="0" bw="1" slack="0"/>
</pin_list>
<bind>
<StgValue><ssdm name="m_axis_video_V_dest_V"/></StgValue>
</bind>
</comp>

<comp id="16" class="1000" name="height">
<pin_list>
<pin id="17" dir="1" index="0" bw="1" slack="0"/>
</pin_list>
<bind>
<StgValue><ssdm name="height"/></StgValue>
</bind>
</comp>

<comp id="18" class="1000" name="width">
<pin_list>
<pin id="19" dir="1" index="0" bw="1" slack="0"/>
</pin_list>
<bind>
<StgValue><ssdm name="width"/></StgValue>
</bind>
</comp>

<comp id="20" class="1000" name="colorFormat">
<pin_list>
<pin id="21" dir="1" index="0" bw="1" slack="0"/>
</pin_list>
<bind>
<StgValue><ssdm name="colorFormat"/></StgValue>
</bind>
</comp>

<comp id="22" class="1000" name="fid_in">
<pin_list>
<pin id="23" dir="1" index="0" bw="1" slack="0"/>
</pin_list>
<bind>
<StgValue><ssdm name="fid_in"/></StgValue>
</bind>
</comp>

<comp id="24" class="1000" name="fid">
<pin_list>
<pin id="25" dir="1" index="0" bw="1" slack="0"/>
</pin_list>
<bind>
<StgValue><ssdm name="fid"/></StgValue>
</bind>
</comp>

<comp id="26" class="1000" name="field_id">
<pin_list>
<pin id="27" dir="1" index="0" bw="1" slack="0"/>
</pin_list>
<bind>
<StgValue><ssdm name="field_id"/></StgValue>
</bind>
</comp>

<comp id="28" class="1000" name="fidStored">
<pin_list>
<pin id="29" dir="1" index="0" bw="1" slack="0"/>
</pin_list>
<bind>
<StgValue><ssdm name="fidStored"/></StgValue>
</bind>
</comp>

<comp id="30" class="1000" name="counter">
<pin_list>
<pin id="31" dir="1" index="0" bw="1" slack="0"/>
</pin_list>
<bind>
<StgValue><ssdm name="counter"/></StgValue>
</bind>
</comp>

<comp id="32" class="1001" name="const_32">
<pin_list>
<pin id="33" dir="1" index="0" bw="1" slack="0"/>
</pin_list>
<bind>
<StgValue><ssdm name=""/></StgValue>
</bind>
</comp>

<comp id="34" class="1001" name="const_34">
<pin_list>
<pin id="35" dir="1" index="0" bw="1" slack="2147483647"/>
</pin_list>
<bind>
<StgValue><ssdm name="_ssdm_op_SpecAXISSideChannel"/></StgValue>
</bind>
</comp>

<comp id="36" class="1001" name="const_36">
<pin_list>
<pin id="37" dir="1" index="0" bw="1" slack="2147483647"/>
</pin_list>
<bind>
<StgValue><ssdm name="empty_20"/></StgValue>
</bind>
</comp>

<comp id="38" class="1001" name="const_38">
<pin_list>
<pin id="39" dir="1" index="0" bw="1" slack="2147483647"/>
</pin_list>
<bind>
<StgValue><ssdm name="_ssdm_op_SpecStableContent"/></StgValue>
</bind>
</comp>

<comp id="40" class="1001" name="const_40">
<pin_list>
<pin id="41" dir="1" index="0" bw="1" slack="2147483647"/>
</pin_list>
<bind>
<StgValue><ssdm name=""/></StgValue>
</bind>
</comp>

<comp id="42" class="1001" name="const_42">
<pin_list>
<pin id="43" dir="1" index="0" bw="1" slack="2147483647"/>
</pin_list>
<bind>
<StgValue><ssdm name="_ssdm_op_SpecInterface"/></StgValue>
</bind>
</comp>

<comp id="44" class="1001" name="const_44">
<pin_list>
<pin id="45" dir="1" index="0" bw="1" slack="2147483647"/>
</pin_list>
<bind>
<StgValue><ssdm name="empty_17"/></StgValue>
</bind>
</comp>

<comp id="46" class="1001" name="const_46">
<pin_list>
<pin id="47" dir="1" index="0" bw="1" slack="2147483647"/>
</pin_list>
<bind>
<StgValue><ssdm name=""/></StgValue>
</bind>
</comp>

<comp id="48" class="1001" name="const_48">
<pin_list>
<pin id="49" dir="1" index="0" bw="1" slack="2147483647"/>
</pin_list>
<bind>
<StgValue><ssdm name="empty_28"/></StgValue>
</bind>
</comp>

<comp id="50" class="1001" name="const_50">
<pin_list>
<pin id="51" dir="1" index="0" bw="1" slack="2147483647"/>
</pin_list>
<bind>
<StgValue><ssdm name=""/></StgValue>
</bind>
</comp>

<comp id="52" class="1001" name="const_52">
<pin_list>
<pin id="53" dir="1" index="0" bw="1" slack="2147483647"/>
</pin_list>
<bind>
<StgValue><ssdm name="empty_18"/></StgValue>
</bind>
</comp>

<comp id="54" class="1001" name="const_54">
<pin_list>
<pin id="55" dir="1" index="0" bw="1" slack="2147483647"/>
</pin_list>
<bind>
<StgValue><ssdm name="empty_27"/></StgValue>
</bind>
</comp>

<comp id="56" class="1001" name="const_56">
<pin_list>
<pin id="57" dir="1" index="0" bw="1" slack="0"/>
</pin_list>
<bind>
<StgValue><ssdm name="_ssdm_op_Read.ap_auto.i16P0A"/></StgValue>
</bind>
</comp>

<comp id="58" class="1001" name="const_58">
<pin_list>
<pin id="59" dir="1" index="0" bw="1" slack="0"/>
</pin_list>
<bind>
<StgValue><ssdm name="_ssdm_op_Write.ap_auto.i1P0A"/></StgValue>
</bind>
</comp>

<comp id="60" class="1001" name="const_60">
<pin_list>
<pin id="61" dir="1" index="0" bw="1" slack="0"/>
</pin_list>
<bind>
<StgValue><ssdm name=""/></StgValue>
</bind>
</comp>

<comp id="62" class="1001" name="const_62">
<pin_list>
<pin id="63" dir="1" index="0" bw="1" slack="0"/>
</pin_list>
<bind>
<StgValue><ssdm name="_ssdm_op_Read.ap_auto.i8P0A"/></StgValue>
</bind>
</comp>

<comp id="64" class="1001" name="const_64">
<pin_list>
<pin id="65" dir="1" index="0" bw="1" slack="0"/>
</pin_list>
<bind>
<StgValue><ssdm name="_ssdm_op_Read.ap_auto.i1P0A"/></StgValue>
</bind>
</comp>

<comp id="66" class="1001" name="const_66">
<pin_list>
<pin id="67" dir="1" index="0" bw="1" slack="0"/>
</pin_list>
<bind>
<StgValue><ssdm name=""/></StgValue>
</bind>
</comp>

<comp id="68" class="1001" name="const_68">
<pin_list>
<pin id="69" dir="1" index="0" bw="1" slack="0"/>
</pin_list>
<bind>
<StgValue><ssdm name=""/></StgValue>
</bind>
</comp>

<comp id="70" class="1001" name="const_70">
<pin_list>
<pin id="71" dir="1" index="0" bw="1" slack="0"/>
</pin_list>
<bind>
<StgValue><ssdm name=""/></StgValue>
</bind>
</comp>

<comp id="72" class="1001" name="const_72">
<pin_list>
<pin id="73" dir="1" index="0" bw="1" slack="2147483647"/>
</pin_list>
<bind>
<StgValue><ssdm name="_ssdm_op_SpecLoopTripCount"/></StgValue>
</bind>
</comp>

<comp id="74" class="1001" name="const_74">
<pin_list>
<pin id="75" dir="1" index="0" bw="1" slack="2147483647"/>
</pin_list>
<bind>
<StgValue><ssdm name=""/></StgValue>
</bind>
</comp>

<comp id="76" class="1001" name="const_76">
<pin_list>
<pin id="77" dir="1" index="0" bw="1" slack="2147483647"/>
</pin_list>
<bind>
<StgValue><ssdm name=""/></StgValue>
</bind>
</comp>

<comp id="78" class="1001" name="const_78">
<pin_list>
<pin id="79" dir="1" index="0" bw="1" slack="0"/>
</pin_list>
<bind>
<StgValue><ssdm name=""/></StgValue>
</bind>
</comp>

<comp id="80" class="1001" name="const_80">
<pin_list>
<pin id="81" dir="1" index="0" bw="1" slack="2147483647"/>
</pin_list>
<bind>
<StgValue><ssdm name="_ssdm_op_SpecLoopName"/></StgValue>
</bind>
</comp>

<comp id="82" class="1001" name="const_82">
<pin_list>
<pin id="83" dir="1" index="0" bw="1" slack="2147483647"/>
</pin_list>
<bind>
<StgValue><ssdm name="empty_5"/></StgValue>
</bind>
</comp>

<comp id="84" class="1001" name="const_84">
<pin_list>
<pin id="85" dir="1" index="0" bw="1" slack="2147483647"/>
</pin_list>
<bind>
<StgValue><ssdm name="_ssdm_op_Wait"/></StgValue>
</bind>
</comp>

<comp id="86" class="1001" name="const_86">
<pin_list>
<pin id="87" dir="1" index="0" bw="1" slack="0"/>
</pin_list>
<bind>
<StgValue><ssdm name="MultiPixStream2AXIvideo_Pipeline_VITIS_LOOP_936_2"/></StgValue>
</bind>
</comp>

<comp id="88" class="1001" name="const_88">
<pin_list>
<pin id="89" dir="1" index="0" bw="1" slack="0"/>
</pin_list>
<bind>
<StgValue><ssdm name=""/></StgValue>
</bind>
</comp>

<comp id="90" class="1004" name="i_fu_90">
<pin_list>
<pin id="91" dir="0" index="0" bw="1" slack="0"/>
<pin id="92" dir="1" index="1" bw="11" slack="0"/>
</pin_list>
<bind>
<opcode="alloca(26) " fcode="alloca"/>
<opset="i/1 "/>
</bind>
</comp>

<comp id="94" class="1004" name="sof_fu_94">
<pin_list>
<pin id="95" dir="0" index="0" bw="1" slack="0"/>
<pin id="96" dir="1" index="1" bw="1" slack="0"/>
</pin_list>
<bind>
<opcode="alloca(26) " fcode="alloca"/>
<opset="sof/1 "/>
</bind>
</comp>

<comp id="98" class="1004" name="empty_fu_98">
<pin_list>
<pin id="99" dir="0" index="0" bw="1" slack="0"/>
<pin id="100" dir="1" index="1" bw="1" slack="0"/>
</pin_list>
<bind>
<opcode="alloca(26) " fcode="alloca"/>
<opset="empty/1 "/>
</bind>
</comp>

<comp id="102" class="1004" name="counter_loc_0_fu_102">
<pin_list>
<pin id="103" dir="0" index="0" bw="1" slack="0"/>
<pin id="104" dir="1" index="1" bw="16" slack="0"/>
</pin_list>
<bind>
<opcode="alloca(26) " fcode="alloca"/>
<opset="counter_loc_0/1 "/>
</bind>
</comp>

<comp id="106" class="1004" name="rows_read_fu_106">
<pin_list>
<pin id="107" dir="0" index="0" bw="16" slack="0"/>
<pin id="108" dir="0" index="1" bw="16" slack="0"/>
<pin id="109" dir="1" index="2" bw="16" slack="0"/>
</pin_list>
<bind>
<opcode="read(1150) " fcode="read"/>
<opset="rows/1 "/>
</bind>
</comp>

<comp id="112" class="1004" name="cols_read_fu_112">
<pin_list>
<pin id="113" dir="0" index="0" bw="16" slack="0"/>
<pin id="114" dir="0" index="1" bw="16" slack="0"/>
<pin id="115" dir="1" index="2" bw="16" slack="0"/>
</pin_list>
<bind>
<opcode="read(1150) " fcode="read"/>
<opset="cols/1 "/>
</bind>
</comp>

<comp id="118" class="1004" name="write_ln933_write_fu_118">
<pin_list>
<pin id="119" dir="0" index="0" bw="0" slack="0"/>
<pin id="120" dir="0" index="1" bw="1" slack="0"/>
<pin id="121" dir="0" index="2" bw="1" slack="0"/>
<pin id="122" dir="1" index="3" bw="0" slack="2147483647"/>
</pin_list>
<bind>
<opcode="write(1151) " fcode="write"/>
<opset="write_ln933/1 "/>
</bind>
</comp>

<comp id="125" class="1004" name="colorFormat_read_read_fu_125">
<pin_list>
<pin id="126" dir="0" index="0" bw="8" slack="0"/>
<pin id="127" dir="0" index="1" bw="8" slack="0"/>
<pin id="128" dir="1" index="2" bw="8" slack="0"/>
</pin_list>
<bind>
<opcode="read(1150) " fcode="read"/>
<opset="colorFormat_read/1 "/>
</bind>
</comp>

<comp id="131" class="1004" name="field_id_read_read_fu_131">
<pin_list>
<pin id="132" dir="0" index="0" bw="16" slack="0"/>
<pin id="133" dir="0" index="1" bw="16" slack="0"/>
<pin id="134" dir="1" index="2" bw="16" slack="2"/>
</pin_list>
<bind>
<opcode="read(1150) " fcode="read"/>
<opset="field_id_read/1 "/>
</bind>
</comp>

<comp id="137" class="1004" name="fid_in_read_read_fu_137">
<pin_list>
<pin id="138" dir="0" index="0" bw="1" slack="0"/>
<pin id="139" dir="0" index="1" bw="1" slack="0"/>
<pin id="140" dir="1" index="2" bw="1" slack="2"/>
</pin_list>
<bind>
<opcode="read(1150) " fcode="read"/>
<opset="fid_in_read/1 "/>
</bind>
</comp>

<comp id="143" class="1004" name="grp_MultiPixStream2AXIvideo_Pipeline_VITIS_LOOP_936_2_fu_143">
<pin_list>
<pin id="144" dir="0" index="0" bw="0" slack="0"/>
<pin id="145" dir="0" index="1" bw="1" slack="0"/>
<pin id="146" dir="0" index="2" bw="1" slack="1"/>
<pin id="147" dir="0" index="3" bw="11" slack="2"/>
<pin id="148" dir="0" index="4" bw="1" slack="2"/>
<pin id="149" dir="0" index="5" bw="1" slack="0"/>
<pin id="150" dir="0" index="6" bw="30" slack="0"/>
<pin id="151" dir="0" index="7" bw="1" slack="2"/>
<pin id="152" dir="0" index="8" bw="32" slack="0"/>
<pin id="153" dir="0" index="9" bw="4" slack="0"/>
<pin id="154" dir="0" index="10" bw="4" slack="0"/>
<pin id="155" dir="0" index="11" bw="1" slack="0"/>
<pin id="156" dir="0" index="12" bw="1" slack="0"/>
<pin id="157" dir="0" index="13" bw="1" slack="0"/>
<pin id="158" dir="0" index="14" bw="1" slack="0"/>
<pin id="159" dir="0" index="15" bw="16" slack="2"/>
<pin id="160" dir="0" index="16" bw="12" slack="2"/>
<pin id="161" dir="0" index="17" bw="16" slack="2"/>
<pin id="162" dir="0" index="18" bw="1" slack="2"/>
<pin id="163" dir="0" index="19" bw="16" slack="0"/>
<pin id="164" dir="1" index="20" bw="0" slack="2147483647"/>
</pin_list>
<bind>
<opcode="call(48) " fcode="call"/>
<opset="call_ln883/3 "/>
</bind>
</comp>

<comp id="176" class="1004" name="grp_load_fu_176">
<pin_list>
<pin id="177" dir="0" index="0" bw="1" slack="1"/>
<pin id="178" dir="1" index="1" bw="1" slack="0"/>
</pin_list>
<bind>
<opcode="load(27) " fcode="load"/>
<opset="p_load/2 p_load1/2 "/>
</bind>
</comp>

<comp id="179" class="1004" name="trunc_ln882_fu_179">
<pin_list>
<pin id="180" dir="0" index="0" bw="16" slack="0"/>
<pin id="181" dir="1" index="1" bw="11" slack="1"/>
</pin_list>
<bind>
<opcode="trunc(33) " fcode="trunc"/>
<opset="trunc_ln882/1 "/>
</bind>
</comp>

<comp id="183" class="1004" name="empty_144_fu_183">
<pin_list>
<pin id="184" dir="0" index="0" bw="16" slack="0"/>
<pin id="185" dir="1" index="1" bw="11" slack="0"/>
</pin_list>
<bind>
<opcode="trunc(33) " fcode="trunc"/>
<opset="empty_144/1 "/>
</bind>
</comp>

<comp id="187" class="1004" name="zext_ln883_fu_187">
<pin_list>
<pin id="188" dir="0" index="0" bw="11" slack="0"/>
<pin id="189" dir="1" index="1" bw="12" slack="0"/>
</pin_list>
<bind>
<opcode="zext(34) " fcode="zext"/>
<opset="zext_ln883/1 "/>
</bind>
</comp>

<comp id="191" class="1004" name="fidStored_load_load_fu_191">
<pin_list>
<pin id="192" dir="0" index="0" bw="1" slack="0"/>
<pin id="193" dir="1" index="1" bw="1" slack="0"/>
</pin_list>
<bind>
<opcode="load(27) " fcode="load"/>
<opset="fidStored_load/1 "/>
</bind>
</comp>

<comp id="196" class="1004" name="sub_fu_196">
<pin_list>
<pin id="197" dir="0" index="0" bw="11" slack="0"/>
<pin id="198" dir="0" index="1" bw="1" slack="0"/>
<pin id="199" dir="1" index="2" bw="12" slack="2"/>
</pin_list>
<bind>
<opcode="add(8) " fcode="add"/>
<opset="sub/1 "/>
</bind>
</comp>

<comp id="202" class="1004" name="cmp21229_fu_202">
<pin_list>
<pin id="203" dir="0" index="0" bw="11" slack="0"/>
<pin id="204" dir="0" index="1" bw="11" slack="0"/>
<pin id="205" dir="1" index="2" bw="1" slack="1"/>
</pin_list>
<bind>
<opcode="icmp(45) " fcode="icmp"/>
<opset="cmp21229/1 "/>
</bind>
</comp>

<comp id="208" class="1004" name="counter_load_load_fu_208">
<pin_list>
<pin id="209" dir="0" index="0" bw="16" slack="0"/>
<pin id="210" dir="1" index="1" bw="16" slack="0"/>
</pin_list>
<bind>
<opcode="load(27) " fcode="load"/>
<opset="counter_load/1 "/>
</bind>
</comp>

<comp id="212" class="1004" name="icmp_ln975_fu_212">
<pin_list>
<pin id="213" dir="0" index="0" bw="8" slack="0"/>
<pin id="214" dir="0" index="1" bw="8" slack="0"/>
<pin id="215" dir="1" index="2" bw="1" slack="2"/>
</pin_list>
<bind>
<opcode="icmp(45) " fcode="icmp"/>
<opset="icmp_ln975/1 "/>
</bind>
</comp>

<comp id="218" class="1004" name="store_ln934_store_fu_218">
<pin_list>
<pin id="219" dir="0" index="0" bw="16" slack="0"/>
<pin id="220" dir="0" index="1" bw="16" slack="0"/>
<pin id="221" dir="1" index="2" bw="0" slack="2147483647"/>
</pin_list>
<bind>
<opcode="store(28) " fcode="store"/>
<opset="store_ln934/1 "/>
</bind>
</comp>

<comp id="223" class="1004" name="store_ln934_store_fu_223">
<pin_list>
<pin id="224" dir="0" index="0" bw="1" slack="0"/>
<pin id="225" dir="0" index="1" bw="1" slack="0"/>
<pin id="226" dir="1" index="2" bw="0" slack="2147483647"/>
</pin_list>
<bind>
<opcode="store(28) " fcode="store"/>
<opset="store_ln934/1 "/>
</bind>
</comp>

<comp id="228" class="1004" name="store_ln934_store_fu_228">
<pin_list>
<pin id="229" dir="0" index="0" bw="1" slack="0"/>
<pin id="230" dir="0" index="1" bw="1" slack="0"/>
<pin id="231" dir="1" index="2" bw="0" slack="2147483647"/>
</pin_list>
<bind>
<opcode="store(28) " fcode="store"/>
<opset="store_ln934/1 "/>
</bind>
</comp>

<comp id="233" class="1004" name="store_ln934_store_fu_233">
<pin_list>
<pin id="234" dir="0" index="0" bw="1" slack="0"/>
<pin id="235" dir="0" index="1" bw="11" slack="0"/>
<pin id="236" dir="1" index="2" bw="0" slack="2147483647"/>
</pin_list>
<bind>
<opcode="store(28) " fcode="store"/>
<opset="store_ln934/1 "/>
</bind>
</comp>

<comp id="238" class="1004" name="i_1_load_fu_238">
<pin_list>
<pin id="239" dir="0" index="0" bw="11" slack="1"/>
<pin id="240" dir="1" index="1" bw="11" slack="0"/>
</pin_list>
<bind>
<opcode="load(27) " fcode="load"/>
<opset="i_1/2 "/>
</bind>
</comp>

<comp id="241" class="1004" name="icmp_ln934_fu_241">
<pin_list>
<pin id="242" dir="0" index="0" bw="11" slack="0"/>
<pin id="243" dir="0" index="1" bw="11" slack="1"/>
<pin id="244" dir="1" index="2" bw="1" slack="2147483647"/>
</pin_list>
<bind>
<opcode="icmp(45) " fcode="icmp"/>
<opset="icmp_ln934/2 "/>
</bind>
</comp>

<comp id="246" class="1004" name="i_2_fu_246">
<pin_list>
<pin id="247" dir="0" index="0" bw="11" slack="0"/>
<pin id="248" dir="0" index="1" bw="1" slack="0"/>
<pin id="249" dir="1" index="2" bw="11" slack="2"/>
</pin_list>
<bind>
<opcode="add(8) " fcode="add"/>
<opset="i_2/2 "/>
</bind>
</comp>

<comp id="252" class="1004" name="store_ln1017_store_fu_252">
<pin_list>
<pin id="253" dir="0" index="0" bw="1" slack="0"/>
<pin id="254" dir="0" index="1" bw="1" slack="0"/>
<pin id="255" dir="1" index="2" bw="0" slack="2147483647"/>
</pin_list>
<bind>
<opcode="store(28) " fcode="store"/>
<opset="store_ln1017/2 "/>
</bind>
</comp>

<comp id="258" class="1004" name="sof_load_load_fu_258">
<pin_list>
<pin id="259" dir="0" index="0" bw="1" slack="2"/>
<pin id="260" dir="1" index="1" bw="1" slack="0"/>
</pin_list>
<bind>
<opcode="load(27) " fcode="load"/>
<opset="sof_load/3 "/>
</bind>
</comp>

<comp id="262" class="1004" name="store_ln0_store_fu_262">
<pin_list>
<pin id="263" dir="0" index="0" bw="1" slack="0"/>
<pin id="264" dir="0" index="1" bw="1" slack="3"/>
<pin id="265" dir="1" index="2" bw="0" slack="2147483647"/>
</pin_list>
<bind>
<opcode="store(28) " fcode="store"/>
<opset="store_ln0/4 "/>
</bind>
</comp>

<comp id="267" class="1004" name="store_ln934_store_fu_267">
<pin_list>
<pin id="268" dir="0" index="0" bw="11" slack="2"/>
<pin id="269" dir="0" index="1" bw="11" slack="3"/>
<pin id="270" dir="1" index="2" bw="0" slack="2147483647"/>
</pin_list>
<bind>
<opcode="store(28) " fcode="store"/>
<opset="store_ln934/4 "/>
</bind>
</comp>

<comp id="271" class="1005" name="i_reg_271">
<pin_list>
<pin id="272" dir="0" index="0" bw="11" slack="0"/>
<pin id="273" dir="1" index="1" bw="11" slack="0"/>
</pin_list>
<bind>
<opset="i "/>
</bind>
</comp>

<comp id="278" class="1005" name="sof_reg_278">
<pin_list>
<pin id="279" dir="0" index="0" bw="1" slack="0"/>
<pin id="280" dir="1" index="1" bw="1" slack="0"/>
</pin_list>
<bind>
<opset="sof "/>
</bind>
</comp>

<comp id="285" class="1005" name="empty_reg_285">
<pin_list>
<pin id="286" dir="0" index="0" bw="1" slack="0"/>
<pin id="287" dir="1" index="1" bw="1" slack="0"/>
</pin_list>
<bind>
<opset="empty "/>
</bind>
</comp>

<comp id="292" class="1005" name="counter_loc_0_reg_292">
<pin_list>
<pin id="293" dir="0" index="0" bw="16" slack="0"/>
<pin id="294" dir="1" index="1" bw="16" slack="0"/>
</pin_list>
<bind>
<opset="counter_loc_0 "/>
</bind>
</comp>

<comp id="298" class="1005" name="trunc_ln882_reg_298">
<pin_list>
<pin id="299" dir="0" index="0" bw="11" slack="1"/>
<pin id="300" dir="1" index="1" bw="11" slack="1"/>
</pin_list>
<bind>
<opset="trunc_ln882 "/>
</bind>
</comp>

<comp id="303" class="1005" name="empty_144_reg_303">
<pin_list>
<pin id="304" dir="0" index="0" bw="11" slack="2"/>
<pin id="305" dir="1" index="1" bw="11" slack="2"/>
</pin_list>
<bind>
<opset="empty_144 "/>
</bind>
</comp>

<comp id="308" class="1005" name="sub_reg_308">
<pin_list>
<pin id="309" dir="0" index="0" bw="12" slack="2"/>
<pin id="310" dir="1" index="1" bw="12" slack="2"/>
</pin_list>
<bind>
<opset="sub "/>
</bind>
</comp>

<comp id="313" class="1005" name="field_id_read_reg_313">
<pin_list>
<pin id="314" dir="0" index="0" bw="16" slack="2"/>
<pin id="315" dir="1" index="1" bw="16" slack="2"/>
</pin_list>
<bind>
<opset="field_id_read "/>
</bind>
</comp>

<comp id="318" class="1005" name="fid_in_read_reg_318">
<pin_list>
<pin id="319" dir="0" index="0" bw="1" slack="2"/>
<pin id="320" dir="1" index="1" bw="1" slack="2"/>
</pin_list>
<bind>
<opset="fid_in_read "/>
</bind>
</comp>

<comp id="323" class="1005" name="cmp21229_reg_323">
<pin_list>
<pin id="324" dir="0" index="0" bw="1" slack="1"/>
<pin id="325" dir="1" index="1" bw="1" slack="2147483647"/>
</pin_list>
<bind>
<opset="cmp21229 "/>
</bind>
</comp>

<comp id="327" class="1005" name="icmp_ln975_reg_327">
<pin_list>
<pin id="328" dir="0" index="0" bw="1" slack="2"/>
<pin id="329" dir="1" index="1" bw="1" slack="2"/>
</pin_list>
<bind>
<opset="icmp_ln975 "/>
</bind>
</comp>

<comp id="335" class="1005" name="i_2_reg_335">
<pin_list>
<pin id="336" dir="0" index="0" bw="11" slack="2"/>
<pin id="337" dir="1" index="1" bw="11" slack="2"/>
</pin_list>
<bind>
<opset="i_2 "/>
</bind>
</comp>

<comp id="340" class="1005" name="p_load_reg_340">
<pin_list>
<pin id="341" dir="0" index="0" bw="1" slack="1"/>
<pin id="342" dir="1" index="1" bw="1" slack="1"/>
</pin_list>
<bind>
<opset="p_load "/>
</bind>
</comp>

</comp_list>

<net_list>
<net id="93"><net_src comp="32" pin="0"/><net_sink comp="90" pin=0"/></net>

<net id="97"><net_src comp="32" pin="0"/><net_sink comp="94" pin=0"/></net>

<net id="101"><net_src comp="32" pin="0"/><net_sink comp="98" pin=0"/></net>

<net id="105"><net_src comp="32" pin="0"/><net_sink comp="102" pin=0"/></net>

<net id="110"><net_src comp="56" pin="0"/><net_sink comp="106" pin=0"/></net>

<net id="111"><net_src comp="16" pin="0"/><net_sink comp="106" pin=1"/></net>

<net id="116"><net_src comp="56" pin="0"/><net_sink comp="112" pin=0"/></net>

<net id="117"><net_src comp="18" pin="0"/><net_sink comp="112" pin=1"/></net>

<net id="123"><net_src comp="58" pin="0"/><net_sink comp="118" pin=0"/></net>

<net id="124"><net_src comp="24" pin="0"/><net_sink comp="118" pin=1"/></net>

<net id="129"><net_src comp="62" pin="0"/><net_sink comp="125" pin=0"/></net>

<net id="130"><net_src comp="20" pin="0"/><net_sink comp="125" pin=1"/></net>

<net id="135"><net_src comp="56" pin="0"/><net_sink comp="131" pin=0"/></net>

<net id="136"><net_src comp="26" pin="0"/><net_sink comp="131" pin=1"/></net>

<net id="141"><net_src comp="64" pin="0"/><net_sink comp="137" pin=0"/></net>

<net id="142"><net_src comp="22" pin="0"/><net_sink comp="137" pin=1"/></net>

<net id="165"><net_src comp="86" pin="0"/><net_sink comp="143" pin=0"/></net>

<net id="166"><net_src comp="24" pin="0"/><net_sink comp="143" pin=5"/></net>

<net id="167"><net_src comp="0" pin="0"/><net_sink comp="143" pin=6"/></net>

<net id="168"><net_src comp="2" pin="0"/><net_sink comp="143" pin=8"/></net>

<net id="169"><net_src comp="4" pin="0"/><net_sink comp="143" pin=9"/></net>

<net id="170"><net_src comp="6" pin="0"/><net_sink comp="143" pin=10"/></net>

<net id="171"><net_src comp="8" pin="0"/><net_sink comp="143" pin=11"/></net>

<net id="172"><net_src comp="10" pin="0"/><net_sink comp="143" pin=12"/></net>

<net id="173"><net_src comp="12" pin="0"/><net_sink comp="143" pin=13"/></net>

<net id="174"><net_src comp="14" pin="0"/><net_sink comp="143" pin=14"/></net>

<net id="175"><net_src comp="30" pin="0"/><net_sink comp="143" pin=19"/></net>

<net id="182"><net_src comp="106" pin="2"/><net_sink comp="179" pin=0"/></net>

<net id="186"><net_src comp="112" pin="2"/><net_sink comp="183" pin=0"/></net>

<net id="190"><net_src comp="183" pin="1"/><net_sink comp="187" pin=0"/></net>

<net id="194"><net_src comp="28" pin="0"/><net_sink comp="191" pin=0"/></net>

<net id="195"><net_src comp="191" pin="1"/><net_sink comp="118" pin=2"/></net>

<net id="200"><net_src comp="187" pin="1"/><net_sink comp="196" pin=0"/></net>

<net id="201"><net_src comp="60" pin="0"/><net_sink comp="196" pin=1"/></net>

<net id="206"><net_src comp="183" pin="1"/><net_sink comp="202" pin=0"/></net>

<net id="207"><net_src comp="66" pin="0"/><net_sink comp="202" pin=1"/></net>

<net id="211"><net_src comp="30" pin="0"/><net_sink comp="208" pin=0"/></net>

<net id="216"><net_src comp="125" pin="2"/><net_sink comp="212" pin=0"/></net>

<net id="217"><net_src comp="68" pin="0"/><net_sink comp="212" pin=1"/></net>

<net id="222"><net_src comp="208" pin="1"/><net_sink comp="218" pin=0"/></net>

<net id="227"><net_src comp="191" pin="1"/><net_sink comp="223" pin=0"/></net>

<net id="232"><net_src comp="70" pin="0"/><net_sink comp="228" pin=0"/></net>

<net id="237"><net_src comp="66" pin="0"/><net_sink comp="233" pin=0"/></net>

<net id="245"><net_src comp="238" pin="1"/><net_sink comp="241" pin=0"/></net>

<net id="250"><net_src comp="238" pin="1"/><net_sink comp="246" pin=0"/></net>

<net id="251"><net_src comp="78" pin="0"/><net_sink comp="246" pin=1"/></net>

<net id="256"><net_src comp="176" pin="1"/><net_sink comp="252" pin=0"/></net>

<net id="257"><net_src comp="28" pin="0"/><net_sink comp="252" pin=1"/></net>

<net id="261"><net_src comp="258" pin="1"/><net_sink comp="143" pin=1"/></net>

<net id="266"><net_src comp="88" pin="0"/><net_sink comp="262" pin=0"/></net>

<net id="274"><net_src comp="90" pin="1"/><net_sink comp="271" pin=0"/></net>

<net id="275"><net_src comp="271" pin="1"/><net_sink comp="233" pin=1"/></net>

<net id="276"><net_src comp="271" pin="1"/><net_sink comp="238" pin=0"/></net>

<net id="277"><net_src comp="271" pin="1"/><net_sink comp="267" pin=1"/></net>

<net id="281"><net_src comp="94" pin="1"/><net_sink comp="278" pin=0"/></net>

<net id="282"><net_src comp="278" pin="1"/><net_sink comp="228" pin=1"/></net>

<net id="283"><net_src comp="278" pin="1"/><net_sink comp="258" pin=0"/></net>

<net id="284"><net_src comp="278" pin="1"/><net_sink comp="262" pin=1"/></net>

<net id="288"><net_src comp="98" pin="1"/><net_sink comp="285" pin=0"/></net>

<net id="289"><net_src comp="285" pin="1"/><net_sink comp="223" pin=1"/></net>

<net id="290"><net_src comp="285" pin="1"/><net_sink comp="176" pin=0"/></net>

<net id="291"><net_src comp="285" pin="1"/><net_sink comp="143" pin=18"/></net>

<net id="295"><net_src comp="102" pin="1"/><net_sink comp="292" pin=0"/></net>

<net id="296"><net_src comp="292" pin="1"/><net_sink comp="218" pin=1"/></net>

<net id="297"><net_src comp="292" pin="1"/><net_sink comp="143" pin=17"/></net>

<net id="301"><net_src comp="179" pin="1"/><net_sink comp="298" pin=0"/></net>

<net id="302"><net_src comp="298" pin="1"/><net_sink comp="241" pin=1"/></net>

<net id="306"><net_src comp="183" pin="1"/><net_sink comp="303" pin=0"/></net>

<net id="307"><net_src comp="303" pin="1"/><net_sink comp="143" pin=3"/></net>

<net id="311"><net_src comp="196" pin="2"/><net_sink comp="308" pin=0"/></net>

<net id="312"><net_src comp="308" pin="1"/><net_sink comp="143" pin=16"/></net>

<net id="316"><net_src comp="131" pin="2"/><net_sink comp="313" pin=0"/></net>

<net id="317"><net_src comp="313" pin="1"/><net_sink comp="143" pin=15"/></net>

<net id="321"><net_src comp="137" pin="2"/><net_sink comp="318" pin=0"/></net>

<net id="322"><net_src comp="318" pin="1"/><net_sink comp="143" pin=4"/></net>

<net id="326"><net_src comp="202" pin="2"/><net_sink comp="323" pin=0"/></net>

<net id="330"><net_src comp="212" pin="2"/><net_sink comp="327" pin=0"/></net>

<net id="331"><net_src comp="327" pin="1"/><net_sink comp="143" pin=7"/></net>

<net id="338"><net_src comp="246" pin="2"/><net_sink comp="335" pin=0"/></net>

<net id="339"><net_src comp="335" pin="1"/><net_sink comp="267" pin=0"/></net>

<net id="343"><net_src comp="176" pin="1"/><net_sink comp="340" pin=0"/></net>

<net id="344"><net_src comp="340" pin="1"/><net_sink comp="143" pin=2"/></net>

</net_list>

</model> 
---------------- Datapath Model END ------------------

* FSMD analyzer results:
  - Output states:
	Port: m_axis_video_V_data_V | {3 4 }
	Port: m_axis_video_V_keep_V | {3 4 }
	Port: m_axis_video_V_strb_V | {3 4 }
	Port: m_axis_video_V_user_V | {3 4 }
	Port: m_axis_video_V_last_V | {3 4 }
	Port: m_axis_video_V_id_V | {3 4 }
	Port: m_axis_video_V_dest_V | {3 4 }
	Port: height | {}
	Port: width | {}
	Port: colorFormat | {}
	Port: fid_in | {}
	Port: fid | {1 3 4 }
	Port: field_id | {}
	Port: fidStored | {2 }
	Port: counter | {3 4 }
 - Input state : 
	Port: MultiPixStream2AXIvideo : ovrlayYUV | {3 4 }
	Port: MultiPixStream2AXIvideo : m_axis_video_V_data_V | {}
	Port: MultiPixStream2AXIvideo : m_axis_video_V_keep_V | {}
	Port: MultiPixStream2AXIvideo : m_axis_video_V_strb_V | {}
	Port: MultiPixStream2AXIvideo : m_axis_video_V_user_V | {}
	Port: MultiPixStream2AXIvideo : m_axis_video_V_last_V | {}
	Port: MultiPixStream2AXIvideo : m_axis_video_V_id_V | {}
	Port: MultiPixStream2AXIvideo : m_axis_video_V_dest_V | {}
	Port: MultiPixStream2AXIvideo : height | {1 }
	Port: MultiPixStream2AXIvideo : width | {1 }
	Port: MultiPixStream2AXIvideo : colorFormat | {1 }
	Port: MultiPixStream2AXIvideo : fid_in | {1 }
	Port: MultiPixStream2AXIvideo : fid | {}
	Port: MultiPixStream2AXIvideo : field_id | {1 }
	Port: MultiPixStream2AXIvideo : fidStored | {1 }
	Port: MultiPixStream2AXIvideo : counter | {1 }
  - Chain level:
	State 1
		zext_ln883 : 1
		write_ln933 : 1
		sub : 2
		cmp21229 : 1
		store_ln934 : 1
		store_ln934 : 1
		store_ln934 : 1
		store_ln934 : 1
	State 2
		icmp_ln934 : 1
		i_2 : 1
		br_ln934 : 2
		store_ln1017 : 1
	State 3
		call_ln883 : 1
	State 4


============================================================
+ Verbose Summary: Datapath Resource usage 
============================================================

* Functional unit list:
|----------|--------------------------------------------------------------|---------|---------|---------|
| Operation|                        Functional Unit                       |  Delay  |    FF   |   LUT   |
|----------|--------------------------------------------------------------|---------|---------|---------|
|   call   | grp_MultiPixStream2AXIvideo_Pipeline_VITIS_LOOP_936_2_fu_143 |   1.05  |    59   |   125   |
|----------|--------------------------------------------------------------|---------|---------|---------|
|    add   |                          sub_fu_196                          |    0    |    0    |    18   |
|          |                          i_2_fu_246                          |    0    |    0    |    18   |
|----------|--------------------------------------------------------------|---------|---------|---------|
|          |                        cmp21229_fu_202                       |    0    |    0    |    11   |
|   icmp   |                       icmp_ln975_fu_212                      |    0    |    0    |    11   |
|          |                       icmp_ln934_fu_241                      |    0    |    0    |    11   |
|----------|--------------------------------------------------------------|---------|---------|---------|
|          |                       rows_read_fu_106                       |    0    |    0    |    0    |
|          |                       cols_read_fu_112                       |    0    |    0    |    0    |
|   read   |                 colorFormat_read_read_fu_125                 |    0    |    0    |    0    |
|          |                   field_id_read_read_fu_131                  |    0    |    0    |    0    |
|          |                    fid_in_read_read_fu_137                   |    0    |    0    |    0    |
|----------|--------------------------------------------------------------|---------|---------|---------|
|   write  |                   write_ln933_write_fu_118                   |    0    |    0    |    0    |
|----------|--------------------------------------------------------------|---------|---------|---------|
|   trunc  |                      trunc_ln882_fu_179                      |    0    |    0    |    0    |
|          |                       empty_144_fu_183                       |    0    |    0    |    0    |
|----------|--------------------------------------------------------------|---------|---------|---------|
|   zext   |                       zext_ln883_fu_187                      |    0    |    0    |    0    |
|----------|--------------------------------------------------------------|---------|---------|---------|
|   Total  |                                                              |   1.05  |    59   |   194   |
|----------|--------------------------------------------------------------|---------|---------|---------|

Memories:
N/A

* Register list:
+---------------------+--------+
|                     |   FF   |
+---------------------+--------+
|   cmp21229_reg_323  |    1   |
|counter_loc_0_reg_292|   16   |
|  empty_144_reg_303  |   11   |
|    empty_reg_285    |    1   |
| fid_in_read_reg_318 |    1   |
|field_id_read_reg_313|   16   |
|     i_2_reg_335     |   11   |
|      i_reg_271      |   11   |
|  icmp_ln975_reg_327 |    1   |
|    p_load_reg_340   |    1   |
|     sof_reg_278     |    1   |
|     sub_reg_308     |   12   |
| trunc_ln882_reg_298 |   11   |
+---------------------+--------+
|        Total        |   94   |
+---------------------+--------+

* Multiplexer (MUX) list: 
|--------|------|------|------|--------|
|  Comp  |  Pin | Size |  BW  | S x BW |
|--------|------|------|------|--------|
|  Total |      |      |      |    0   |
|--------|------|------|------|--------|



* Summary:
+-----------+--------+--------+--------+
|           |  Delay |   FF   |   LUT  |
+-----------+--------+--------+--------+
|  Function |    1   |   59   |   194  |
|   Memory  |    -   |    -   |    -   |
|Multiplexer|    -   |    -   |    -   |
|  Register |    -   |   94   |    -   |
+-----------+--------+--------+--------+
|   Total   |    1   |   153  |   194  |
+-----------+--------+--------+--------+
