

================================================================
== Vitis HLS Report for 'MultiPixStream2AXIvideo'
================================================================
* Date:           Mon May  4 01:55:43 2026

* Version:        2022.2 (Build 3670227 on Oct 13 2022)
* Project:        prj
* Solution:       sol (Vivado IP Flow Target)
* Product family: zynquplus
* Target device:  xck26-sfvc784-2LV-c


================================================================
== Performance Estimates
================================================================
+ Timing: 
    * Summary: 
    +--------+---------+----------+------------+
    |  Clock |  Target | Estimated| Uncertainty|
    +--------+---------+----------+------------+
    |ap_clk  |  4.00 ns|  1.863 ns|     1.08 ns|
    +--------+---------+----------+------------+

+ Latency: 
    * Summary: 
    +---------+---------+----------+----------+-----+---------+---------+
    |  Latency (cycles) |  Latency (absolute) |    Interval   | Pipeline|
    |   min   |   max   |    min   |    max   | min |   max   |   Type  |
    +---------+---------+----------+----------+-----+---------+---------+
    |        1|  2080081|  4.000 ns|  8.320 ms|    1|  2080081|       no|
    +---------+---------+----------+----------+-----+---------+---------+

    + Detail: 
        * Instance: 
        N/A

        * Loop: 
        +--------------------+---------+---------+----------+-----------+-----------+----------+----------+
        |                    |  Latency (cycles) | Iteration|  Initiation Interval  |   Trip   |          |
        |      Loop Name     |   min   |   max   |  Latency |  achieved |   target  |   Count  | Pipelined|
        +--------------------+---------+---------+----------+-----------+-----------+----------+----------+
        |- VITIS_LOOP_934_1  |        0|  2080080|  2 ~ 1926|          -|          -|  0 ~ 1080|        no|
        +--------------------+---------+---------+----------+-----------+-----------+----------+----------+

============================================================
+ Verbose Summary: Synthesis Manager
============================================================
InlineROM: 1
ExposeGlobal: 0
============================================================
+ Verbose Summary: CDFG Model
============================================================
IsTopModel: 0
ResetActiveHigh: 1
IsCombinational: 2
IsDatapathOnly: 0
HasWiredReturn: 1
HasMFsm: 0
HasVarLatency: 1
IsPipeline: 0
IsRtlPipelined: 0
IsInstanceOverlapped: 0
IsDontTouch: 0
HasImplIP: 0
IsGatedGlobalClock: 0


============================================================
+ Verbose Summary: Schedule
============================================================
* Number of FSM states : 4
* Pipeline : 0
* Dataflow Pipeline: 0

* FSM state transitions: 
1 --> 2 
2 --> 3 4 
3 --> 4 
4 --> 2 

* FSM state operations: 

State 1 <SV = 0> <Delay = 0.94>
ST_1 : Operation 5 [1/1] (0.00ns)   --->   "%i = alloca i32 1"   --->   Operation 5 'alloca' 'i' <Predicate = true> <Delay = 0.00>
ST_1 : Operation 6 [1/1] (0.00ns)   --->   "%sof = alloca i32 1"   --->   Operation 6 'alloca' 'sof' <Predicate = true> <Delay = 0.00>
ST_1 : Operation 7 [1/1] (0.00ns)   --->   "%empty = alloca i32 1"   --->   Operation 7 'alloca' 'empty' <Predicate = true> <Delay = 0.00>
ST_1 : Operation 8 [1/1] (0.00ns)   --->   "%counter_loc_0 = alloca i32 1"   --->   Operation 8 'alloca' 'counter_loc_0' <Predicate = true> <Delay = 0.00>
ST_1 : Operation 9 [1/1] (0.00ns)   --->   "%specaxissidechannel_ln0 = specaxissidechannel void @_ssdm_op_SpecAXISSideChannel, i32 %m_axis_video_V_data_V, i4 %m_axis_video_V_keep_V, i4 %m_axis_video_V_strb_V, i1 %m_axis_video_V_user_V, i1 %m_axis_video_V_last_V, i1 %m_axis_video_V_id_V, i1 %m_axis_video_V_dest_V, void @empty_20"   --->   Operation 9 'specaxissidechannel' 'specaxissidechannel_ln0' <Predicate = true> <Delay = 0.00>
ST_1 : Operation 10 [1/1] (0.00ns)   --->   "%specstablecontent_ln0 = specstablecontent void @_ssdm_op_SpecStableContent, i8 %colorFormat, void "   --->   Operation 10 'specstablecontent' 'specstablecontent_ln0' <Predicate = true> <Delay = 0.00>
ST_1 : Operation 11 [1/1] (0.00ns)   --->   "%specstablecontent_ln0 = specstablecontent void @_ssdm_op_SpecStableContent, i1 %fid_in, void "   --->   Operation 11 'specstablecontent' 'specstablecontent_ln0' <Predicate = true> <Delay = 0.00>
ST_1 : Operation 12 [1/1] (0.00ns)   --->   "%specstablecontent_ln0 = specstablecontent void @_ssdm_op_SpecStableContent, i16 %field_id, void "   --->   Operation 12 'specstablecontent' 'specstablecontent_ln0' <Predicate = true> <Delay = 0.00>
ST_1 : Operation 13 [1/1] (0.00ns)   --->   "%specstablecontent_ln0 = specstablecontent void @_ssdm_op_SpecStableContent, i16 %height, void "   --->   Operation 13 'specstablecontent' 'specstablecontent_ln0' <Predicate = true> <Delay = 0.00>
ST_1 : Operation 14 [1/1] (0.00ns)   --->   "%specstablecontent_ln0 = specstablecontent void @_ssdm_op_SpecStableContent, i16 %width, void "   --->   Operation 14 'specstablecontent' 'specstablecontent_ln0' <Predicate = true> <Delay = 0.00>
ST_1 : Operation 15 [1/1] (0.00ns)   --->   "%specinterface_ln0 = specinterface void @_ssdm_op_SpecInterface, i30 %ovrlayYUV, void @empty_17, i32 0, i32 0, void @empty_28, i32 0, i32 0, void @empty_28, void @empty_28, void @empty_28, i32 0, i32 0, i32 0, i32 0, void @empty_28, void @empty_28, i32 4294967295, i32 0"   --->   Operation 15 'specinterface' 'specinterface_ln0' <Predicate = true> <Delay = 0.00>
ST_1 : Operation 16 [1/1] (0.00ns)   --->   "%specinterface_ln0 = specinterface void @_ssdm_op_SpecInterface, i32 %m_axis_video_V_data_V, i4 %m_axis_video_V_keep_V, i4 %m_axis_video_V_strb_V, i1 %m_axis_video_V_user_V, i1 %m_axis_video_V_last_V, i1 %m_axis_video_V_id_V, i1 %m_axis_video_V_dest_V, void @empty_18, i32 0, i32 0, void @empty_27, i32 0, i32 0, void @empty_28, void @empty_28, void @empty_28, i32 0, i32 0, i32 0, i32 0, void @empty_28, void @empty_28, i32 4294967295, i32 0"   --->   Operation 16 'specinterface' 'specinterface_ln0' <Predicate = true> <Delay = 0.00>
ST_1 : Operation 17 [1/1] (0.00ns)   --->   "%rows = read i16 @_ssdm_op_Read.ap_auto.i16P0A, i16 %height" [C:/Users/hhhh/rekonfigi/video_passthrough_kria/video_passthrough_kria.runs/synth_1/prj/sol/.autopilot/db/v_tpg.cpp:882]   --->   Operation 17 'read' 'rows' <Predicate = true> <Delay = 0.00>
ST_1 : Operation 18 [1/1] (0.00ns)   --->   "%trunc_ln882 = trunc i16 %rows" [C:/Users/hhhh/rekonfigi/video_passthrough_kria/video_passthrough_kria.runs/synth_1/prj/sol/.autopilot/db/v_tpg.cpp:882]   --->   Operation 18 'trunc' 'trunc_ln882' <Predicate = true> <Delay = 0.00>
ST_1 : Operation 19 [1/1] (0.00ns)   --->   "%cols = read i16 @_ssdm_op_Read.ap_auto.i16P0A, i16 %width" [C:/Users/hhhh/rekonfigi/video_passthrough_kria/video_passthrough_kria.runs/synth_1/prj/sol/.autopilot/db/v_tpg.cpp:883]   --->   Operation 19 'read' 'cols' <Predicate = true> <Delay = 0.00>
ST_1 : Operation 20 [1/1] (0.00ns)   --->   "%empty_144 = trunc i16 %cols" [C:/Users/hhhh/rekonfigi/video_passthrough_kria/video_passthrough_kria.runs/synth_1/prj/sol/.autopilot/db/v_tpg.cpp:883]   --->   Operation 20 'trunc' 'empty_144' <Predicate = true> <Delay = 0.00>
ST_1 : Operation 21 [1/1] (0.00ns)   --->   "%zext_ln883 = zext i11 %empty_144" [C:/Users/hhhh/rekonfigi/video_passthrough_kria/video_passthrough_kria.runs/synth_1/prj/sol/.autopilot/db/v_tpg.cpp:883]   --->   Operation 21 'zext' 'zext_ln883' <Predicate = true> <Delay = 0.00>
ST_1 : Operation 22 [1/1] (0.00ns)   --->   "%fidStored_load = load i1 %fidStored" [C:/Users/hhhh/rekonfigi/video_passthrough_kria/video_passthrough_kria.runs/synth_1/prj/sol/.autopilot/db/v_tpg.cpp:933]   --->   Operation 22 'load' 'fidStored_load' <Predicate = true> <Delay = 0.00>
ST_1 : Operation 23 [1/1] (0.00ns)   --->   "%write_ln933 = write void @_ssdm_op_Write.ap_auto.i1P0A, i1 %fid, i1 %fidStored_load" [C:/Users/hhhh/rekonfigi/video_passthrough_kria/video_passthrough_kria.runs/synth_1/prj/sol/.autopilot/db/v_tpg.cpp:933]   --->   Operation 23 'write' 'write_ln933' <Predicate = true> <Delay = 0.00>
ST_1 : Operation 24 [1/1] (0.79ns)   --->   "%sub = add i12 %zext_ln883, i12 4095" [C:/Users/hhhh/rekonfigi/video_passthrough_kria/video_passthrough_kria.runs/synth_1/prj/sol/.autopilot/db/v_tpg.cpp:883]   --->   Operation 24 'add' 'sub' <Predicate = true> <Delay = 0.79> <CoreInst = "Adder">   --->   Core 1 'Adder' <Latency = 0> <II = 1> <Delay = 0.79> <FuncUnit> <Opcode : 'add' 'sub'> <InPorts = 2> <OutPorts = 1>
ST_1 : Operation 25 [1/1] (0.00ns)   --->   "%colorFormat_read = read i8 @_ssdm_op_Read.ap_auto.i8P0A, i8 %colorFormat"   --->   Operation 25 'read' 'colorFormat_read' <Predicate = true> <Delay = 0.00>
ST_1 : Operation 26 [1/1] (0.00ns)   --->   "%field_id_read = read i16 @_ssdm_op_Read.ap_auto.i16P0A, i16 %field_id"   --->   Operation 26 'read' 'field_id_read' <Predicate = true> <Delay = 0.00>
ST_1 : Operation 27 [1/1] (0.00ns)   --->   "%fid_in_read = read i1 @_ssdm_op_Read.ap_auto.i1P0A, i1 %fid_in"   --->   Operation 27 'read' 'fid_in_read' <Predicate = true> <Delay = 0.00>
ST_1 : Operation 28 [1/1] (0.94ns)   --->   "%cmp21229 = icmp_eq  i11 %empty_144, i11 0" [C:/Users/hhhh/rekonfigi/video_passthrough_kria/video_passthrough_kria.runs/synth_1/prj/sol/.autopilot/db/v_tpg.cpp:883]   --->   Operation 28 'icmp' 'cmp21229' <Predicate = true> <Delay = 0.94> <CoreInst = "Cmp">   --->   Core 9 'Cmp' <Latency = 0> <II = 1> <Delay = 0.94> <FuncUnit> <Opcode : 'icmp'> <InPorts = 2> <OutPorts = 1>
ST_1 : Operation 29 [1/1] (0.00ns)   --->   "%counter_load = load i16 %counter" [C:/Users/hhhh/rekonfigi/video_passthrough_kria/video_passthrough_kria.runs/synth_1/prj/sol/.autopilot/db/v_tpg.cpp:960]   --->   Operation 29 'load' 'counter_load' <Predicate = true> <Delay = 0.00>
ST_1 : Operation 30 [1/1] (0.84ns)   --->   "%icmp_ln975 = icmp_eq  i8 %colorFormat_read, i8 0" [C:/Users/hhhh/rekonfigi/video_passthrough_kria/video_passthrough_kria.runs/synth_1/prj/sol/.autopilot/db/v_tpg.cpp:975]   --->   Operation 30 'icmp' 'icmp_ln975' <Predicate = true> <Delay = 0.84> <CoreInst = "Cmp">   --->   Core 9 'Cmp' <Latency = 0> <II = 1> <Delay = 0.84> <FuncUnit> <Opcode : 'icmp'> <InPorts = 2> <OutPorts = 1>
ST_1 : Operation 31 [1/1] (0.00ns)   --->   "%store_ln934 = store i16 %counter_load, i16 %counter_loc_0" [C:/Users/hhhh/rekonfigi/video_passthrough_kria/video_passthrough_kria.runs/synth_1/prj/sol/.autopilot/db/v_tpg.cpp:934]   --->   Operation 31 'store' 'store_ln934' <Predicate = true> <Delay = 0.00>
ST_1 : Operation 32 [1/1] (0.00ns)   --->   "%store_ln934 = store i1 %fidStored_load, i1 %empty" [C:/Users/hhhh/rekonfigi/video_passthrough_kria/video_passthrough_kria.runs/synth_1/prj/sol/.autopilot/db/v_tpg.cpp:934]   --->   Operation 32 'store' 'store_ln934' <Predicate = true> <Delay = 0.00>
ST_1 : Operation 33 [1/1] (0.42ns)   --->   "%store_ln934 = store i1 1, i1 %sof" [C:/Users/hhhh/rekonfigi/video_passthrough_kria/video_passthrough_kria.runs/synth_1/prj/sol/.autopilot/db/v_tpg.cpp:934]   --->   Operation 33 'store' 'store_ln934' <Predicate = true> <Delay = 0.42>
ST_1 : Operation 34 [1/1] (0.42ns)   --->   "%store_ln934 = store i11 0, i11 %i" [C:/Users/hhhh/rekonfigi/video_passthrough_kria/video_passthrough_kria.runs/synth_1/prj/sol/.autopilot/db/v_tpg.cpp:934]   --->   Operation 34 'store' 'store_ln934' <Predicate = true> <Delay = 0.42>
ST_1 : Operation 35 [1/1] (0.00ns)   --->   "%br_ln934 = br void %VITIS_LOOP_936_2" [C:/Users/hhhh/rekonfigi/video_passthrough_kria/video_passthrough_kria.runs/synth_1/prj/sol/.autopilot/db/v_tpg.cpp:934]   --->   Operation 35 'br' 'br_ln934' <Predicate = true> <Delay = 0.00>

State 2 <SV = 1> <Delay = 0.94>
ST_2 : Operation 36 [1/1] (0.00ns)   --->   "%i_1 = load i11 %i" [C:/Users/hhhh/rekonfigi/video_passthrough_kria/video_passthrough_kria.runs/synth_1/prj/sol/.autopilot/db/v_tpg.cpp:934]   --->   Operation 36 'load' 'i_1' <Predicate = true> <Delay = 0.00>
ST_2 : Operation 37 [1/1] (0.94ns)   --->   "%icmp_ln934 = icmp_eq  i11 %i_1, i11 %trunc_ln882" [C:/Users/hhhh/rekonfigi/video_passthrough_kria/video_passthrough_kria.runs/synth_1/prj/sol/.autopilot/db/v_tpg.cpp:934]   --->   Operation 37 'icmp' 'icmp_ln934' <Predicate = true> <Delay = 0.94> <CoreInst = "Cmp">   --->   Core 9 'Cmp' <Latency = 0> <II = 1> <Delay = 0.94> <FuncUnit> <Opcode : 'icmp'> <InPorts = 2> <OutPorts = 1>
ST_2 : Operation 38 [1/1] (0.00ns)   --->   "%speclooptripcount_ln0 = speclooptripcount void @_ssdm_op_SpecLoopTripCount, i64 0, i64 1080, i64 0"   --->   Operation 38 'speclooptripcount' 'speclooptripcount_ln0' <Predicate = true> <Delay = 0.00>
ST_2 : Operation 39 [1/1] (0.79ns)   --->   "%i_2 = add i11 %i_1, i11 1" [C:/Users/hhhh/rekonfigi/video_passthrough_kria/video_passthrough_kria.runs/synth_1/prj/sol/.autopilot/db/v_tpg.cpp:934]   --->   Operation 39 'add' 'i_2' <Predicate = true> <Delay = 0.79> <CoreInst = "Adder">   --->   Core 1 'Adder' <Latency = 0> <II = 1> <Delay = 0.79> <FuncUnit> <Opcode : 'add' 'sub'> <InPorts = 2> <OutPorts = 1>
ST_2 : Operation 40 [1/1] (0.00ns)   --->   "%br_ln934 = br i1 %icmp_ln934, void %VITIS_LOOP_936_2.split, void %for.end117.loopexit" [C:/Users/hhhh/rekonfigi/video_passthrough_kria/video_passthrough_kria.runs/synth_1/prj/sol/.autopilot/db/v_tpg.cpp:934]   --->   Operation 40 'br' 'br_ln934' <Predicate = true> <Delay = 0.00>
ST_2 : Operation 41 [1/1] (0.00ns)   --->   "%specloopname_ln928 = specloopname void @_ssdm_op_SpecLoopName, void @empty_5" [C:/Users/hhhh/rekonfigi/video_passthrough_kria/video_passthrough_kria.runs/synth_1/prj/sol/.autopilot/db/v_tpg.cpp:928]   --->   Operation 41 'specloopname' 'specloopname_ln928' <Predicate = (!icmp_ln934)> <Delay = 0.00>
ST_2 : Operation 42 [1/1] (0.00ns)   --->   "%br_ln936 = br i1 %cmp21229, void %for.body23.preheader, void %for.inc115" [C:/Users/hhhh/rekonfigi/video_passthrough_kria/video_passthrough_kria.runs/synth_1/prj/sol/.autopilot/db/v_tpg.cpp:936]   --->   Operation 42 'br' 'br_ln936' <Predicate = (!icmp_ln934)> <Delay = 0.00>
ST_2 : Operation 43 [1/1] (0.00ns)   --->   "%p_load = load i1 %empty"   --->   Operation 43 'load' 'p_load' <Predicate = (!icmp_ln934 & !cmp21229)> <Delay = 0.00>
ST_2 : Operation 44 [1/1] (0.00ns)   --->   "%empty_145 = wait i32 @_ssdm_op_Wait"   --->   Operation 44 'wait' 'empty_145' <Predicate = (!icmp_ln934 & !cmp21229)> <Delay = 0.00>
ST_2 : Operation 45 [1/1] (0.00ns)   --->   "%p_load1 = load i1 %empty" [C:/Users/hhhh/rekonfigi/video_passthrough_kria/video_passthrough_kria.runs/synth_1/prj/sol/.autopilot/db/v_tpg.cpp:1017]   --->   Operation 45 'load' 'p_load1' <Predicate = (icmp_ln934)> <Delay = 0.00>
ST_2 : Operation 46 [1/1] (0.00ns)   --->   "%store_ln1017 = store i1 %p_load1, i1 %fidStored" [C:/Users/hhhh/rekonfigi/video_passthrough_kria/video_passthrough_kria.runs/synth_1/prj/sol/.autopilot/db/v_tpg.cpp:1017]   --->   Operation 46 'store' 'store_ln1017' <Predicate = (icmp_ln934)> <Delay = 0.00>
ST_2 : Operation 47 [1/1] (0.00ns)   --->   "%ret_ln0 = ret"   --->   Operation 47 'ret' 'ret_ln0' <Predicate = (icmp_ln934)> <Delay = 0.00>

State 3 <SV = 2> <Delay = 0.42>
ST_3 : Operation 48 [1/1] (0.00ns)   --->   "%sof_load = load i1 %sof"   --->   Operation 48 'load' 'sof_load' <Predicate = true> <Delay = 0.00>
ST_3 : Operation 49 [2/2] (0.42ns)   --->   "%call_ln883 = call void @MultiPixStream2AXIvideo_Pipeline_VITIS_LOOP_936_2, i1 %sof_load, i1 %p_load, i11 %empty_144, i1 %fid_in_read, i1 %fid, i30 %ovrlayYUV, i1 %icmp_ln975, i32 %m_axis_video_V_data_V, i4 %m_axis_video_V_keep_V, i4 %m_axis_video_V_strb_V, i1 %m_axis_video_V_user_V, i1 %m_axis_video_V_last_V, i1 %m_axis_video_V_id_V, i1 %m_axis_video_V_dest_V, i16 %field_id_read, i12 %sub, i16 %counter_loc_0, i1 %empty, i16 %counter" [C:/Users/hhhh/rekonfigi/video_passthrough_kria/video_passthrough_kria.runs/synth_1/prj/sol/.autopilot/db/v_tpg.cpp:883]   --->   Operation 49 'call' 'call_ln883' <Predicate = true> <Delay = 0.42> <CoreType = "Generic">   --->   Core 0 '' <Latency = 0> <II = 1> <Delay = 1.00> <Generic> <Opcode : >

State 4 <SV = 3> <Delay = 1.86>
ST_4 : Operation 50 [1/2] (1.86ns)   --->   "%call_ln883 = call void @MultiPixStream2AXIvideo_Pipeline_VITIS_LOOP_936_2, i1 %sof_load, i1 %p_load, i11 %empty_144, i1 %fid_in_read, i1 %fid, i30 %ovrlayYUV, i1 %icmp_ln975, i32 %m_axis_video_V_data_V, i4 %m_axis_video_V_keep_V, i4 %m_axis_video_V_strb_V, i1 %m_axis_video_V_user_V, i1 %m_axis_video_V_last_V, i1 %m_axis_video_V_id_V, i1 %m_axis_video_V_dest_V, i16 %field_id_read, i12 %sub, i16 %counter_loc_0, i1 %empty, i16 %counter" [C:/Users/hhhh/rekonfigi/video_passthrough_kria/video_passthrough_kria.runs/synth_1/prj/sol/.autopilot/db/v_tpg.cpp:883]   --->   Operation 50 'call' 'call_ln883' <Predicate = (!cmp21229)> <Delay = 1.86> <CoreType = "Generic">   --->   Core 0 '' <Latency = 0> <II = 1> <Delay = 1.00> <Generic> <Opcode : >
ST_4 : Operation 51 [1/1] (0.42ns)   --->   "%store_ln0 = store i1 0, i1 %sof"   --->   Operation 51 'store' 'store_ln0' <Predicate = (!cmp21229)> <Delay = 0.42>
ST_4 : Operation 52 [1/1] (0.00ns)   --->   "%br_ln0 = br void %for.inc115"   --->   Operation 52 'br' 'br_ln0' <Predicate = (!cmp21229)> <Delay = 0.00>
ST_4 : Operation 53 [1/1] (0.42ns)   --->   "%store_ln934 = store i11 %i_2, i11 %i" [C:/Users/hhhh/rekonfigi/video_passthrough_kria/video_passthrough_kria.runs/synth_1/prj/sol/.autopilot/db/v_tpg.cpp:934]   --->   Operation 53 'store' 'store_ln934' <Predicate = true> <Delay = 0.42>
ST_4 : Operation 54 [1/1] (0.00ns)   --->   "%br_ln934 = br void %VITIS_LOOP_936_2" [C:/Users/hhhh/rekonfigi/video_passthrough_kria/video_passthrough_kria.runs/synth_1/prj/sol/.autopilot/db/v_tpg.cpp:934]   --->   Operation 54 'br' 'br_ln934' <Predicate = true> <Delay = 0.00>


============================================================
+ Verbose Summary: Timing violations
============================================================
Target clock period: 4ns, clock uncertainty: 1.08ns.

 <State 1>: 0.944ns
The critical path consists of the following:
	wire read operation ('cols', C:/Users/hhhh/rekonfigi/video_passthrough_kria/video_passthrough_kria.runs/synth_1/prj/sol/.autopilot/db/v_tpg.cpp:883) on port 'width' (C:/Users/hhhh/rekonfigi/video_passthrough_kria/video_passthrough_kria.runs/synth_1/prj/sol/.autopilot/db/v_tpg.cpp:883) [31]  (0 ns)
	'icmp' operation ('cmp21229', C:/Users/hhhh/rekonfigi/video_passthrough_kria/video_passthrough_kria.runs/synth_1/prj/sol/.autopilot/db/v_tpg.cpp:883) [40]  (0.944 ns)

 <State 2>: 0.944ns
The critical path consists of the following:
	'load' operation ('i', C:/Users/hhhh/rekonfigi/video_passthrough_kria/video_passthrough_kria.runs/synth_1/prj/sol/.autopilot/db/v_tpg.cpp:934) on local variable 'i' [49]  (0 ns)
	'icmp' operation ('icmp_ln934', C:/Users/hhhh/rekonfigi/video_passthrough_kria/video_passthrough_kria.runs/synth_1/prj/sol/.autopilot/db/v_tpg.cpp:934) [50]  (0.944 ns)

 <State 3>: 0.427ns
The critical path consists of the following:
	'load' operation ('sof_load') on local variable 'sof' [58]  (0 ns)
	'call' operation ('call_ln883', C:/Users/hhhh/rekonfigi/video_passthrough_kria/video_passthrough_kria.runs/synth_1/prj/sol/.autopilot/db/v_tpg.cpp:883) to 'MultiPixStream2AXIvideo_Pipeline_VITIS_LOOP_936_2' [61]  (0.427 ns)

 <State 4>: 1.86ns
The critical path consists of the following:
	'call' operation ('call_ln883', C:/Users/hhhh/rekonfigi/video_passthrough_kria/video_passthrough_kria.runs/synth_1/prj/sol/.autopilot/db/v_tpg.cpp:883) to 'MultiPixStream2AXIvideo_Pipeline_VITIS_LOOP_936_2' [61]  (1.86 ns)


============================================================
+ Verbose Summary: Binding
============================================================
N/A
* FSMD analyzer results:
  - Output states:
 - Input state : 
  - Chain level:
	State 1
	State 2
	State 3
	State 4


============================================================
+ Verbose Summary: Datapath Resource usage 
============================================================
N/A
