

================================================================
== Vitis HLS Report for 'MultiPixStream2AXIvideo_Pipeline_VITIS_LOOP_936_2'
================================================================
* Date:           Mon May  4 01:55:42 2026

* Version:        2022.2 (Build 3670227 on Oct 13 2022)
* Project:        prj
* Solution:       sol (Vivado IP Flow Target)
* Product family: zynquplus
* Target device:  xck26-sfvc784-2LV-c


================================================================
== Performance Estimates
================================================================
+ Timing: 
    * Summary: 
    +--------+---------+----------+------------+
    |  Clock |  Target | Estimated| Uncertainty|
    +--------+---------+----------+------------+
    |ap_clk  |  4.00 ns|  1.863 ns|     1.08 ns|
    +--------+---------+----------+------------+

+ Latency: 
    * Summary: 
    +---------+---------+-----------+----------+-----+------+---------+
    |  Latency (cycles) |  Latency (absolute)  |  Interval  | Pipeline|
    |   min   |   max   |    min    |    max   | min |  max |   Type  |
    +---------+---------+-----------+----------+-----+------+---------+
    |        4|     1923|  16.000 ns|  7.692 us|    4|  1923|       no|
    +---------+---------+-----------+----------+-----+------+---------+

    + Detail: 
        * Instance: 
        N/A

        * Loop: 
        +--------------------+---------+---------+----------+-----------+-----------+----------+----------+
        |                    |  Latency (cycles) | Iteration|  Initiation Interval  |   Trip   |          |
        |      Loop Name     |   min   |   max   |  Latency |  achieved |   target  |   Count  | Pipelined|
        +--------------------+---------+---------+----------+-----------+-----------+----------+----------+
        |- VITIS_LOOP_936_2  |        1|     1920|         2|          1|          1|  1 ~ 1920|       yes|
        +--------------------+---------+---------+----------+-----------+-----------+----------+----------+

============================================================
+ Verbose Summary: Synthesis Manager
============================================================
InlineROM: 1
ExposeGlobal: 0
============================================================
+ Verbose Summary: CDFG Model
============================================================
IsTopModel: 0
ResetActiveHigh: 1
IsCombinational: 0
IsDatapathOnly: 0
HasWiredReturn: 1
HasMFsm: 2
HasVarLatency: 1
IsPipeline: 0
IsRtlPipelined: 0
IsInstanceOverlapped: 0
IsDontTouch: 0
HasImplIP: 0
IsGatedGlobalClock: 0

+ Individual pipeline summary: 
  * Pipeline-0: initiation interval (II) = 1, depth = 2


============================================================
+ Verbose Summary: Schedule
============================================================
* Number of FSM states : 5
* Pipeline : 1
  Pipeline-0 : II = 1, D = 2, States = { 2 3 }
* Dataflow Pipeline: 0

* FSM state transitions: 
1 --> 2 
2 --> 4 3 
3 --> 2 
4 --> 5 
5 --> 

* FSM state operations: 

State 1 <SV = 0> <Delay = 0.42>
ST_1 : Operation 6 [1/1] (0.00ns)   --->   "%j = alloca i32 1"   --->   Operation 6 'alloca' 'j' <Predicate = true> <Delay = 0.00>
ST_1 : Operation 7 [1/1] (0.00ns)   --->   "%specaxissidechannel_ln0 = specaxissidechannel void @_ssdm_op_SpecAXISSideChannel, i32 %m_axis_video_V_data_V, i4 %m_axis_video_V_keep_V, i4 %m_axis_video_V_strb_V, i1 %m_axis_video_V_user_V, i1 %m_axis_video_V_last_V, i1 %m_axis_video_V_id_V, i1 %m_axis_video_V_dest_V, void @empty_20"   --->   Operation 7 'specaxissidechannel' 'specaxissidechannel_ln0' <Predicate = true> <Delay = 0.00>
ST_1 : Operation 8 [1/1] (0.00ns)   --->   "%specinterface_ln0 = specinterface void @_ssdm_op_SpecInterface, i1 %m_axis_video_V_dest_V, i1 %m_axis_video_V_id_V, i1 %m_axis_video_V_last_V, i1 %m_axis_video_V_user_V, i4 %m_axis_video_V_strb_V, i4 %m_axis_video_V_keep_V, i32 %m_axis_video_V_data_V, void @empty_18, i32 0, i32 0, void @empty_27, i32 0, i32 0, void @empty_28, void @empty_28, void @empty_28, i32 0, i32 0, i32 0, i32 0, void @empty_28, void @empty_28, i32 4294967295, i32 0"   --->   Operation 8 'specinterface' 'specinterface_ln0' <Predicate = true> <Delay = 0.00>
ST_1 : Operation 9 [1/1] (0.00ns)   --->   "%specinterface_ln0 = specinterface void @_ssdm_op_SpecInterface, i30 %ovrlayYUV, void @empty_17, i32 0, i32 0, void @empty_28, i32 0, i32 0, void @empty_28, void @empty_28, void @empty_28, i32 0, i32 0, i32 0, i32 0, void @empty_28, void @empty_28, i32 4294967295, i32 0"   --->   Operation 9 'specinterface' 'specinterface_ln0' <Predicate = true> <Delay = 0.00>
ST_1 : Operation 10 [1/1] (0.00ns)   --->   "%sub_read = read i12 @_ssdm_op_Read.ap_auto.i12, i12 %sub"   --->   Operation 10 'read' 'sub_read' <Predicate = true> <Delay = 0.00>
ST_1 : Operation 11 [1/1] (0.00ns)   --->   "%field_id_load_read = read i16 @_ssdm_op_Read.ap_auto.i16, i16 %field_id_load"   --->   Operation 11 'read' 'field_id_load_read' <Predicate = true> <Delay = 0.00>
ST_1 : Operation 12 [1/1] (0.00ns)   --->   "%icmp_ln975_read = read i1 @_ssdm_op_Read.ap_auto.i1, i1 %icmp_ln975"   --->   Operation 12 'read' 'icmp_ln975_read' <Predicate = true> <Delay = 0.00>
ST_1 : Operation 13 [1/1] (0.00ns)   --->   "%fid_in_load_read = read i1 @_ssdm_op_Read.ap_auto.i1, i1 %fid_in_load"   --->   Operation 13 'read' 'fid_in_load_read' <Predicate = true> <Delay = 0.00>
ST_1 : Operation 14 [1/1] (0.00ns)   --->   "%width_load_cast1_read = read i11 @_ssdm_op_Read.ap_auto.i11, i11 %width_load_cast1"   --->   Operation 14 'read' 'width_load_cast1_read' <Predicate = true> <Delay = 0.00>
ST_1 : Operation 15 [1/1] (0.00ns)   --->   "%tmp_25 = read i1 @_ssdm_op_Read.ap_auto.i1, i1 %empty"   --->   Operation 15 'read' 'tmp_25' <Predicate = true> <Delay = 0.00>
ST_1 : Operation 16 [1/1] (0.00ns)   --->   "%sof_read = read i1 @_ssdm_op_Read.ap_auto.i1, i1 %sof"   --->   Operation 16 'read' 'sof_read' <Predicate = true> <Delay = 0.00>
ST_1 : Operation 17 [1/1] (0.42ns)   --->   "%store_ln0 = store i11 0, i11 %j"   --->   Operation 17 'store' 'store_ln0' <Predicate = true> <Delay = 0.42>
ST_1 : Operation 18 [1/1] (0.42ns)   --->   "%br_ln0 = br void %for.body23"   --->   Operation 18 'br' 'br_ln0' <Predicate = true> <Delay = 0.42>

State 2 <SV = 1> <Delay = 1.37>
ST_2 : Operation 19 [1/1] (0.00ns)   --->   "%tmp_user_V = phi i1 0, void %for.inc112, i1 %sof_read, void %newFuncRoot"   --->   Operation 19 'phi' 'tmp_user_V' <Predicate = true> <Delay = 0.00>
ST_2 : Operation 20 [1/1] (0.00ns)   --->   "%p_phi = phi i1 %empty_143, void %for.inc112, i1 %tmp_25, void %newFuncRoot" [C:/Users/hhhh/rekonfigi/video_passthrough_kria/video_passthrough_kria.runs/synth_1/prj/sol/.autopilot/db/v_tpg.cpp:963]   --->   Operation 20 'phi' 'p_phi' <Predicate = true> <Delay = 0.00>
ST_2 : Operation 21 [1/1] (0.00ns)   --->   "%j_1 = load i11 %j" [C:/Users/hhhh/rekonfigi/video_passthrough_kria/video_passthrough_kria.runs/synth_1/prj/sol/.autopilot/db/v_tpg.cpp:936]   --->   Operation 21 'load' 'j_1' <Predicate = true> <Delay = 0.00>
ST_2 : Operation 22 [1/1] (0.00ns)   --->   "%zext_ln936 = zext i11 %j_1" [C:/Users/hhhh/rekonfigi/video_passthrough_kria/video_passthrough_kria.runs/synth_1/prj/sol/.autopilot/db/v_tpg.cpp:936]   --->   Operation 22 'zext' 'zext_ln936' <Predicate = true> <Delay = 0.00>
ST_2 : Operation 23 [1/1] (0.94ns)   --->   "%icmp_ln936 = icmp_eq  i11 %j_1, i11 %width_load_cast1_read" [C:/Users/hhhh/rekonfigi/video_passthrough_kria/video_passthrough_kria.runs/synth_1/prj/sol/.autopilot/db/v_tpg.cpp:936]   --->   Operation 23 'icmp' 'icmp_ln936' <Predicate = true> <Delay = 0.94> <CoreInst = "Cmp">   --->   Core 9 'Cmp' <Latency = 0> <II = 1> <Delay = 0.94> <FuncUnit> <Opcode : 'icmp'> <InPorts = 2> <OutPorts = 1>
ST_2 : Operation 24 [1/1] (0.00ns)   --->   "%speclooptripcount_ln0 = speclooptripcount void @_ssdm_op_SpecLoopTripCount, i64 1, i64 1920, i64 0"   --->   Operation 24 'speclooptripcount' 'speclooptripcount_ln0' <Predicate = true> <Delay = 0.00>
ST_2 : Operation 25 [1/1] (0.79ns)   --->   "%j_2 = add i11 %j_1, i11 1" [C:/Users/hhhh/rekonfigi/video_passthrough_kria/video_passthrough_kria.runs/synth_1/prj/sol/.autopilot/db/v_tpg.cpp:936]   --->   Operation 25 'add' 'j_2' <Predicate = true> <Delay = 0.79> <CoreInst = "Adder">   --->   Core 1 'Adder' <Latency = 0> <II = 1> <Delay = 0.79> <FuncUnit> <Opcode : 'add' 'sub'> <InPorts = 2> <OutPorts = 1>
ST_2 : Operation 26 [1/1] (0.00ns)   --->   "%br_ln936 = br i1 %icmp_ln936, void %for.body23.split, void %for.inc115.loopexit.exitStub" [C:/Users/hhhh/rekonfigi/video_passthrough_kria/video_passthrough_kria.runs/synth_1/prj/sol/.autopilot/db/v_tpg.cpp:936]   --->   Operation 26 'br' 'br_ln936' <Predicate = true> <Delay = 0.00>
ST_2 : Operation 27 [1/1] (0.00ns)   --->   "%specpipeline_ln939 = specpipeline void @_ssdm_op_SpecPipeline, i32 1, i32 0, i32 0, i32 0, void @empty_28" [C:/Users/hhhh/rekonfigi/video_passthrough_kria/video_passthrough_kria.runs/synth_1/prj/sol/.autopilot/db/v_tpg.cpp:939]   --->   Operation 27 'specpipeline' 'specpipeline_ln939' <Predicate = (!icmp_ln936)> <Delay = 0.00>
ST_2 : Operation 28 [1/1] (0.00ns)   --->   "%specloopname_ln928 = specloopname void @_ssdm_op_SpecLoopName, void @empty_8" [C:/Users/hhhh/rekonfigi/video_passthrough_kria/video_passthrough_kria.runs/synth_1/prj/sol/.autopilot/db/v_tpg.cpp:928]   --->   Operation 28 'specloopname' 'specloopname_ln928' <Predicate = (!icmp_ln936)> <Delay = 0.00>
ST_2 : Operation 29 [1/1] (0.97ns)   --->   "%tmp_last_V = icmp_eq  i12 %zext_ln936, i12 %sub_read" [C:/Users/hhhh/rekonfigi/video_passthrough_kria/video_passthrough_kria.runs/synth_1/prj/sol/.autopilot/db/v_tpg.cpp:949]   --->   Operation 29 'icmp' 'tmp_last_V' <Predicate = (!icmp_ln936)> <Delay = 0.97> <CoreInst = "Cmp">   --->   Core 9 'Cmp' <Latency = 0> <II = 1> <Delay = 0.97> <FuncUnit> <Opcode : 'icmp'> <InPorts = 2> <OutPorts = 1>
ST_2 : Operation 30 [1/1] (0.00ns)   --->   "%br_ln958 = br i1 %tmp_user_V, void %for.body46_ifconv, void %if.then36" [C:/Users/hhhh/rekonfigi/video_passthrough_kria/video_passthrough_kria.runs/synth_1/prj/sol/.autopilot/db/v_tpg.cpp:958]   --->   Operation 30 'br' 'br_ln958' <Predicate = (!icmp_ln936)> <Delay = 0.00>
ST_2 : Operation 31 [1/1] (0.00ns)   --->   "%counter_loc_1_out_load = load i16 %counter_loc_1_out" [C:/Users/hhhh/rekonfigi/video_passthrough_kria/video_passthrough_kria.runs/synth_1/prj/sol/.autopilot/db/v_tpg.cpp:960]   --->   Operation 31 'load' 'counter_loc_1_out_load' <Predicate = (!icmp_ln936 & tmp_user_V)> <Delay = 0.00>
ST_2 : Operation 32 [1/1] (0.85ns)   --->   "%add_ln960 = add i16 %counter_loc_1_out_load, i16 1" [C:/Users/hhhh/rekonfigi/video_passthrough_kria/video_passthrough_kria.runs/synth_1/prj/sol/.autopilot/db/v_tpg.cpp:960]   --->   Operation 32 'add' 'add_ln960' <Predicate = (!icmp_ln936 & tmp_user_V)> <Delay = 0.85> <CoreInst = "Adder">   --->   Core 1 'Adder' <Latency = 0> <II = 1> <Delay = 0.85> <FuncUnit> <Opcode : 'add' 'sub'> <InPorts = 2> <OutPorts = 1>
ST_2 : Operation 33 [1/1] (0.00ns)   --->   "%store_ln960 = store i16 %add_ln960, i16 %counter" [C:/Users/hhhh/rekonfigi/video_passthrough_kria/video_passthrough_kria.runs/synth_1/prj/sol/.autopilot/db/v_tpg.cpp:960]   --->   Operation 33 'store' 'store_ln960' <Predicate = (!icmp_ln936 & tmp_user_V)> <Delay = 0.00>
ST_2 : Operation 34 [1/1] (0.00ns)   --->   "%store_ln961 = store i16 %add_ln960, i16 %counter_loc_1_out" [C:/Users/hhhh/rekonfigi/video_passthrough_kria/video_passthrough_kria.runs/synth_1/prj/sol/.autopilot/db/v_tpg.cpp:961]   --->   Operation 34 'store' 'store_ln961' <Predicate = (!icmp_ln936 & tmp_user_V)> <Delay = 0.00>
ST_2 : Operation 35 [1/1] (0.00ns)   --->   "%br_ln961 = br void %for.body46_ifconv" [C:/Users/hhhh/rekonfigi/video_passthrough_kria/video_passthrough_kria.runs/synth_1/prj/sol/.autopilot/db/v_tpg.cpp:961]   --->   Operation 35 'br' 'br_ln961' <Predicate = (!icmp_ln936 & tmp_user_V)> <Delay = 0.00>
ST_2 : Operation 36 [1/1] (0.44ns)   --->   "%switch_ln993 = switch i16 %field_id_load_read, void %if.else107, i16 0, void %if.then94, i16 1, void %if.then98, i16 2, void %if.then102, i16 3, void %if.then106" [C:/Users/hhhh/rekonfigi/video_passthrough_kria/video_passthrough_kria.runs/synth_1/prj/sol/.autopilot/db/v_tpg.cpp:993]   --->   Operation 36 'switch' 'switch_ln993' <Predicate = (!icmp_ln936)> <Delay = 0.44>
ST_2 : Operation 37 [1/1] (0.00ns)   --->   "%write_ln1004 = write void @_ssdm_op_Write.ap_auto.i1P0A, i1 %fid, i1 1" [C:/Users/hhhh/rekonfigi/video_passthrough_kria/video_passthrough_kria.runs/synth_1/prj/sol/.autopilot/db/v_tpg.cpp:1004]   --->   Operation 37 'write' 'write_ln1004' <Predicate = (!icmp_ln936 & field_id_load_read == 2)> <Delay = 0.00>
ST_2 : Operation 38 [1/1] (0.57ns)   --->   "%br_ln1005 = br void %for.inc112" [C:/Users/hhhh/rekonfigi/video_passthrough_kria/video_passthrough_kria.runs/synth_1/prj/sol/.autopilot/db/v_tpg.cpp:1005]   --->   Operation 38 'br' 'br_ln1005' <Predicate = (!icmp_ln936 & field_id_load_read == 2)> <Delay = 0.57>
ST_2 : Operation 39 [1/1] (0.00ns)   --->   "%write_ln995 = write void @_ssdm_op_Write.ap_auto.i1P0A, i1 %fid, i1 0" [C:/Users/hhhh/rekonfigi/video_passthrough_kria/video_passthrough_kria.runs/synth_1/prj/sol/.autopilot/db/v_tpg.cpp:995]   --->   Operation 39 'write' 'write_ln995' <Predicate = (!icmp_ln936 & field_id_load_read == 0)> <Delay = 0.00>
ST_2 : Operation 40 [1/1] (0.57ns)   --->   "%br_ln996 = br void %for.inc112" [C:/Users/hhhh/rekonfigi/video_passthrough_kria/video_passthrough_kria.runs/synth_1/prj/sol/.autopilot/db/v_tpg.cpp:996]   --->   Operation 40 'br' 'br_ln996' <Predicate = (!icmp_ln936 & field_id_load_read == 0)> <Delay = 0.57>
ST_2 : Operation 41 [1/1] (0.00ns)   --->   "%write_ln1013 = write void @_ssdm_op_Write.ap_auto.i1P0A, i1 %fid, i1 %fid_in_load_read" [C:/Users/hhhh/rekonfigi/video_passthrough_kria/video_passthrough_kria.runs/synth_1/prj/sol/.autopilot/db/v_tpg.cpp:1013]   --->   Operation 41 'write' 'write_ln1013' <Predicate = (!icmp_ln936 & field_id_load_read != 0 & field_id_load_read != 1 & field_id_load_read != 2 & field_id_load_read != 3)> <Delay = 0.00>
ST_2 : Operation 42 [1/1] (0.57ns)   --->   "%br_ln0 = br void %for.inc112"   --->   Operation 42 'br' 'br_ln0' <Predicate = (!icmp_ln936 & field_id_load_read != 0 & field_id_load_read != 1 & field_id_load_read != 2 & field_id_load_read != 3)> <Delay = 0.57>
ST_2 : Operation 43 [1/1] (0.42ns)   --->   "%store_ln936 = store i11 %j_2, i11 %j" [C:/Users/hhhh/rekonfigi/video_passthrough_kria/video_passthrough_kria.runs/synth_1/prj/sol/.autopilot/db/v_tpg.cpp:936]   --->   Operation 43 'store' 'store_ln936' <Predicate = (!icmp_ln936)> <Delay = 0.42>
ST_2 : Operation 44 [1/1] (0.00ns)   --->   "%br_ln936 = br void %for.body23" [C:/Users/hhhh/rekonfigi/video_passthrough_kria/video_passthrough_kria.runs/synth_1/prj/sol/.autopilot/db/v_tpg.cpp:936]   --->   Operation 44 'br' 'br_ln936' <Predicate = (!icmp_ln936)> <Delay = 0.00>

State 3 <SV = 2> <Delay = 1.86>
ST_3 : Operation 45 [1/1] (0.00ns)   --->   "%counter_loc_1_out_load_1 = load i16 %counter_loc_1_out" [C:/Users/hhhh/rekonfigi/video_passthrough_kria/video_passthrough_kria.runs/synth_1/prj/sol/.autopilot/db/v_tpg.cpp:963]   --->   Operation 45 'load' 'counter_loc_1_out_load_1' <Predicate = (!icmp_ln936)> <Delay = 0.00>
ST_3 : Operation 46 [1/1] (0.00ns)   --->   "%fid_toggle = trunc i16 %counter_loc_1_out_load_1" [C:/Users/hhhh/rekonfigi/video_passthrough_kria/video_passthrough_kria.runs/synth_1/prj/sol/.autopilot/db/v_tpg.cpp:963]   --->   Operation 46 'trunc' 'fid_toggle' <Predicate = (!icmp_ln936)> <Delay = 0.00>
ST_3 : Operation 47 [1/1] (1.46ns)   --->   "%ovrlayYUV_read = read i30 @_ssdm_op_Read.ap_fifo.volatile.i30P0A, i30 %ovrlayYUV" [C:/Users/hhhh/rekonfigi/video_passthrough_kria/video_passthrough_kria.runs/synth_1/prj/sol/.autopilot/db/v_tpg.cpp:963]   --->   Operation 47 'read' 'ovrlayYUV_read' <Predicate = (!icmp_ln936)> <Delay = 1.46> <CoreInst = "FIFO_SRL">   --->   Core 81 'FIFO_SRL' <Latency = 0> <II = 1> <Delay = 2.04> <Storage> <Opcode : 'read' 'write' 'nbread' 'nbwrite'> <Ports = 0> <Width = 30> <Depth = 16> <FIFO>
ST_3 : Operation 48 [1/1] (0.00ns)   --->   "%pix_444_V = trunc i30 %ovrlayYUV_read" [C:/Users/hhhh/rekonfigi/video_passthrough_kria/video_passthrough_kria.runs/synth_1/prj/sol/.autopilot/db/v_tpg.cpp:963]   --->   Operation 48 'trunc' 'pix_444_V' <Predicate = (!icmp_ln936)> <Delay = 0.00>
ST_3 : Operation 49 [1/1] (0.00ns)   --->   "%pix_rgb_V_2 = partselect i10 @_ssdm_op_PartSelect.i10.i30.i32.i32, i30 %ovrlayYUV_read, i32 10, i32 19" [C:/Users/hhhh/rekonfigi/video_passthrough_kria/video_passthrough_kria.runs/synth_1/prj/sol/.autopilot/db/v_tpg.cpp:963]   --->   Operation 49 'partselect' 'pix_rgb_V_2' <Predicate = (!icmp_ln936)> <Delay = 0.00>
ST_3 : Operation 50 [1/1] (0.00ns)   --->   "%pix_rgb_V = partselect i10 @_ssdm_op_PartSelect.i10.i30.i32.i32, i30 %ovrlayYUV_read, i32 20, i32 29" [C:/Users/hhhh/rekonfigi/video_passthrough_kria/video_passthrough_kria.runs/synth_1/prj/sol/.autopilot/db/v_tpg.cpp:963]   --->   Operation 50 'partselect' 'pix_rgb_V' <Predicate = (!icmp_ln936)> <Delay = 0.00>
ST_3 : Operation 51 [1/1] (0.00ns)   --->   "%p_Result_s = bitconcatenate i11 @_ssdm_op_BitConcatenate.i11.i1.i10, i1 1, i10 %pix_444_V"   --->   Operation 51 'bitconcatenate' 'p_Result_s' <Predicate = (!icmp_ln936 & !icmp_ln975_read)> <Delay = 0.00>
ST_3 : Operation 52 [1/1] (0.00ns)   --->   "%p_Result_1 = bitconcatenate i11 @_ssdm_op_BitConcatenate.i11.i1.i10, i1 1, i10 %pix_rgb_V_2"   --->   Operation 52 'bitconcatenate' 'p_Result_1' <Predicate = (!icmp_ln936 & icmp_ln975_read)> <Delay = 0.00>
ST_3 : Operation 53 [1/1] (0.38ns)   --->   "%axi_data_V = select i1 %icmp_ln975_read, i11 %p_Result_1, i11 %p_Result_s" [C:/Users/hhhh/rekonfigi/video_passthrough_kria/video_passthrough_kria.runs/synth_1/prj/sol/.autopilot/db/v_tpg.cpp:975]   --->   Operation 53 'select' 'axi_data_V' <Predicate = (!icmp_ln936)> <Delay = 0.38> <CoreInst = "Sel">   --->   Core 73 'Sel' <Latency = 0> <II = 1> <Delay = 0.38> <FuncUnit> <Opcode : 'select'> <InPorts = 3> <OutPorts = 1>
ST_3 : Operation 54 [1/1] (0.00ns)   --->   "%sext_ln880 = sext i11 %axi_data_V" [C:/Users/hhhh/rekonfigi/video_passthrough_kria/video_passthrough_kria.runs/synth_1/prj/sol/.autopilot/db/v_tpg.cpp:880]   --->   Operation 54 'sext' 'sext_ln880' <Predicate = (!icmp_ln936)> <Delay = 0.00>
ST_3 : Operation 55 [1/1] (0.40ns)   --->   "%select_ln975 = select i1 %icmp_ln975_read, i10 %pix_rgb_V, i10 %pix_rgb_V_2" [C:/Users/hhhh/rekonfigi/video_passthrough_kria/video_passthrough_kria.runs/synth_1/prj/sol/.autopilot/db/v_tpg.cpp:975]   --->   Operation 55 'select' 'select_ln975' <Predicate = (!icmp_ln936)> <Delay = 0.40> <CoreInst = "Sel">   --->   Core 73 'Sel' <Latency = 0> <II = 1> <Delay = 0.40> <FuncUnit> <Opcode : 'select'> <InPorts = 3> <OutPorts = 1>
ST_3 : Operation 56 [1/1] (0.40ns)   --->   "%select_ln975_1 = select i1 %icmp_ln975_read, i10 %pix_444_V, i10 %pix_rgb_V" [C:/Users/hhhh/rekonfigi/video_passthrough_kria/video_passthrough_kria.runs/synth_1/prj/sol/.autopilot/db/v_tpg.cpp:975]   --->   Operation 56 'select' 'select_ln975_1' <Predicate = (!icmp_ln936)> <Delay = 0.40> <CoreInst = "Sel">   --->   Core 73 'Sel' <Latency = 0> <II = 1> <Delay = 0.40> <FuncUnit> <Opcode : 'select'> <InPorts = 3> <OutPorts = 1>
ST_3 : Operation 57 [1/1] (0.00ns)   --->   "%tmp = bitconcatenate i20 @_ssdm_op_BitConcatenate.i20.i10.i10, i10 %select_ln975_1, i10 %select_ln975" [C:/Users/hhhh/rekonfigi/video_passthrough_kria/video_passthrough_kria.runs/synth_1/prj/sol/.autopilot/db/v_tpg.cpp:975]   --->   Operation 57 'bitconcatenate' 'tmp' <Predicate = (!icmp_ln936)> <Delay = 0.00>
ST_3 : Operation 58 [1/1] (0.00ns)   --->   "%axi_data_V_3 = partset i30 @_ssdm_op_PartSet.i30.i30.i20.i32.i32, i30 %sext_ln880, i20 %tmp, i32 10, i32 29" [C:/Users/hhhh/rekonfigi/video_passthrough_kria/video_passthrough_kria.runs/synth_1/prj/sol/.autopilot/db/v_tpg.cpp:975]   --->   Operation 58 'partset' 'axi_data_V_3' <Predicate = (!icmp_ln936)> <Delay = 0.00>
ST_3 : Operation 59 [1/1] (0.00ns)   --->   "%zext_ln258 = zext i30 %axi_data_V_3"   --->   Operation 59 'zext' 'zext_ln258' <Predicate = (!icmp_ln936)> <Delay = 0.00>
ST_3 : Operation 60 [1/1] (0.00ns)   --->   "%write_ln258 = write void @_ssdm_op_Write.axis.volatile.i32P0A.i4P0A.i4P0A.i1P0A.i1P0A.i1P0A.i1P0A, i32 %m_axis_video_V_data_V, i4 %m_axis_video_V_keep_V, i4 %m_axis_video_V_strb_V, i1 %m_axis_video_V_user_V, i1 %m_axis_video_V_last_V, i1 %m_axis_video_V_id_V, i1 %m_axis_video_V_dest_V, i32 %zext_ln258, i4 15, i4 0, i1 %tmp_user_V, i1 %tmp_last_V, i1 0, i1 0"   --->   Operation 60 'write' 'write_ln258' <Predicate = (!icmp_ln936)> <Delay = 0.00> <CoreInst = "axis">   --->   Core 123 'axis' <Latency = 0> <II = 1> <Delay = 1.00> <Adapter> <Opcode : >
ST_3 : Operation 61 [1/1] (0.28ns)   --->   "%fid_toggle_1 = xor i1 %fid_toggle, i1 1" [C:/Users/hhhh/rekonfigi/video_passthrough_kria/video_passthrough_kria.runs/synth_1/prj/sol/.autopilot/db/v_tpg.cpp:1008]   --->   Operation 61 'xor' 'fid_toggle_1' <Predicate = (!icmp_ln936 & field_id_load_read == 3)> <Delay = 0.28> <CoreInst = "LogicGate">   --->   Core 74 'LogicGate' <Latency = 0> <II = 1> <Delay = 0.28> <FuncUnit> <Opcode : 'and' 'or' 'xor'> <InPorts = 2> <OutPorts = 1>
ST_3 : Operation 62 [1/1] (0.00ns)   --->   "%write_ln1009 = write void @_ssdm_op_Write.ap_auto.i1P0A, i1 %fid, i1 %fid_toggle_1" [C:/Users/hhhh/rekonfigi/video_passthrough_kria/video_passthrough_kria.runs/synth_1/prj/sol/.autopilot/db/v_tpg.cpp:1009]   --->   Operation 62 'write' 'write_ln1009' <Predicate = (!icmp_ln936 & field_id_load_read == 3)> <Delay = 0.00>
ST_3 : Operation 63 [1/1] (0.57ns)   --->   "%br_ln1010 = br void %for.inc112" [C:/Users/hhhh/rekonfigi/video_passthrough_kria/video_passthrough_kria.runs/synth_1/prj/sol/.autopilot/db/v_tpg.cpp:1010]   --->   Operation 63 'br' 'br_ln1010' <Predicate = (!icmp_ln936 & field_id_load_read == 3)> <Delay = 0.57>
ST_3 : Operation 64 [1/1] (0.00ns)   --->   "%write_ln999 = write void @_ssdm_op_Write.ap_auto.i1P0A, i1 %fid, i1 %fid_toggle" [C:/Users/hhhh/rekonfigi/video_passthrough_kria/video_passthrough_kria.runs/synth_1/prj/sol/.autopilot/db/v_tpg.cpp:999]   --->   Operation 64 'write' 'write_ln999' <Predicate = (!icmp_ln936 & field_id_load_read == 1)> <Delay = 0.00>
ST_3 : Operation 65 [1/1] (0.57ns)   --->   "%br_ln1001 = br void %for.inc112" [C:/Users/hhhh/rekonfigi/video_passthrough_kria/video_passthrough_kria.runs/synth_1/prj/sol/.autopilot/db/v_tpg.cpp:1001]   --->   Operation 65 'br' 'br_ln1001' <Predicate = (!icmp_ln936 & field_id_load_read == 1)> <Delay = 0.57>
ST_3 : Operation 66 [1/1] (0.00ns)   --->   "%empty_143 = phi i1 0, void %if.then94, i1 %fid_toggle, void %if.then98, i1 1, void %if.then102, i1 %fid_in_load_read, void %if.else107, i1 %fid_toggle_1, void %if.then106"   --->   Operation 66 'phi' 'empty_143' <Predicate = (!icmp_ln936)> <Delay = 0.00>

State 4 <SV = 2> <Delay = 0.00>
ST_4 : Operation 67 [1/1] (0.00ns)   --->   "%store_ln963 = store i1 %p_phi, i1 %p_phi_out" [C:/Users/hhhh/rekonfigi/video_passthrough_kria/video_passthrough_kria.runs/synth_1/prj/sol/.autopilot/db/v_tpg.cpp:963]   --->   Operation 67 'store' 'store_ln963' <Predicate = true> <Delay = 0.00>

State 5 <SV = 3> <Delay = 0.00>
ST_5 : Operation 68 [1/1] (0.00ns)   --->   "%ret_ln0 = ret"   --->   Operation 68 'ret' 'ret_ln0' <Predicate = true> <Delay = 0.00>


============================================================
+ Verbose Summary: Binding
============================================================
STG Binding: 
---------------- STG Properties BEGIN ----------------
- Is combinational: 0
- Is one-state seq: 0
- Is datapath-only: 0
- Is pipelined: 0
- Is top level: 0
Port [ Return ] is wired: 1; IO mode=ap_ctrl_hs:ce=0
Port [ sof]:  wired=1; compound=0; hidden=0; nouse=0; global=0; static=0; extern=0; dir=0; type=0; pingpong=0; private_global=0; IO mode=ap_none:ce=0
Port [ empty]:  wired=1; compound=0; hidden=0; nouse=0; global=0; static=0; extern=0; dir=0; type=0; pingpong=0; private_global=0; IO mode=ap_none:ce=0
Port [ width_load_cast1]:  wired=1; compound=0; hidden=0; nouse=0; global=0; static=0; extern=0; dir=0; type=0; pingpong=0; private_global=0; IO mode=ap_stable:ce=0
Port [ fid_in_load]:  wired=1; compound=0; hidden=0; nouse=0; global=0; static=0; extern=0; dir=0; type=0; pingpong=0; private_global=0; IO mode=ap_stable:ce=0
Port [ fid]:  wired=1; compound=0; hidden=0; nouse=0; global=0; static=0; extern=0; dir=1; type=0; pingpong=0; private_global=0; IO mode=ap_vld:ce=0
Port [ ovrlayYUV]:  wired=1; compound=1; hidden=0; nouse=0; global=0; static=0; extern=0; dir=0; type=3; pingpong=0; private_global=0; IO mode=ap_fifo:ce=0
Port [ icmp_ln975]:  wired=1; compound=0; hidden=0; nouse=0; global=0; static=0; extern=0; dir=0; type=0; pingpong=0; private_global=0; IO mode=ap_stable:ce=0
Port [ m_axis_video_V_data_V]:  wired=1; compound=1; hidden=0; nouse=0; global=0; static=0; extern=0; dir=1; type=0; pingpong=0; private_global=0; IO mode=axis:ce=0
Port [ m_axis_video_V_keep_V]:  wired=1; compound=1; hidden=0; nouse=0; global=0; static=0; extern=0; dir=1; type=0; pingpong=0; private_global=0; IO mode=axis:ce=0
Port [ m_axis_video_V_strb_V]:  wired=1; compound=1; hidden=0; nouse=0; global=0; static=0; extern=0; dir=1; type=0; pingpong=0; private_global=0; IO mode=axis:ce=0
Port [ m_axis_video_V_user_V]:  wired=1; compound=1; hidden=0; nouse=0; global=0; static=0; extern=0; dir=1; type=0; pingpong=0; private_global=0; IO mode=axis:ce=0
Port [ m_axis_video_V_last_V]:  wired=1; compound=1; hidden=0; nouse=0; global=0; static=0; extern=0; dir=1; type=0; pingpong=0; private_global=0; IO mode=axis:ce=0
Port [ m_axis_video_V_id_V]:  wired=1; compound=1; hidden=0; nouse=0; global=0; static=0; extern=0; dir=1; type=0; pingpong=0; private_global=0; IO mode=axis:ce=0
Port [ m_axis_video_V_dest_V]:  wired=1; compound=1; hidden=0; nouse=0; global=0; static=0; extern=0; dir=1; type=0; pingpong=0; private_global=0; IO mode=axis:ce=0
Port [ field_id_load]:  wired=1; compound=0; hidden=0; nouse=0; global=0; static=0; extern=0; dir=0; type=0; pingpong=0; private_global=0; IO mode=ap_stable:ce=0
Port [ sub]:  wired=1; compound=0; hidden=0; nouse=0; global=0; static=0; extern=0; dir=0; type=0; pingpong=0; private_global=0; IO mode=ap_stable:ce=0
Port [ counter_loc_1_out]:  wired=1; compound=0; hidden=0; nouse=0; global=0; static=0; extern=0; dir=2; type=0; pingpong=0; private_global=0; IO mode=ap_ovld:ce=0
Port [ p_phi_out]:  wired=1; compound=0; hidden=0; nouse=0; global=0; static=0; extern=0; dir=1; type=0; pingpong=0; private_global=0; IO mode=ap_vld:ce=0
Port [ counter]:  wired=1; compound=0; hidden=0; nouse=0; global=1; static=1; extern=0; dir=1; type=0; pingpong=0; private_global=0; IO mode=ap_vld:ce=0
---------------- STG Properties END ------------------

---------------- Datapath Model BEGIN ----------------

<LifeTime>
<method=bitvector/>
j                        (alloca             ) [ 011100]
specaxissidechannel_ln0  (specaxissidechannel) [ 000000]
specinterface_ln0        (specinterface      ) [ 000000]
specinterface_ln0        (specinterface      ) [ 000000]
sub_read                 (read               ) [ 001100]
field_id_load_read       (read               ) [ 001100]
icmp_ln975_read          (read               ) [ 001100]
fid_in_load_read         (read               ) [ 001100]
width_load_cast1_read    (read               ) [ 001100]
tmp_25                   (read               ) [ 011100]
sof_read                 (read               ) [ 011100]
store_ln0                (store              ) [ 000000]
br_ln0                   (br                 ) [ 011100]
tmp_user_V               (phi                ) [ 001100]
p_phi                    (phi                ) [ 001010]
j_1                      (load               ) [ 000000]
zext_ln936               (zext               ) [ 000000]
icmp_ln936               (icmp               ) [ 001100]
speclooptripcount_ln0    (speclooptripcount  ) [ 000000]
j_2                      (add                ) [ 000000]
br_ln936                 (br                 ) [ 000000]
specpipeline_ln939       (specpipeline       ) [ 000000]
specloopname_ln928       (specloopname       ) [ 000000]
tmp_last_V               (icmp               ) [ 001100]
br_ln958                 (br                 ) [ 000000]
counter_loc_1_out_load   (load               ) [ 000000]
add_ln960                (add                ) [ 000000]
store_ln960              (store              ) [ 000000]
store_ln961              (store              ) [ 000000]
br_ln961                 (br                 ) [ 000000]
switch_ln993             (switch             ) [ 000000]
write_ln1004             (write              ) [ 000000]
br_ln1005                (br                 ) [ 001100]
write_ln995              (write              ) [ 000000]
br_ln996                 (br                 ) [ 001100]
write_ln1013             (write              ) [ 000000]
br_ln0                   (br                 ) [ 001100]
store_ln936              (store              ) [ 000000]
br_ln936                 (br                 ) [ 011100]
counter_loc_1_out_load_1 (load               ) [ 000000]
fid_toggle               (trunc              ) [ 000000]
ovrlayYUV_read           (read               ) [ 000000]
pix_444_V                (trunc              ) [ 000000]
pix_rgb_V_2              (partselect         ) [ 000000]
pix_rgb_V                (partselect         ) [ 000000]
p_Result_s               (bitconcatenate     ) [ 000000]
p_Result_1               (bitconcatenate     ) [ 000000]
axi_data_V               (select             ) [ 000000]
sext_ln880               (sext               ) [ 000000]
select_ln975             (select             ) [ 000000]
select_ln975_1           (select             ) [ 000000]
tmp                      (bitconcatenate     ) [ 000000]
axi_data_V_3             (partset            ) [ 000000]
zext_ln258               (zext               ) [ 000000]
write_ln258              (write              ) [ 000000]
fid_toggle_1             (xor                ) [ 000000]
write_ln1009             (write              ) [ 000000]
br_ln1010                (br                 ) [ 000000]
write_ln999              (write              ) [ 000000]
br_ln1001                (br                 ) [ 000000]
empty_143                (phi                ) [ 011100]
store_ln963              (store              ) [ 000000]
ret_ln0                  (ret                ) [ 000000]
</LifeTime>

<model>

<comp_list>
<comp id="0" class="1000" name="sof">
<pin_list>
<pin id="1" dir="1" index="0" bw="1" slack="0"/>
</pin_list>
<bind>
<StgValue><ssdm name="sof"/></StgValue>
</bind>
</comp>

<comp id="2" class="1000" name="empty">
<pin_list>
<pin id="3" dir="1" index="0" bw="1" slack="0"/>
</pin_list>
<bind>
<StgValue><ssdm name="empty"/></StgValue>
</bind>
</comp>

<comp id="4" class="1000" name="width_load_cast1">
<pin_list>
<pin id="5" dir="1" index="0" bw="1" slack="0"/>
</pin_list>
<bind>
<StgValue><ssdm name="width_load_cast1"/></StgValue>
</bind>
</comp>

<comp id="6" class="1000" name="fid_in_load">
<pin_list>
<pin id="7" dir="1" index="0" bw="1" slack="0"/>
</pin_list>
<bind>
<StgValue><ssdm name="fid_in_load"/></StgValue>
</bind>
</comp>

<comp id="8" class="1000" name="fid">
<pin_list>
<pin id="9" dir="1" index="0" bw="1" slack="0"/>
</pin_list>
<bind>
<StgValue><ssdm name="fid"/></StgValue>
</bind>
</comp>

<comp id="10" class="1000" name="ovrlayYUV">
<pin_list>
<pin id="11" dir="1" index="0" bw="1" slack="0"/>
</pin_list>
<bind>
<StgValue><ssdm name="ovrlayYUV"/></StgValue>
</bind>
</comp>

<comp id="12" class="1000" name="icmp_ln975">
<pin_list>
<pin id="13" dir="1" index="0" bw="1" slack="0"/>
</pin_list>
<bind>
<StgValue><ssdm name="icmp_ln975"/></StgValue>
</bind>
</comp>

<comp id="14" class="1000" name="m_axis_video_V_data_V">
<pin_list>
<pin id="15" dir="1" index="0" bw="1" slack="0"/>
</pin_list>
<bind>
<StgValue><ssdm name="m_axis_video_V_data_V"/></StgValue>
</bind>
</comp>

<comp id="16" class="1000" name="m_axis_video_V_keep_V">
<pin_list>
<pin id="17" dir="1" index="0" bw="1" slack="0"/>
</pin_list>
<bind>
<StgValue><ssdm name="m_axis_video_V_keep_V"/></StgValue>
</bind>
</comp>

<comp id="18" class="1000" name="m_axis_video_V_strb_V">
<pin_list>
<pin id="19" dir="1" index="0" bw="1" slack="0"/>
</pin_list>
<bind>
<StgValue><ssdm name="m_axis_video_V_strb_V"/></StgValue>
</bind>
</comp>

<comp id="20" class="1000" name="m_axis_video_V_user_V">
<pin_list>
<pin id="21" dir="1" index="0" bw="1" slack="0"/>
</pin_list>
<bind>
<StgValue><ssdm name="m_axis_video_V_user_V"/></StgValue>
</bind>
</comp>

<comp id="22" class="1000" name="m_axis_video_V_last_V">
<pin_list>
<pin id="23" dir="1" index="0" bw="1" slack="0"/>
</pin_list>
<bind>
<StgValue><ssdm name="m_axis_video_V_last_V"/></StgValue>
</bind>
</comp>

<comp id="24" class="1000" name="m_axis_video_V_id_V">
<pin_list>
<pin id="25" dir="1" index="0" bw="1" slack="0"/>
</pin_list>
<bind>
<StgValue><ssdm name="m_axis_video_V_id_V"/></StgValue>
</bind>
</comp>

<comp id="26" class="1000" name="m_axis_video_V_dest_V">
<pin_list>
<pin id="27" dir="1" index="0" bw="1" slack="0"/>
</pin_list>
<bind>
<StgValue><ssdm name="m_axis_video_V_dest_V"/></StgValue>
</bind>
</comp>

<comp id="28" class="1000" name="field_id_load">
<pin_list>
<pin id="29" dir="1" index="0" bw="1" slack="0"/>
</pin_list>
<bind>
<StgValue><ssdm name="field_id_load"/></StgValue>
</bind>
</comp>

<comp id="30" class="1000" name="sub">
<pin_list>
<pin id="31" dir="1" index="0" bw="1" slack="0"/>
</pin_list>
<bind>
<StgValue><ssdm name="sub"/></StgValue>
</bind>
</comp>

<comp id="32" class="1000" name="counter_loc_1_out">
<pin_list>
<pin id="33" dir="1" index="0" bw="1" slack="0"/>
</pin_list>
<bind>
<StgValue><ssdm name="counter_loc_1_out"/></StgValue>
</bind>
</comp>

<comp id="34" class="1000" name="p_phi_out">
<pin_list>
<pin id="35" dir="1" index="0" bw="1" slack="0"/>
</pin_list>
<bind>
<StgValue><ssdm name="p_phi_out"/></StgValue>
</bind>
</comp>

<comp id="36" class="1000" name="counter">
<pin_list>
<pin id="37" dir="1" index="0" bw="1" slack="0"/>
</pin_list>
<bind>
<StgValue><ssdm name="counter"/></StgValue>
</bind>
</comp>

<comp id="38" class="1001" name="const_38">
<pin_list>
<pin id="39" dir="1" index="0" bw="1" slack="0"/>
</pin_list>
<bind>
<StgValue><ssdm name=""/></StgValue>
</bind>
</comp>

<comp id="40" class="1001" name="const_40">
<pin_list>
<pin id="41" dir="1" index="0" bw="1" slack="2147483647"/>
</pin_list>
<bind>
<StgValue><ssdm name="_ssdm_op_SpecAXISSideChannel"/></StgValue>
</bind>
</comp>

<comp id="42" class="1001" name="const_42">
<pin_list>
<pin id="43" dir="1" index="0" bw="1" slack="2147483647"/>
</pin_list>
<bind>
<StgValue><ssdm name="empty_20"/></StgValue>
</bind>
</comp>

<comp id="44" class="1001" name="const_44">
<pin_list>
<pin id="45" dir="1" index="0" bw="1" slack="2147483647"/>
</pin_list>
<bind>
<StgValue><ssdm name="_ssdm_op_SpecInterface"/></StgValue>
</bind>
</comp>

<comp id="46" class="1001" name="const_46">
<pin_list>
<pin id="47" dir="1" index="0" bw="1" slack="2147483647"/>
</pin_list>
<bind>
<StgValue><ssdm name="empty_18"/></StgValue>
</bind>
</comp>

<comp id="48" class="1001" name="const_48">
<pin_list>
<pin id="49" dir="1" index="0" bw="1" slack="2147483647"/>
</pin_list>
<bind>
<StgValue><ssdm name=""/></StgValue>
</bind>
</comp>

<comp id="50" class="1001" name="const_50">
<pin_list>
<pin id="51" dir="1" index="0" bw="1" slack="2147483647"/>
</pin_list>
<bind>
<StgValue><ssdm name="empty_27"/></StgValue>
</bind>
</comp>

<comp id="52" class="1001" name="const_52">
<pin_list>
<pin id="53" dir="1" index="0" bw="1" slack="2147483647"/>
</pin_list>
<bind>
<StgValue><ssdm name="empty_28"/></StgValue>
</bind>
</comp>

<comp id="54" class="1001" name="const_54">
<pin_list>
<pin id="55" dir="1" index="0" bw="1" slack="2147483647"/>
</pin_list>
<bind>
<StgValue><ssdm name=""/></StgValue>
</bind>
</comp>

<comp id="56" class="1001" name="const_56">
<pin_list>
<pin id="57" dir="1" index="0" bw="1" slack="2147483647"/>
</pin_list>
<bind>
<StgValue><ssdm name="empty_17"/></StgValue>
</bind>
</comp>

<comp id="58" class="1001" name="const_58">
<pin_list>
<pin id="59" dir="1" index="0" bw="1" slack="0"/>
</pin_list>
<bind>
<StgValue><ssdm name="_ssdm_op_Read.ap_auto.i12"/></StgValue>
</bind>
</comp>

<comp id="60" class="1001" name="const_60">
<pin_list>
<pin id="61" dir="1" index="0" bw="1" slack="0"/>
</pin_list>
<bind>
<StgValue><ssdm name="_ssdm_op_Read.ap_auto.i16"/></StgValue>
</bind>
</comp>

<comp id="62" class="1001" name="const_62">
<pin_list>
<pin id="63" dir="1" index="0" bw="1" slack="0"/>
</pin_list>
<bind>
<StgValue><ssdm name="_ssdm_op_Read.ap_auto.i1"/></StgValue>
</bind>
</comp>

<comp id="64" class="1001" name="const_64">
<pin_list>
<pin id="65" dir="1" index="0" bw="1" slack="0"/>
</pin_list>
<bind>
<StgValue><ssdm name="_ssdm_op_Read.ap_auto.i11"/></StgValue>
</bind>
</comp>

<comp id="66" class="1001" name="const_66">
<pin_list>
<pin id="67" dir="1" index="0" bw="1" slack="0"/>
</pin_list>
<bind>
<StgValue><ssdm name=""/></StgValue>
</bind>
</comp>

<comp id="68" class="1001" name="const_68">
<pin_list>
<pin id="69" dir="1" index="0" bw="1" slack="0"/>
</pin_list>
<bind>
<StgValue><ssdm name=""/></StgValue>
</bind>
</comp>

<comp id="70" class="1001" name="const_70">
<pin_list>
<pin id="71" dir="1" index="0" bw="1" slack="2147483647"/>
</pin_list>
<bind>
<StgValue><ssdm name="_ssdm_op_SpecLoopTripCount"/></StgValue>
</bind>
</comp>

<comp id="72" class="1001" name="const_72">
<pin_list>
<pin id="73" dir="1" index="0" bw="1" slack="2147483647"/>
</pin_list>
<bind>
<StgValue><ssdm name=""/></StgValue>
</bind>
</comp>

<comp id="74" class="1001" name="const_74">
<pin_list>
<pin id="75" dir="1" index="0" bw="1" slack="2147483647"/>
</pin_list>
<bind>
<StgValue><ssdm name=""/></StgValue>
</bind>
</comp>

<comp id="76" class="1001" name="const_76">
<pin_list>
<pin id="77" dir="1" index="0" bw="1" slack="2147483647"/>
</pin_list>
<bind>
<StgValue><ssdm name=""/></StgValue>
</bind>
</comp>

<comp id="78" class="1001" name="const_78">
<pin_list>
<pin id="79" dir="1" index="0" bw="1" slack="0"/>
</pin_list>
<bind>
<StgValue><ssdm name=""/></StgValue>
</bind>
</comp>

<comp id="80" class="1001" name="const_80">
<pin_list>
<pin id="81" dir="1" index="0" bw="1" slack="2147483647"/>
</pin_list>
<bind>
<StgValue><ssdm name="_ssdm_op_SpecPipeline"/></StgValue>
</bind>
</comp>

<comp id="82" class="1001" name="const_82">
<pin_list>
<pin id="83" dir="1" index="0" bw="1" slack="2147483647"/>
</pin_list>
<bind>
<StgValue><ssdm name="_ssdm_op_SpecLoopName"/></StgValue>
</bind>
</comp>

<comp id="84" class="1001" name="const_84">
<pin_list>
<pin id="85" dir="1" index="0" bw="1" slack="2147483647"/>
</pin_list>
<bind>
<StgValue><ssdm name="empty_8"/></StgValue>
</bind>
</comp>

<comp id="86" class="1001" name="const_86">
<pin_list>
<pin id="87" dir="1" index="0" bw="1" slack="0"/>
</pin_list>
<bind>
<StgValue><ssdm name=""/></StgValue>
</bind>
</comp>

<comp id="88" class="1001" name="const_88">
<pin_list>
<pin id="89" dir="1" index="0" bw="1" slack="2147483647"/>
</pin_list>
<bind>
<StgValue><ssdm name=""/></StgValue>
</bind>
</comp>

<comp id="90" class="1001" name="const_90">
<pin_list>
<pin id="91" dir="1" index="0" bw="1" slack="2147483647"/>
</pin_list>
<bind>
<StgValue><ssdm name=""/></StgValue>
</bind>
</comp>

<comp id="92" class="1001" name="const_92">
<pin_list>
<pin id="93" dir="1" index="0" bw="1" slack="2147483647"/>
</pin_list>
<bind>
<StgValue><ssdm name=""/></StgValue>
</bind>
</comp>

<comp id="94" class="1001" name="const_94">
<pin_list>
<pin id="95" dir="1" index="0" bw="1" slack="0"/>
</pin_list>
<bind>
<StgValue><ssdm name="_ssdm_op_Write.ap_auto.i1P0A"/></StgValue>
</bind>
</comp>

<comp id="96" class="1001" name="const_96">
<pin_list>
<pin id="97" dir="1" index="0" bw="1" slack="0"/>
</pin_list>
<bind>
<StgValue><ssdm name=""/></StgValue>
</bind>
</comp>

<comp id="98" class="1001" name="const_98">
<pin_list>
<pin id="99" dir="1" index="0" bw="1" slack="0"/>
</pin_list>
<bind>
<StgValue><ssdm name="_ssdm_op_Read.ap_fifo.volatile.i30P0A"/></StgValue>
</bind>
</comp>

<comp id="100" class="1001" name="const_100">
<pin_list>
<pin id="101" dir="1" index="0" bw="1" slack="0"/>
</pin_list>
<bind>
<StgValue><ssdm name="_ssdm_op_PartSelect.i10.i30.i32.i32"/></StgValue>
</bind>
</comp>

<comp id="102" class="1001" name="const_102">
<pin_list>
<pin id="103" dir="1" index="0" bw="1" slack="0"/>
</pin_list>
<bind>
<StgValue><ssdm name=""/></StgValue>
</bind>
</comp>

<comp id="104" class="1001" name="const_104">
<pin_list>
<pin id="105" dir="1" index="0" bw="1" slack="0"/>
</pin_list>
<bind>
<StgValue><ssdm name=""/></StgValue>
</bind>
</comp>

<comp id="106" class="1001" name="const_106">
<pin_list>
<pin id="107" dir="1" index="0" bw="1" slack="0"/>
</pin_list>
<bind>
<StgValue><ssdm name=""/></StgValue>
</bind>
</comp>

<comp id="108" class="1001" name="const_108">
<pin_list>
<pin id="109" dir="1" index="0" bw="1" slack="0"/>
</pin_list>
<bind>
<StgValue><ssdm name=""/></StgValue>
</bind>
</comp>

<comp id="110" class="1001" name="const_110">
<pin_list>
<pin id="111" dir="1" index="0" bw="1" slack="0"/>
</pin_list>
<bind>
<StgValue><ssdm name="_ssdm_op_BitConcatenate.i11.i1.i10"/></StgValue>
</bind>
</comp>

<comp id="112" class="1001" name="const_112">
<pin_list>
<pin id="113" dir="1" index="0" bw="1" slack="0"/>
</pin_list>
<bind>
<StgValue><ssdm name="_ssdm_op_BitConcatenate.i20.i10.i10"/></StgValue>
</bind>
</comp>

<comp id="114" class="1001" name="const_114">
<pin_list>
<pin id="115" dir="1" index="0" bw="1" slack="0"/>
</pin_list>
<bind>
<StgValue><ssdm name="_ssdm_op_PartSet.i30.i30.i20.i32.i32"/></StgValue>
</bind>
</comp>

<comp id="116" class="1001" name="const_116">
<pin_list>
<pin id="117" dir="1" index="0" bw="1" slack="0"/>
</pin_list>
<bind>
<StgValue><ssdm name="_ssdm_op_Write.axis.volatile.i32P0A.i4P0A.i4P0A.i1P0A.i1P0A.i1P0A.i1P0A"/></StgValue>
</bind>
</comp>

<comp id="118" class="1001" name="const_118">
<pin_list>
<pin id="119" dir="1" index="0" bw="1" slack="0"/>
</pin_list>
<bind>
<StgValue><ssdm name=""/></StgValue>
</bind>
</comp>

<comp id="120" class="1001" name="const_120">
<pin_list>
<pin id="121" dir="1" index="0" bw="1" slack="0"/>
</pin_list>
<bind>
<StgValue><ssdm name=""/></StgValue>
</bind>
</comp>

<comp id="122" class="1001" name="const_122">
<pin_list>
<pin id="123" dir="1" index="0" bw="1" slack="0"/>
</pin_list>
<bind>
<StgValue><ssdm name=""/></StgValue>
</bind>
</comp>

<comp id="124" class="1004" name="j_fu_124">
<pin_list>
<pin id="125" dir="0" index="0" bw="1" slack="0"/>
<pin id="126" dir="1" index="1" bw="11" slack="0"/>
</pin_list>
<bind>
<opcode="alloca(26) " fcode="alloca"/>
<opset="j/1 "/>
</bind>
</comp>

<comp id="128" class="1004" name="sub_read_read_fu_128">
<pin_list>
<pin id="129" dir="0" index="0" bw="12" slack="0"/>
<pin id="130" dir="0" index="1" bw="12" slack="0"/>
<pin id="131" dir="1" index="2" bw="12" slack="1"/>
</pin_list>
<bind>
<opcode="read(1150) " fcode="read"/>
<opset="sub_read/1 "/>
</bind>
</comp>

<comp id="134" class="1004" name="field_id_load_read_read_fu_134">
<pin_list>
<pin id="135" dir="0" index="0" bw="16" slack="0"/>
<pin id="136" dir="0" index="1" bw="16" slack="0"/>
<pin id="137" dir="1" index="2" bw="16" slack="1"/>
</pin_list>
<bind>
<opcode="read(1150) " fcode="read"/>
<opset="field_id_load_read/1 "/>
</bind>
</comp>

<comp id="140" class="1004" name="icmp_ln975_read_read_fu_140">
<pin_list>
<pin id="141" dir="0" index="0" bw="1" slack="0"/>
<pin id="142" dir="0" index="1" bw="1" slack="0"/>
<pin id="143" dir="1" index="2" bw="1" slack="2"/>
</pin_list>
<bind>
<opcode="read(1150) " fcode="read"/>
<opset="icmp_ln975_read/1 "/>
</bind>
</comp>

<comp id="146" class="1004" name="fid_in_load_read_read_fu_146">
<pin_list>
<pin id="147" dir="0" index="0" bw="1" slack="0"/>
<pin id="148" dir="0" index="1" bw="1" slack="0"/>
<pin id="149" dir="1" index="2" bw="1" slack="1"/>
</pin_list>
<bind>
<opcode="read(1150) " fcode="read"/>
<opset="fid_in_load_read/1 "/>
</bind>
</comp>

<comp id="152" class="1004" name="width_load_cast1_read_read_fu_152">
<pin_list>
<pin id="153" dir="0" index="0" bw="11" slack="0"/>
<pin id="154" dir="0" index="1" bw="11" slack="0"/>
<pin id="155" dir="1" index="2" bw="11" slack="1"/>
</pin_list>
<bind>
<opcode="read(1150) " fcode="read"/>
<opset="width_load_cast1_read/1 "/>
</bind>
</comp>

<comp id="158" class="1004" name="tmp_25_read_fu_158">
<pin_list>
<pin id="159" dir="0" index="0" bw="1" slack="0"/>
<pin id="160" dir="0" index="1" bw="1" slack="0"/>
<pin id="161" dir="1" index="2" bw="1" slack="1"/>
</pin_list>
<bind>
<opcode="read(1150) " fcode="read"/>
<opset="tmp_25/1 "/>
</bind>
</comp>

<comp id="164" class="1004" name="sof_read_read_fu_164">
<pin_list>
<pin id="165" dir="0" index="0" bw="1" slack="0"/>
<pin id="166" dir="0" index="1" bw="1" slack="0"/>
<pin id="167" dir="1" index="2" bw="1" slack="1"/>
</pin_list>
<bind>
<opcode="read(1150) " fcode="read"/>
<opset="sof_read/1 "/>
</bind>
</comp>

<comp id="170" class="1004" name="grp_write_fu_170">
<pin_list>
<pin id="171" dir="0" index="0" bw="0" slack="0"/>
<pin id="172" dir="0" index="1" bw="1" slack="0"/>
<pin id="173" dir="0" index="2" bw="1" slack="0"/>
<pin id="174" dir="1" index="3" bw="0" slack="2147483647"/>
</pin_list>
<bind>
<opcode="write(1151) " fcode="write"/>
<opset="write_ln1004/2 write_ln995/2 write_ln1013/2 write_ln1009/3 write_ln999/3 "/>
</bind>
</comp>

<comp id="179" class="1004" name="ovrlayYUV_read_read_fu_179">
<pin_list>
<pin id="180" dir="0" index="0" bw="30" slack="0"/>
<pin id="181" dir="0" index="1" bw="30" slack="0"/>
<pin id="182" dir="1" index="2" bw="30" slack="0"/>
</pin_list>
<bind>
<opcode="read(1150) " fcode="read"/>
<opset="ovrlayYUV_read/3 "/>
</bind>
</comp>

<comp id="185" class="1004" name="write_ln258_write_fu_185">
<pin_list>
<pin id="186" dir="0" index="0" bw="0" slack="0"/>
<pin id="187" dir="0" index="1" bw="32" slack="0"/>
<pin id="188" dir="0" index="2" bw="4" slack="0"/>
<pin id="189" dir="0" index="3" bw="4" slack="0"/>
<pin id="190" dir="0" index="4" bw="1" slack="0"/>
<pin id="191" dir="0" index="5" bw="1" slack="0"/>
<pin id="192" dir="0" index="6" bw="1" slack="0"/>
<pin id="193" dir="0" index="7" bw="1" slack="0"/>
<pin id="194" dir="0" index="8" bw="30" slack="0"/>
<pin id="195" dir="0" index="9" bw="1" slack="0"/>
<pin id="196" dir="0" index="10" bw="1" slack="0"/>
<pin id="197" dir="0" index="11" bw="1" slack="1"/>
<pin id="198" dir="0" index="12" bw="1" slack="1"/>
<pin id="199" dir="0" index="13" bw="1" slack="0"/>
<pin id="200" dir="0" index="14" bw="1" slack="0"/>
<pin id="201" dir="1" index="15" bw="0" slack="2147483647"/>
</pin_list>
<bind>
<opcode="write(1151) " fcode="write"/>
<opset="write_ln258/3 "/>
</bind>
</comp>

<comp id="214" class="1005" name="tmp_user_V_reg_214">
<pin_list>
<pin id="215" dir="0" index="0" bw="1" slack="1"/>
<pin id="216" dir="1" index="1" bw="1" slack="1"/>
</pin_list>
<bind>
<opset="tmp_user_V (phireg) "/>
</bind>
</comp>

<comp id="218" class="1004" name="tmp_user_V_phi_fu_218">
<pin_list>
<pin id="219" dir="0" index="0" bw="1" slack="0"/>
<pin id="220" dir="0" index="1" bw="0" slack="2147483647"/>
<pin id="221" dir="0" index="2" bw="1" slack="1"/>
<pin id="222" dir="0" index="3" bw="0" slack="2147483647"/>
<pin id="223" dir="1" index="4" bw="1" slack="1"/>
</pin_list>
<bind>
<opcode="phi(47) " fcode="phi"/>
<opset="tmp_user_V/2 "/>
</bind>
</comp>

<comp id="226" class="1005" name="p_phi_reg_226">
<pin_list>
<pin id="227" dir="0" index="0" bw="1" slack="1"/>
<pin id="228" dir="1" index="1" bw="1" slack="1"/>
</pin_list>
<bind>
<opset="p_phi (phireg) "/>
</bind>
</comp>

<comp id="229" class="1004" name="p_phi_phi_fu_229">
<pin_list>
<pin id="230" dir="0" index="0" bw="1" slack="1"/>
<pin id="231" dir="0" index="1" bw="0" slack="2147483647"/>
<pin id="232" dir="0" index="2" bw="1" slack="1"/>
<pin id="233" dir="0" index="3" bw="0" slack="2147483647"/>
<pin id="234" dir="1" index="4" bw="1" slack="1"/>
</pin_list>
<bind>
<opcode="phi(47) " fcode="phi"/>
<opset="p_phi/2 "/>
</bind>
</comp>

<comp id="236" class="1005" name="empty_143_reg_236">
<pin_list>
<pin id="237" dir="0" index="0" bw="1" slack="1"/>
<pin id="238" dir="1" index="1" bw="1" slack="1"/>
</pin_list>
<bind>
<opset="empty_143 (phireg) "/>
</bind>
</comp>

<comp id="242" class="1004" name="empty_143_phi_fu_242">
<pin_list>
<pin id="243" dir="0" index="0" bw="1" slack="1"/>
<pin id="244" dir="0" index="1" bw="0" slack="2147483647"/>
<pin id="245" dir="0" index="2" bw="1" slack="0"/>
<pin id="246" dir="0" index="3" bw="0" slack="2147483647"/>
<pin id="247" dir="0" index="4" bw="1" slack="1"/>
<pin id="248" dir="0" index="5" bw="0" slack="2147483647"/>
<pin id="249" dir="0" index="6" bw="1" slack="2"/>
<pin id="250" dir="0" index="7" bw="0" slack="2147483647"/>
<pin id="251" dir="0" index="8" bw="1" slack="0"/>
<pin id="252" dir="0" index="9" bw="0" slack="2147483647"/>
<pin id="253" dir="1" index="10" bw="1" slack="1"/>
</pin_list>
<bind>
<opcode="phi(47) " fcode="phi"/>
<opset="empty_143/3 "/>
</bind>
</comp>

<comp id="257" class="1004" name="store_ln0_store_fu_257">
<pin_list>
<pin id="258" dir="0" index="0" bw="1" slack="0"/>
<pin id="259" dir="0" index="1" bw="11" slack="0"/>
<pin id="260" dir="1" index="2" bw="0" slack="2147483647"/>
</pin_list>
<bind>
<opcode="store(28) " fcode="store"/>
<opset="store_ln0/1 "/>
</bind>
</comp>

<comp id="262" class="1004" name="j_1_load_fu_262">
<pin_list>
<pin id="263" dir="0" index="0" bw="11" slack="1"/>
<pin id="264" dir="1" index="1" bw="11" slack="0"/>
</pin_list>
<bind>
<opcode="load(27) " fcode="load"/>
<opset="j_1/2 "/>
</bind>
</comp>

<comp id="265" class="1004" name="zext_ln936_fu_265">
<pin_list>
<pin id="266" dir="0" index="0" bw="11" slack="0"/>
<pin id="267" dir="1" index="1" bw="12" slack="0"/>
</pin_list>
<bind>
<opcode="zext(34) " fcode="zext"/>
<opset="zext_ln936/2 "/>
</bind>
</comp>

<comp id="269" class="1004" name="icmp_ln936_fu_269">
<pin_list>
<pin id="270" dir="0" index="0" bw="11" slack="0"/>
<pin id="271" dir="0" index="1" bw="11" slack="1"/>
<pin id="272" dir="1" index="2" bw="1" slack="1"/>
</pin_list>
<bind>
<opcode="icmp(45) " fcode="icmp"/>
<opset="icmp_ln936/2 "/>
</bind>
</comp>

<comp id="274" class="1004" name="j_2_fu_274">
<pin_list>
<pin id="275" dir="0" index="0" bw="11" slack="0"/>
<pin id="276" dir="0" index="1" bw="1" slack="0"/>
<pin id="277" dir="1" index="2" bw="11" slack="0"/>
</pin_list>
<bind>
<opcode="add(8) " fcode="add"/>
<opset="j_2/2 "/>
</bind>
</comp>

<comp id="280" class="1004" name="tmp_last_V_fu_280">
<pin_list>
<pin id="281" dir="0" index="0" bw="11" slack="0"/>
<pin id="282" dir="0" index="1" bw="12" slack="1"/>
<pin id="283" dir="1" index="2" bw="1" slack="1"/>
</pin_list>
<bind>
<opcode="icmp(45) " fcode="icmp"/>
<opset="tmp_last_V/2 "/>
</bind>
</comp>

<comp id="285" class="1004" name="counter_loc_1_out_load_load_fu_285">
<pin_list>
<pin id="286" dir="0" index="0" bw="16" slack="0"/>
<pin id="287" dir="1" index="1" bw="16" slack="0"/>
</pin_list>
<bind>
<opcode="load(27) " fcode="load"/>
<opset="counter_loc_1_out_load/2 "/>
</bind>
</comp>

<comp id="289" class="1004" name="add_ln960_fu_289">
<pin_list>
<pin id="290" dir="0" index="0" bw="16" slack="0"/>
<pin id="291" dir="0" index="1" bw="1" slack="0"/>
<pin id="292" dir="1" index="2" bw="16" slack="0"/>
</pin_list>
<bind>
<opcode="add(8) " fcode="add"/>
<opset="add_ln960/2 "/>
</bind>
</comp>

<comp id="295" class="1004" name="store_ln960_store_fu_295">
<pin_list>
<pin id="296" dir="0" index="0" bw="16" slack="0"/>
<pin id="297" dir="0" index="1" bw="16" slack="0"/>
<pin id="298" dir="1" index="2" bw="0" slack="2147483647"/>
</pin_list>
<bind>
<opcode="store(28) " fcode="store"/>
<opset="store_ln960/2 "/>
</bind>
</comp>

<comp id="301" class="1004" name="store_ln961_store_fu_301">
<pin_list>
<pin id="302" dir="0" index="0" bw="16" slack="0"/>
<pin id="303" dir="0" index="1" bw="16" slack="0"/>
<pin id="304" dir="1" index="2" bw="0" slack="2147483647"/>
</pin_list>
<bind>
<opcode="store(28) " fcode="store"/>
<opset="store_ln961/2 "/>
</bind>
</comp>

<comp id="307" class="1004" name="store_ln936_store_fu_307">
<pin_list>
<pin id="308" dir="0" index="0" bw="11" slack="0"/>
<pin id="309" dir="0" index="1" bw="11" slack="1"/>
<pin id="310" dir="1" index="2" bw="0" slack="2147483647"/>
</pin_list>
<bind>
<opcode="store(28) " fcode="store"/>
<opset="store_ln936/2 "/>
</bind>
</comp>

<comp id="312" class="1004" name="counter_loc_1_out_load_1_load_fu_312">
<pin_list>
<pin id="313" dir="0" index="0" bw="16" slack="0"/>
<pin id="314" dir="1" index="1" bw="16" slack="0"/>
</pin_list>
<bind>
<opcode="load(27) " fcode="load"/>
<opset="counter_loc_1_out_load_1/3 "/>
</bind>
</comp>

<comp id="316" class="1004" name="fid_toggle_fu_316">
<pin_list>
<pin id="317" dir="0" index="0" bw="16" slack="0"/>
<pin id="318" dir="1" index="1" bw="1" slack="0"/>
</pin_list>
<bind>
<opcode="trunc(33) " fcode="trunc"/>
<opset="fid_toggle/3 "/>
</bind>
</comp>

<comp id="322" class="1004" name="pix_444_V_fu_322">
<pin_list>
<pin id="323" dir="0" index="0" bw="30" slack="0"/>
<pin id="324" dir="1" index="1" bw="10" slack="0"/>
</pin_list>
<bind>
<opcode="trunc(33) " fcode="trunc"/>
<opset="pix_444_V/3 "/>
</bind>
</comp>

<comp id="326" class="1004" name="pix_rgb_V_2_fu_326">
<pin_list>
<pin id="327" dir="0" index="0" bw="10" slack="0"/>
<pin id="328" dir="0" index="1" bw="30" slack="0"/>
<pin id="329" dir="0" index="2" bw="5" slack="0"/>
<pin id="330" dir="0" index="3" bw="6" slack="0"/>
<pin id="331" dir="1" index="4" bw="10" slack="0"/>
</pin_list>
<bind>
<opcode="partselect(1002) " fcode="partselect"/>
<opset="pix_rgb_V_2/3 "/>
</bind>
</comp>

<comp id="336" class="1004" name="pix_rgb_V_fu_336">
<pin_list>
<pin id="337" dir="0" index="0" bw="10" slack="0"/>
<pin id="338" dir="0" index="1" bw="30" slack="0"/>
<pin id="339" dir="0" index="2" bw="6" slack="0"/>
<pin id="340" dir="0" index="3" bw="6" slack="0"/>
<pin id="341" dir="1" index="4" bw="10" slack="0"/>
</pin_list>
<bind>
<opcode="partselect(1002) " fcode="partselect"/>
<opset="pix_rgb_V/3 "/>
</bind>
</comp>

<comp id="346" class="1004" name="p_Result_s_fu_346">
<pin_list>
<pin id="347" dir="0" index="0" bw="11" slack="0"/>
<pin id="348" dir="0" index="1" bw="1" slack="0"/>
<pin id="349" dir="0" index="2" bw="10" slack="0"/>
<pin id="350" dir="1" index="3" bw="11" slack="0"/>
</pin_list>
<bind>
<opcode="bitconcatenate(1004) " fcode="bitconcatenate"/>
<opset="p_Result_s/3 "/>
</bind>
</comp>

<comp id="354" class="1004" name="p_Result_1_fu_354">
<pin_list>
<pin id="355" dir="0" index="0" bw="11" slack="0"/>
<pin id="356" dir="0" index="1" bw="1" slack="0"/>
<pin id="357" dir="0" index="2" bw="10" slack="0"/>
<pin id="358" dir="1" index="3" bw="11" slack="0"/>
</pin_list>
<bind>
<opcode="bitconcatenate(1004) " fcode="bitconcatenate"/>
<opset="p_Result_1/3 "/>
</bind>
</comp>

<comp id="362" class="1004" name="axi_data_V_fu_362">
<pin_list>
<pin id="363" dir="0" index="0" bw="1" slack="2"/>
<pin id="364" dir="0" index="1" bw="11" slack="0"/>
<pin id="365" dir="0" index="2" bw="11" slack="0"/>
<pin id="366" dir="1" index="3" bw="11" slack="0"/>
</pin_list>
<bind>
<opcode="select(49) " fcode="select"/>
<opset="axi_data_V/3 "/>
</bind>
</comp>

<comp id="369" class="1004" name="sext_ln880_fu_369">
<pin_list>
<pin id="370" dir="0" index="0" bw="11" slack="0"/>
<pin id="371" dir="1" index="1" bw="30" slack="0"/>
</pin_list>
<bind>
<opcode="sext(35) " fcode="sext"/>
<opset="sext_ln880/3 "/>
</bind>
</comp>

<comp id="373" class="1004" name="select_ln975_fu_373">
<pin_list>
<pin id="374" dir="0" index="0" bw="1" slack="2"/>
<pin id="375" dir="0" index="1" bw="10" slack="0"/>
<pin id="376" dir="0" index="2" bw="10" slack="0"/>
<pin id="377" dir="1" index="3" bw="10" slack="0"/>
</pin_list>
<bind>
<opcode="select(49) " fcode="select"/>
<opset="select_ln975/3 "/>
</bind>
</comp>

<comp id="380" class="1004" name="select_ln975_1_fu_380">
<pin_list>
<pin id="381" dir="0" index="0" bw="1" slack="2"/>
<pin id="382" dir="0" index="1" bw="10" slack="0"/>
<pin id="383" dir="0" index="2" bw="10" slack="0"/>
<pin id="384" dir="1" index="3" bw="10" slack="0"/>
</pin_list>
<bind>
<opcode="select(49) " fcode="select"/>
<opset="select_ln975_1/3 "/>
</bind>
</comp>

<comp id="387" class="1004" name="tmp_fu_387">
<pin_list>
<pin id="388" dir="0" index="0" bw="20" slack="0"/>
<pin id="389" dir="0" index="1" bw="10" slack="0"/>
<pin id="390" dir="0" index="2" bw="10" slack="0"/>
<pin id="391" dir="1" index="3" bw="20" slack="0"/>
</pin_list>
<bind>
<opcode="bitconcatenate(1004) " fcode="bitconcatenate"/>
<opset="tmp/3 "/>
</bind>
</comp>

<comp id="395" class="1004" name="axi_data_V_3_fu_395">
<pin_list>
<pin id="396" dir="0" index="0" bw="30" slack="0"/>
<pin id="397" dir="0" index="1" bw="11" slack="0"/>
<pin id="398" dir="0" index="2" bw="20" slack="0"/>
<pin id="399" dir="0" index="3" bw="5" slack="0"/>
<pin id="400" dir="0" index="4" bw="6" slack="0"/>
<pin id="401" dir="1" index="5" bw="30" slack="0"/>
</pin_list>
<bind>
<opcode="partset(1003) " fcode="partset"/>
<opset="axi_data_V_3/3 "/>
</bind>
</comp>

<comp id="407" class="1004" name="zext_ln258_fu_407">
<pin_list>
<pin id="408" dir="0" index="0" bw="30" slack="0"/>
<pin id="409" dir="1" index="1" bw="32" slack="0"/>
</pin_list>
<bind>
<opcode="zext(34) " fcode="zext"/>
<opset="zext_ln258/3 "/>
</bind>
</comp>

<comp id="412" class="1004" name="fid_toggle_1_fu_412">
<pin_list>
<pin id="413" dir="0" index="0" bw="1" slack="0"/>
<pin id="414" dir="0" index="1" bw="1" slack="0"/>
<pin id="415" dir="1" index="2" bw="1" slack="0"/>
</pin_list>
<bind>
<opcode="xor(25) " fcode="xor"/>
<opset="fid_toggle_1/3 "/>
</bind>
</comp>

<comp id="420" class="1004" name="store_ln963_store_fu_420">
<pin_list>
<pin id="421" dir="0" index="0" bw="1" slack="1"/>
<pin id="422" dir="0" index="1" bw="1" slack="0"/>
<pin id="423" dir="1" index="2" bw="0" slack="2147483647"/>
</pin_list>
<bind>
<opcode="store(28) " fcode="store"/>
<opset="store_ln963/4 "/>
</bind>
</comp>

<comp id="426" class="1005" name="j_reg_426">
<pin_list>
<pin id="427" dir="0" index="0" bw="11" slack="0"/>
<pin id="428" dir="1" index="1" bw="11" slack="0"/>
</pin_list>
<bind>
<opset="j "/>
</bind>
</comp>

<comp id="433" class="1005" name="sub_read_reg_433">
<pin_list>
<pin id="434" dir="0" index="0" bw="12" slack="1"/>
<pin id="435" dir="1" index="1" bw="12" slack="1"/>
</pin_list>
<bind>
<opset="sub_read "/>
</bind>
</comp>

<comp id="438" class="1005" name="field_id_load_read_reg_438">
<pin_list>
<pin id="439" dir="0" index="0" bw="16" slack="1"/>
<pin id="440" dir="1" index="1" bw="16" slack="2147483647"/>
</pin_list>
<bind>
<opset="field_id_load_read "/>
</bind>
</comp>

<comp id="442" class="1005" name="icmp_ln975_read_reg_442">
<pin_list>
<pin id="443" dir="0" index="0" bw="1" slack="2"/>
<pin id="444" dir="1" index="1" bw="1" slack="2"/>
</pin_list>
<bind>
<opset="icmp_ln975_read "/>
</bind>
</comp>

<comp id="449" class="1005" name="fid_in_load_read_reg_449">
<pin_list>
<pin id="450" dir="0" index="0" bw="1" slack="1"/>
<pin id="451" dir="1" index="1" bw="1" slack="1"/>
</pin_list>
<bind>
<opset="fid_in_load_read "/>
</bind>
</comp>

<comp id="455" class="1005" name="width_load_cast1_read_reg_455">
<pin_list>
<pin id="456" dir="0" index="0" bw="11" slack="1"/>
<pin id="457" dir="1" index="1" bw="11" slack="1"/>
</pin_list>
<bind>
<opset="width_load_cast1_read "/>
</bind>
</comp>

<comp id="460" class="1005" name="tmp_25_reg_460">
<pin_list>
<pin id="461" dir="0" index="0" bw="1" slack="1"/>
<pin id="462" dir="1" index="1" bw="1" slack="1"/>
</pin_list>
<bind>
<opset="tmp_25 "/>
</bind>
</comp>

<comp id="465" class="1005" name="sof_read_reg_465">
<pin_list>
<pin id="466" dir="0" index="0" bw="1" slack="1"/>
<pin id="467" dir="1" index="1" bw="1" slack="1"/>
</pin_list>
<bind>
<opset="sof_read "/>
</bind>
</comp>

<comp id="470" class="1005" name="icmp_ln936_reg_470">
<pin_list>
<pin id="471" dir="0" index="0" bw="1" slack="1"/>
<pin id="472" dir="1" index="1" bw="1" slack="2147483647"/>
</pin_list>
<bind>
<opset="icmp_ln936 "/>
</bind>
</comp>

<comp id="474" class="1005" name="tmp_last_V_reg_474">
<pin_list>
<pin id="475" dir="0" index="0" bw="1" slack="1"/>
<pin id="476" dir="1" index="1" bw="1" slack="1"/>
</pin_list>
<bind>
<opset="tmp_last_V "/>
</bind>
</comp>

</comp_list>

<net_list>
<net id="127"><net_src comp="38" pin="0"/><net_sink comp="124" pin=0"/></net>

<net id="132"><net_src comp="58" pin="0"/><net_sink comp="128" pin=0"/></net>

<net id="133"><net_src comp="30" pin="0"/><net_sink comp="128" pin=1"/></net>

<net id="138"><net_src comp="60" pin="0"/><net_sink comp="134" pin=0"/></net>

<net id="139"><net_src comp="28" pin="0"/><net_sink comp="134" pin=1"/></net>

<net id="144"><net_src comp="62" pin="0"/><net_sink comp="140" pin=0"/></net>

<net id="145"><net_src comp="12" pin="0"/><net_sink comp="140" pin=1"/></net>

<net id="150"><net_src comp="62" pin="0"/><net_sink comp="146" pin=0"/></net>

<net id="151"><net_src comp="6" pin="0"/><net_sink comp="146" pin=1"/></net>

<net id="156"><net_src comp="64" pin="0"/><net_sink comp="152" pin=0"/></net>

<net id="157"><net_src comp="4" pin="0"/><net_sink comp="152" pin=1"/></net>

<net id="162"><net_src comp="62" pin="0"/><net_sink comp="158" pin=0"/></net>

<net id="163"><net_src comp="2" pin="0"/><net_sink comp="158" pin=1"/></net>

<net id="168"><net_src comp="62" pin="0"/><net_sink comp="164" pin=0"/></net>

<net id="169"><net_src comp="0" pin="0"/><net_sink comp="164" pin=1"/></net>

<net id="175"><net_src comp="94" pin="0"/><net_sink comp="170" pin=0"/></net>

<net id="176"><net_src comp="8" pin="0"/><net_sink comp="170" pin=1"/></net>

<net id="177"><net_src comp="96" pin="0"/><net_sink comp="170" pin=2"/></net>

<net id="178"><net_src comp="68" pin="0"/><net_sink comp="170" pin=2"/></net>

<net id="183"><net_src comp="98" pin="0"/><net_sink comp="179" pin=0"/></net>

<net id="184"><net_src comp="10" pin="0"/><net_sink comp="179" pin=1"/></net>

<net id="202"><net_src comp="116" pin="0"/><net_sink comp="185" pin=0"/></net>

<net id="203"><net_src comp="14" pin="0"/><net_sink comp="185" pin=1"/></net>

<net id="204"><net_src comp="16" pin="0"/><net_sink comp="185" pin=2"/></net>

<net id="205"><net_src comp="18" pin="0"/><net_sink comp="185" pin=3"/></net>

<net id="206"><net_src comp="20" pin="0"/><net_sink comp="185" pin=4"/></net>

<net id="207"><net_src comp="22" pin="0"/><net_sink comp="185" pin=5"/></net>

<net id="208"><net_src comp="24" pin="0"/><net_sink comp="185" pin=6"/></net>

<net id="209"><net_src comp="26" pin="0"/><net_sink comp="185" pin=7"/></net>

<net id="210"><net_src comp="118" pin="0"/><net_sink comp="185" pin=9"/></net>

<net id="211"><net_src comp="120" pin="0"/><net_sink comp="185" pin=10"/></net>

<net id="212"><net_src comp="122" pin="0"/><net_sink comp="185" pin=13"/></net>

<net id="213"><net_src comp="122" pin="0"/><net_sink comp="185" pin=14"/></net>

<net id="217"><net_src comp="214" pin="1"/><net_sink comp="185" pin=11"/></net>

<net id="224"><net_src comp="68" pin="0"/><net_sink comp="218" pin=0"/></net>

<net id="225"><net_src comp="218" pin="4"/><net_sink comp="214" pin=0"/></net>

<net id="235"><net_src comp="229" pin="4"/><net_sink comp="226" pin=0"/></net>

<net id="239"><net_src comp="68" pin="0"/><net_sink comp="236" pin=0"/></net>

<net id="240"><net_src comp="96" pin="0"/><net_sink comp="236" pin=0"/></net>

<net id="241"><net_src comp="236" pin="1"/><net_sink comp="229" pin=0"/></net>

<net id="254"><net_src comp="236" pin="1"/><net_sink comp="242" pin=0"/></net>

<net id="255"><net_src comp="236" pin="1"/><net_sink comp="242" pin=4"/></net>

<net id="256"><net_src comp="242" pin="10"/><net_sink comp="236" pin=0"/></net>

<net id="261"><net_src comp="66" pin="0"/><net_sink comp="257" pin=0"/></net>

<net id="268"><net_src comp="262" pin="1"/><net_sink comp="265" pin=0"/></net>

<net id="273"><net_src comp="262" pin="1"/><net_sink comp="269" pin=0"/></net>

<net id="278"><net_src comp="262" pin="1"/><net_sink comp="274" pin=0"/></net>

<net id="279"><net_src comp="78" pin="0"/><net_sink comp="274" pin=1"/></net>

<net id="284"><net_src comp="265" pin="1"/><net_sink comp="280" pin=0"/></net>

<net id="288"><net_src comp="32" pin="0"/><net_sink comp="285" pin=0"/></net>

<net id="293"><net_src comp="285" pin="1"/><net_sink comp="289" pin=0"/></net>

<net id="294"><net_src comp="86" pin="0"/><net_sink comp="289" pin=1"/></net>

<net id="299"><net_src comp="289" pin="2"/><net_sink comp="295" pin=0"/></net>

<net id="300"><net_src comp="36" pin="0"/><net_sink comp="295" pin=1"/></net>

<net id="305"><net_src comp="289" pin="2"/><net_sink comp="301" pin=0"/></net>

<net id="306"><net_src comp="32" pin="0"/><net_sink comp="301" pin=1"/></net>

<net id="311"><net_src comp="274" pin="2"/><net_sink comp="307" pin=0"/></net>

<net id="315"><net_src comp="32" pin="0"/><net_sink comp="312" pin=0"/></net>

<net id="319"><net_src comp="312" pin="1"/><net_sink comp="316" pin=0"/></net>

<net id="320"><net_src comp="316" pin="1"/><net_sink comp="170" pin=2"/></net>

<net id="321"><net_src comp="316" pin="1"/><net_sink comp="242" pin=2"/></net>

<net id="325"><net_src comp="179" pin="2"/><net_sink comp="322" pin=0"/></net>

<net id="332"><net_src comp="100" pin="0"/><net_sink comp="326" pin=0"/></net>

<net id="333"><net_src comp="179" pin="2"/><net_sink comp="326" pin=1"/></net>

<net id="334"><net_src comp="102" pin="0"/><net_sink comp="326" pin=2"/></net>

<net id="335"><net_src comp="104" pin="0"/><net_sink comp="326" pin=3"/></net>

<net id="342"><net_src comp="100" pin="0"/><net_sink comp="336" pin=0"/></net>

<net id="343"><net_src comp="179" pin="2"/><net_sink comp="336" pin=1"/></net>

<net id="344"><net_src comp="106" pin="0"/><net_sink comp="336" pin=2"/></net>

<net id="345"><net_src comp="108" pin="0"/><net_sink comp="336" pin=3"/></net>

<net id="351"><net_src comp="110" pin="0"/><net_sink comp="346" pin=0"/></net>

<net id="352"><net_src comp="96" pin="0"/><net_sink comp="346" pin=1"/></net>

<net id="353"><net_src comp="322" pin="1"/><net_sink comp="346" pin=2"/></net>

<net id="359"><net_src comp="110" pin="0"/><net_sink comp="354" pin=0"/></net>

<net id="360"><net_src comp="96" pin="0"/><net_sink comp="354" pin=1"/></net>

<net id="361"><net_src comp="326" pin="4"/><net_sink comp="354" pin=2"/></net>

<net id="367"><net_src comp="354" pin="3"/><net_sink comp="362" pin=1"/></net>

<net id="368"><net_src comp="346" pin="3"/><net_sink comp="362" pin=2"/></net>

<net id="372"><net_src comp="362" pin="3"/><net_sink comp="369" pin=0"/></net>

<net id="378"><net_src comp="336" pin="4"/><net_sink comp="373" pin=1"/></net>

<net id="379"><net_src comp="326" pin="4"/><net_sink comp="373" pin=2"/></net>

<net id="385"><net_src comp="322" pin="1"/><net_sink comp="380" pin=1"/></net>

<net id="386"><net_src comp="336" pin="4"/><net_sink comp="380" pin=2"/></net>

<net id="392"><net_src comp="112" pin="0"/><net_sink comp="387" pin=0"/></net>

<net id="393"><net_src comp="380" pin="3"/><net_sink comp="387" pin=1"/></net>

<net id="394"><net_src comp="373" pin="3"/><net_sink comp="387" pin=2"/></net>

<net id="402"><net_src comp="114" pin="0"/><net_sink comp="395" pin=0"/></net>

<net id="403"><net_src comp="369" pin="1"/><net_sink comp="395" pin=1"/></net>

<net id="404"><net_src comp="387" pin="3"/><net_sink comp="395" pin=2"/></net>

<net id="405"><net_src comp="102" pin="0"/><net_sink comp="395" pin=3"/></net>

<net id="406"><net_src comp="108" pin="0"/><net_sink comp="395" pin=4"/></net>

<net id="410"><net_src comp="395" pin="5"/><net_sink comp="407" pin=0"/></net>

<net id="411"><net_src comp="407" pin="1"/><net_sink comp="185" pin=8"/></net>

<net id="416"><net_src comp="316" pin="1"/><net_sink comp="412" pin=0"/></net>

<net id="417"><net_src comp="96" pin="0"/><net_sink comp="412" pin=1"/></net>

<net id="418"><net_src comp="412" pin="2"/><net_sink comp="170" pin=2"/></net>

<net id="419"><net_src comp="412" pin="2"/><net_sink comp="242" pin=8"/></net>

<net id="424"><net_src comp="226" pin="1"/><net_sink comp="420" pin=0"/></net>

<net id="425"><net_src comp="34" pin="0"/><net_sink comp="420" pin=1"/></net>

<net id="429"><net_src comp="124" pin="1"/><net_sink comp="426" pin=0"/></net>

<net id="430"><net_src comp="426" pin="1"/><net_sink comp="257" pin=1"/></net>

<net id="431"><net_src comp="426" pin="1"/><net_sink comp="262" pin=0"/></net>

<net id="432"><net_src comp="426" pin="1"/><net_sink comp="307" pin=1"/></net>

<net id="436"><net_src comp="128" pin="2"/><net_sink comp="433" pin=0"/></net>

<net id="437"><net_src comp="433" pin="1"/><net_sink comp="280" pin=1"/></net>

<net id="441"><net_src comp="134" pin="2"/><net_sink comp="438" pin=0"/></net>

<net id="445"><net_src comp="140" pin="2"/><net_sink comp="442" pin=0"/></net>

<net id="446"><net_src comp="442" pin="1"/><net_sink comp="362" pin=0"/></net>

<net id="447"><net_src comp="442" pin="1"/><net_sink comp="373" pin=0"/></net>

<net id="448"><net_src comp="442" pin="1"/><net_sink comp="380" pin=0"/></net>

<net id="452"><net_src comp="146" pin="2"/><net_sink comp="449" pin=0"/></net>

<net id="453"><net_src comp="449" pin="1"/><net_sink comp="170" pin=2"/></net>

<net id="454"><net_src comp="449" pin="1"/><net_sink comp="242" pin=6"/></net>

<net id="458"><net_src comp="152" pin="2"/><net_sink comp="455" pin=0"/></net>

<net id="459"><net_src comp="455" pin="1"/><net_sink comp="269" pin=1"/></net>

<net id="463"><net_src comp="158" pin="2"/><net_sink comp="460" pin=0"/></net>

<net id="464"><net_src comp="460" pin="1"/><net_sink comp="229" pin=2"/></net>

<net id="468"><net_src comp="164" pin="2"/><net_sink comp="465" pin=0"/></net>

<net id="469"><net_src comp="465" pin="1"/><net_sink comp="218" pin=2"/></net>

<net id="473"><net_src comp="269" pin="2"/><net_sink comp="470" pin=0"/></net>

<net id="477"><net_src comp="280" pin="2"/><net_sink comp="474" pin=0"/></net>

<net id="478"><net_src comp="474" pin="1"/><net_sink comp="185" pin=12"/></net>

</net_list>

</model> 
---------------- Datapath Model END ------------------

* FSMD analyzer results:
  - Output states:
	Port: fid | {2 3 }
	Port: m_axis_video_V_data_V | {3 }
	Port: m_axis_video_V_keep_V | {3 }
	Port: m_axis_video_V_strb_V | {3 }
	Port: m_axis_video_V_user_V | {3 }
	Port: m_axis_video_V_last_V | {3 }
	Port: m_axis_video_V_id_V | {3 }
	Port: m_axis_video_V_dest_V | {3 }
	Port: counter_loc_1_out | {2 }
	Port: p_phi_out | {4 }
	Port: counter | {2 }
 - Input state : 
	Port: MultiPixStream2AXIvideo_Pipeline_VITIS_LOOP_936_2 : sof | {1 }
	Port: MultiPixStream2AXIvideo_Pipeline_VITIS_LOOP_936_2 : empty | {1 }
	Port: MultiPixStream2AXIvideo_Pipeline_VITIS_LOOP_936_2 : width_load_cast1 | {1 }
	Port: MultiPixStream2AXIvideo_Pipeline_VITIS_LOOP_936_2 : fid_in_load | {1 }
	Port: MultiPixStream2AXIvideo_Pipeline_VITIS_LOOP_936_2 : ovrlayYUV | {3 }
	Port: MultiPixStream2AXIvideo_Pipeline_VITIS_LOOP_936_2 : icmp_ln975 | {1 }
	Port: MultiPixStream2AXIvideo_Pipeline_VITIS_LOOP_936_2 : field_id_load | {1 }
	Port: MultiPixStream2AXIvideo_Pipeline_VITIS_LOOP_936_2 : sub | {1 }
	Port: MultiPixStream2AXIvideo_Pipeline_VITIS_LOOP_936_2 : counter_loc_1_out | {2 3 }
  - Chain level:
	State 1
		store_ln0 : 1
	State 2
		zext_ln936 : 1
		icmp_ln936 : 1
		j_2 : 1
		br_ln936 : 2
		tmp_last_V : 2
		br_ln958 : 1
		add_ln960 : 1
		store_ln960 : 2
		store_ln961 : 2
		store_ln936 : 2
	State 3
		fid_toggle : 1
		p_Result_s : 1
		p_Result_1 : 1
		axi_data_V : 2
		sext_ln880 : 3
		select_ln975 : 1
		select_ln975_1 : 1
		tmp : 2
		axi_data_V_3 : 4
		zext_ln258 : 5
		write_ln258 : 6
		fid_toggle_1 : 2
		write_ln1009 : 2
		write_ln999 : 2
		empty_143 : 2
	State 4
	State 5


============================================================
+ Verbose Summary: Datapath Resource usage 
============================================================

* Functional unit list:
|----------|-----------------------------------|---------|---------|
| Operation|          Functional Unit          |    FF   |   LUT   |
|----------|-----------------------------------|---------|---------|
|    add   |             j_2_fu_274            |    0    |    18   |
|          |          add_ln960_fu_289         |    0    |    23   |
|----------|-----------------------------------|---------|---------|
|          |         axi_data_V_fu_362         |    0    |    10   |
|  select  |        select_ln975_fu_373        |    0    |    10   |
|          |       select_ln975_1_fu_380       |    0    |    10   |
|----------|-----------------------------------|---------|---------|
|   icmp   |         icmp_ln936_fu_269         |    0    |    11   |
|          |         tmp_last_V_fu_280         |    0    |    12   |
|----------|-----------------------------------|---------|---------|
|    xor   |        fid_toggle_1_fu_412        |    0    |    2    |
|----------|-----------------------------------|---------|---------|
|          |        sub_read_read_fu_128       |    0    |    0    |
|          |   field_id_load_read_read_fu_134  |    0    |    0    |
|          |    icmp_ln975_read_read_fu_140    |    0    |    0    |
|   read   |    fid_in_load_read_read_fu_146   |    0    |    0    |
|          | width_load_cast1_read_read_fu_152 |    0    |    0    |
|          |         tmp_25_read_fu_158        |    0    |    0    |
|          |        sof_read_read_fu_164       |    0    |    0    |
|          |     ovrlayYUV_read_read_fu_179    |    0    |    0    |
|----------|-----------------------------------|---------|---------|
|   write  |          grp_write_fu_170         |    0    |    0    |
|          |      write_ln258_write_fu_185     |    0    |    0    |
|----------|-----------------------------------|---------|---------|
|   zext   |         zext_ln936_fu_265         |    0    |    0    |
|          |         zext_ln258_fu_407         |    0    |    0    |
|----------|-----------------------------------|---------|---------|
|   trunc  |         fid_toggle_fu_316         |    0    |    0    |
|          |          pix_444_V_fu_322         |    0    |    0    |
|----------|-----------------------------------|---------|---------|
|partselect|         pix_rgb_V_2_fu_326        |    0    |    0    |
|          |          pix_rgb_V_fu_336         |    0    |    0    |
|----------|-----------------------------------|---------|---------|
|          |         p_Result_s_fu_346         |    0    |    0    |
|bitconcatenate|         p_Result_1_fu_354         |    0    |    0    |
|          |             tmp_fu_387            |    0    |    0    |
|----------|-----------------------------------|---------|---------|
|   sext   |         sext_ln880_fu_369         |    0    |    0    |
|----------|-----------------------------------|---------|---------|
|  partset |        axi_data_V_3_fu_395        |    0    |    0    |
|----------|-----------------------------------|---------|---------|
|   Total  |                                   |    0    |    96   |
|----------|-----------------------------------|---------|---------|

Memories:
N/A

* Register list:
+-----------------------------+--------+
|                             |   FF   |
+-----------------------------+--------+
|      empty_143_reg_236      |    1   |
|   fid_in_load_read_reg_449  |    1   |
|  field_id_load_read_reg_438 |   16   |
|      icmp_ln936_reg_470     |    1   |
|   icmp_ln975_read_reg_442   |    1   |
|          j_reg_426          |   11   |
|        p_phi_reg_226        |    1   |
|       sof_read_reg_465      |    1   |
|       sub_read_reg_433      |   12   |
|        tmp_25_reg_460       |    1   |
|      tmp_last_V_reg_474     |    1   |
|      tmp_user_V_reg_214     |    1   |
|width_load_cast1_read_reg_455|   11   |
+-----------------------------+--------+
|            Total            |   59   |
+-----------------------------+--------+

* Multiplexer (MUX) list: 
|-------------------|------|------|------|--------||---------||---------|
|        Comp       |  Pin | Size |  BW  | S x BW ||  Delay  ||   LUT   |
|-------------------|------|------|------|--------||---------||---------|
|  grp_write_fu_170 |  p2  |   5  |   1  |    5   ||    20   |
| empty_143_reg_236 |  p0  |   3  |   1  |    3   ||    9    |
|-------------------|------|------|------|--------||---------||---------|
|       Total       |      |      |      |    8   ||   1.05  ||    29   |
|-------------------|------|------|------|--------||---------||---------|



* Summary:
+-----------+--------+--------+--------+
|           |  Delay |   FF   |   LUT  |
+-----------+--------+--------+--------+
|  Function |    -   |    0   |   96   |
|   Memory  |    -   |    -   |    -   |
|Multiplexer|    1   |    -   |   29   |
|  Register |    -   |   59   |    -   |
+-----------+--------+--------+--------+
|   Total   |    1   |   59   |   125  |
+-----------+--------+--------+--------+
