14:01:22 DEBUG : Logs will be stored at 'C:/Users/hhhh/rekonfigi/video_passthrough_kria/IDE.log'.
14:01:24 INFO  : Launching XSCT server: xsct.bat -n  -interactive C:\Users\hhhh\rekonfigi\video_passthrough_kria\temp_xsdb_launch_script.tcl
14:01:25 INFO  : Registering command handlers for Vitis TCF services
14:01:25 INFO  : Platform repository initialization has completed.
14:01:28 INFO  : XSCT server has started successfully.
14:01:28 INFO  : Successfully done setting XSCT server connection channel  
14:01:28 INFO  : plnx-install-location is set to ''
14:01:30 INFO  : Successfully done setting workspace for the tool. 
14:01:30 INFO  : Successfully done query RDI_DATADIR 
14:09:42 INFO  : Result from executing command 'getProjects': design_1_wrapper
14:09:42 INFO  : Result from executing command 'getPlatforms': xilinx_zcu102_base_202220_1|C:/Xilinx/Vitis/2022.2/base_platforms/xilinx_zcu102_base_202220_1/xilinx_zcu102_base_202220_1.xpfm;xilinx_zcu102_base_dfx_202220_1|C:/Xilinx/Vitis/2022.2/base_platforms/xilinx_zcu102_base_dfx_202220_1/xilinx_zcu102_base_dfx_202220_1.xpfm;xilinx_zcu104_base_202220_1|C:/Xilinx/Vitis/2022.2/base_platforms/xilinx_zcu104_base_202220_1/xilinx_zcu104_base_202220_1.xpfm
14:09:42 WARN  : An unexpected exception occurred in the module 'platform project logging'
14:09:42 INFO  : Platform 'design_1_wrapper' is added to custom repositories.
14:09:52 INFO  : Platform 'design_1_wrapper' is added to custom repositories.
14:13:18 INFO  : Result from executing command 'getProjects': design_1_wrapper
14:13:18 INFO  : Result from executing command 'getPlatforms': design_1_wrapper|C:/Users/hhhh/rekonfigi/video_passthrough_kria/design_1_wrapper/export/design_1_wrapper/design_1_wrapper.xpfm;xilinx_zcu102_base_202220_1|C:/Xilinx/Vitis/2022.2/base_platforms/xilinx_zcu102_base_202220_1/xilinx_zcu102_base_202220_1.xpfm;xilinx_zcu102_base_dfx_202220_1|C:/Xilinx/Vitis/2022.2/base_platforms/xilinx_zcu102_base_dfx_202220_1/xilinx_zcu102_base_dfx_202220_1.xpfm;xilinx_zcu104_base_202220_1|C:/Xilinx/Vitis/2022.2/base_platforms/xilinx_zcu104_base_202220_1/xilinx_zcu104_base_202220_1.xpfm
14:25:12 INFO  : Checking for BSP changes to sync application flags for project 'KriaApp'...
07:58:14 DEBUG : Logs will be stored at 'C:/Users/hhhh/rekonfigi/video_passthrough_kria/IDE.log'.
07:58:15 INFO  : Launching XSCT server: xsct.bat -n  -interactive C:\Users\hhhh\rekonfigi\video_passthrough_kria\temp_xsdb_launch_script.tcl
07:58:18 INFO  : Platform repository initialization has completed.
07:58:18 INFO  : Registering command handlers for Vitis TCF services
07:58:19 INFO  : XSCT server has started successfully.
07:58:23 INFO  : Successfully done setting XSCT server connection channel  
07:58:23 INFO  : plnx-install-location is set to ''
07:58:23 INFO  : Successfully done query RDI_DATADIR 
07:58:23 INFO  : Successfully done setting workspace for the tool. 
08:00:18 INFO  : Hardware specification for platform project 'design_1_wrapper' is updated.
08:00:46 INFO  : Result from executing command 'getProjects': design_1_wrapper
08:00:47 INFO  : Result from executing command 'getPlatforms': design_1_wrapper|C:/Users/hhhh/rekonfigi/video_passthrough_kria/design_1_wrapper/export/design_1_wrapper/design_1_wrapper.xpfm;xilinx_zcu102_base_202220_1|C:/Xilinx/Vitis/2022.2/base_platforms/xilinx_zcu102_base_202220_1/xilinx_zcu102_base_202220_1.xpfm;xilinx_zcu102_base_dfx_202220_1|C:/Xilinx/Vitis/2022.2/base_platforms/xilinx_zcu102_base_dfx_202220_1/xilinx_zcu102_base_dfx_202220_1.xpfm;xilinx_zcu104_base_202220_1|C:/Xilinx/Vitis/2022.2/base_platforms/xilinx_zcu104_base_202220_1/xilinx_zcu104_base_202220_1.xpfm
08:08:30 ERROR : (XSDB Server)couldn't read file "jtag.tcl": no such file or directory

08:10:07 DEBUG : Logs will be stored at 'C:/Users/hhhh/rekonfigi/video_passthrough_kria/IDE.log'.
08:10:07 INFO  : Launching XSCT server: xsct.bat -n  -interactive C:\Users\hhhh\rekonfigi\video_passthrough_kria\temp_xsdb_launch_script.tcl
08:10:09 INFO  : XSCT server has started successfully.
08:10:09 INFO  : Successfully done setting XSCT server connection channel  
08:10:09 INFO  : plnx-install-location is set to ''
08:10:10 INFO  : Successfully done setting workspace for the tool. 
08:10:10 INFO  : Successfully done query RDI_DATADIR 
08:10:10 INFO  : Platform repository initialization has completed.
08:10:10 INFO  : Registering command handlers for Vitis TCF services
08:11:38 INFO  : Connected to target on host '127.0.0.1' and port '3121'.
08:11:38 INFO  : Jtag cable 'Xilinx X-MLCC-01 XFL1G1QT31NUA' is selected.
08:11:38 INFO  : 'jtag frequency' command is executed.
08:11:38 INFO  : Sourcing of 'C:/Xilinx/Vitis/2022.2/scripts/vitis/util/zynqmp_utils.tcl' is done.
08:11:38 INFO  : Context for 'APU' is selected.
08:11:38 INFO  : System reset is completed.
08:11:41 INFO  : 'after 3000' command is executed.
08:11:42 INFO  : 'targets -set -filter {jtag_cable_name =~ "Xilinx X-MLCC-01 XFL1G1QT31NUA" && level==0 && jtag_device_ctx=="jsn-X-MLCC-01-XFL1G1QT31NUA-04724093-0"}' command is executed.
08:11:46 INFO  : Device configured successfully with "C:/Users/hhhh/rekonfigi/video_passthrough_kria/KriaApp/_ide/bitstream/design_1_wrapper.bit"
08:11:46 INFO  : Context for 'APU' is selected.
08:11:47 INFO  : Hardware design and registers information is loaded from 'C:/Users/hhhh/rekonfigi/video_passthrough_kria/design_1_wrapper/export/design_1_wrapper/hw/design_1_wrapper.xsa'.
08:11:47 INFO  : 'configparams force-mem-access 1' command is executed.
08:11:47 INFO  : Context for 'APU' is selected.
08:11:47 INFO  : Boot mode is read from the target.
08:11:47 INFO  : Context for processor 'psu_cortexa53_0' is selected.
08:11:47 INFO  : Processor reset is completed for 'psu_cortexa53_0'.
08:11:48 INFO  : The application 'C:/Users/hhhh/rekonfigi/video_passthrough_kria/design_1_wrapper/export/design_1_wrapper/sw/design_1_wrapper/boot/fsbl.elf' is downloaded to processor 'psu_cortexa53_0'.
08:11:48 INFO  : 'set bp_11_48_fsbl_bp [bpadd -addr &XFsbl_Exit]' command is executed.
08:11:48 INFO  : 'con -block -timeout 60' command is executed.
08:11:48 INFO  : 'bpremove $bp_11_48_fsbl_bp' command is executed.
08:11:48 INFO  : Context for processor 'psu_cortexa53_0' is selected.
08:11:48 INFO  : Processor reset is completed for 'psu_cortexa53_0'.
08:11:49 INFO  : The application 'C:/Users/hhhh/rekonfigi/video_passthrough_kria/KriaApp/Debug/KriaApp.elf' is downloaded to processor 'psu_cortexa53_0'.
08:11:49 INFO  : 'configparams force-mem-access 0' command is executed.
08:11:49 INFO  : ----------------XSDB Script----------------
connect -url tcp:127.0.0.1:3121
source C:/Xilinx/Vitis/2022.2/scripts/vitis/util/zynqmp_utils.tcl
targets -set -nocase -filter {name =~"APU*"}
rst -system
after 3000
targets -set -filter {jtag_cable_name =~ "Xilinx X-MLCC-01 XFL1G1QT31NUA" && level==0 && jtag_device_ctx=="jsn-X-MLCC-01-XFL1G1QT31NUA-04724093-0"}
fpga -file C:/Users/hhhh/rekonfigi/video_passthrough_kria/KriaApp/_ide/bitstream/design_1_wrapper.bit
targets -set -nocase -filter {name =~"APU*"}
loadhw -hw C:/Users/hhhh/rekonfigi/video_passthrough_kria/design_1_wrapper/export/design_1_wrapper/hw/design_1_wrapper.xsa -mem-ranges [list {0x80000000 0xbfffffff} {0x400000000 0x5ffffffff} {0x1000000000 0x7fffffffff}] -regs
configparams force-mem-access 1
targets -set -nocase -filter {name =~"APU*"}
set mode [expr [mrd -value 0xFF5E0200] & 0xf]
targets -set -nocase -filter {name =~ "*A53*#0"}
rst -processor
dow C:/Users/hhhh/rekonfigi/video_passthrough_kria/design_1_wrapper/export/design_1_wrapper/sw/design_1_wrapper/boot/fsbl.elf
set bp_11_48_fsbl_bp [bpadd -addr &XFsbl_Exit]
con -block -timeout 60
bpremove $bp_11_48_fsbl_bp
targets -set -nocase -filter {name =~ "*A53*#0"}
rst -processor
dow C:/Users/hhhh/rekonfigi/video_passthrough_kria/KriaApp/Debug/KriaApp.elf
configparams force-mem-access 0
----------------End of Script----------------

08:11:49 INFO  : Context for processor 'psu_cortexa53_0' is selected.
08:11:49 INFO  : 'con' command is executed.
08:11:49 INFO  : ----------------XSDB Script (After Launch)----------------
targets -set -nocase -filter {name =~ "*A53*#0"}
con
----------------End of Script----------------

08:11:49 INFO  : Launch script is exported to file 'C:\Users\hhhh\rekonfigi\video_passthrough_kria\KriaApp_system\_ide\scripts\debugger_kriaapp-default.tcl'
08:17:52 INFO  : Disconnected from the channel tcfchan#1.
08:17:53 INFO  : Connected to target on host '127.0.0.1' and port '3121'.
08:18:02 INFO  : ----------------XSDB Script----------------
connect -url tcp:127.0.0.1:3121
----------------End of Script----------------

08:18:02 ERROR : Could not find ARM device on the board for connection 'Local'.
Check if the target is in:
1. Split JTAG - No operations are possible with ARM DAP.
2. Non JTAG bootmode - Bootrom may need time to enable DAP.
Please try again.


Troubleshooting hints:
1. Check whether board is connected to system properly.
2. In case of zynq board, check whether Digilent/Xilinx cable switch settings are correct.
3. If you are using Xilinx Platform Cable USB, ensure that status LED is green.
08:18:31 INFO  : Connected to target on host '127.0.0.1' and port '3121'.
08:18:32 INFO  : Jtag cable 'Xilinx X-MLCC-01 XFL1G1QT31NUA' is selected.
08:18:32 INFO  : 'jtag frequency' command is executed.
08:18:32 INFO  : Sourcing of 'C:/Xilinx/Vitis/2022.2/scripts/vitis/util/zynqmp_utils.tcl' is done.
08:18:32 INFO  : Context for 'APU' is selected.
08:18:32 INFO  : System reset is completed.
08:18:35 INFO  : 'after 3000' command is executed.
08:18:35 INFO  : 'targets -set -filter {jtag_cable_name =~ "Xilinx X-MLCC-01 XFL1G1QT31NUA" && level==0 && jtag_device_ctx=="jsn-X-MLCC-01-XFL1G1QT31NUA-04724093-0"}' command is executed.
08:18:40 INFO  : Device configured successfully with "C:/Users/hhhh/rekonfigi/video_passthrough_kria/KriaApp/_ide/bitstream/design_1_wrapper.bit"
08:18:40 INFO  : Context for 'APU' is selected.
08:18:47 INFO  : Hardware design and registers information is loaded from 'C:/Users/hhhh/rekonfigi/video_passthrough_kria/design_1_wrapper/export/design_1_wrapper/hw/design_1_wrapper.xsa'.
08:18:47 INFO  : 'configparams force-mem-access 1' command is executed.
08:18:47 INFO  : Context for 'APU' is selected.
08:18:47 INFO  : Boot mode is read from the target.
08:18:47 INFO  : Context for processor 'psu_cortexa53_0' is selected.
08:18:47 INFO  : Processor reset is completed for 'psu_cortexa53_0'.
08:18:47 INFO  : The application 'C:/Users/hhhh/rekonfigi/video_passthrough_kria/design_1_wrapper/export/design_1_wrapper/sw/design_1_wrapper/boot/fsbl.elf' is downloaded to processor 'psu_cortexa53_0'.
08:18:47 INFO  : 'set bp_18_47_fsbl_bp [bpadd -addr &XFsbl_Exit]' command is executed.
08:18:47 INFO  : 'con -block -timeout 60' command is executed.
08:18:47 INFO  : 'bpremove $bp_18_47_fsbl_bp' command is executed.
08:18:47 INFO  : Context for processor 'psu_cortexa53_0' is selected.
08:18:48 INFO  : Processor reset is completed for 'psu_cortexa53_0'.
08:18:49 INFO  : The application 'C:/Users/hhhh/rekonfigi/video_passthrough_kria/KriaApp/Debug/KriaApp.elf' is downloaded to processor 'psu_cortexa53_0'.
08:18:49 INFO  : 'configparams force-mem-access 0' command is executed.
08:18:49 INFO  : ----------------XSDB Script----------------
connect -url tcp:127.0.0.1:3121
source C:/Xilinx/Vitis/2022.2/scripts/vitis/util/zynqmp_utils.tcl
targets -set -nocase -filter {name =~"APU*"}
rst -system
after 3000
targets -set -filter {jtag_cable_name =~ "Xilinx X-MLCC-01 XFL1G1QT31NUA" && level==0 && jtag_device_ctx=="jsn-X-MLCC-01-XFL1G1QT31NUA-04724093-0"}
fpga -file C:/Users/hhhh/rekonfigi/video_passthrough_kria/KriaApp/_ide/bitstream/design_1_wrapper.bit
targets -set -nocase -filter {name =~"APU*"}
loadhw -hw C:/Users/hhhh/rekonfigi/video_passthrough_kria/design_1_wrapper/export/design_1_wrapper/hw/design_1_wrapper.xsa -mem-ranges [list {0x80000000 0xbfffffff} {0x400000000 0x5ffffffff} {0x1000000000 0x7fffffffff}] -regs
configparams force-mem-access 1
targets -set -nocase -filter {name =~"APU*"}
set mode [expr [mrd -value 0xFF5E0200] & 0xf]
targets -set -nocase -filter {name =~ "*A53*#0"}
rst -processor
dow C:/Users/hhhh/rekonfigi/video_passthrough_kria/design_1_wrapper/export/design_1_wrapper/sw/design_1_wrapper/boot/fsbl.elf
set bp_18_47_fsbl_bp [bpadd -addr &XFsbl_Exit]
con -block -timeout 60
bpremove $bp_18_47_fsbl_bp
targets -set -nocase -filter {name =~ "*A53*#0"}
rst -processor
dow C:/Users/hhhh/rekonfigi/video_passthrough_kria/KriaApp/Debug/KriaApp.elf
configparams force-mem-access 0
----------------End of Script----------------

08:18:49 INFO  : Context for processor 'psu_cortexa53_0' is selected.
08:18:49 INFO  : 'con' command is executed.
08:18:49 INFO  : ----------------XSDB Script (After Launch)----------------
targets -set -nocase -filter {name =~ "*A53*#0"}
con
----------------End of Script----------------

08:18:49 INFO  : Launch script is exported to file 'C:\Users\hhhh\rekonfigi\video_passthrough_kria\KriaApp_system\_ide\scripts\debugger_kriaapp-default.tcl'
08:27:04 INFO  : Disconnected from the channel tcfchan#2.
08:27:05 INFO  : Connected to target on host '127.0.0.1' and port '3121'.
08:27:14 INFO  : ----------------XSDB Script----------------
connect -url tcp:127.0.0.1:3121
----------------End of Script----------------

08:27:14 ERROR : Could not find ARM device on the board for connection 'Local'.
Check if the target is in:
1. Split JTAG - No operations are possible with ARM DAP.
2. Non JTAG bootmode - Bootrom may need time to enable DAP.
Please try again.


Troubleshooting hints:
1. Check whether board is connected to system properly.
2. In case of zynq board, check whether Digilent/Xilinx cable switch settings are correct.
3. If you are using Xilinx Platform Cable USB, ensure that status LED is green.
08:27:36 INFO  : Connected to target on host '127.0.0.1' and port '3121'.
08:27:37 INFO  : Jtag cable 'Xilinx X-MLCC-01 XFL1G1QT31NUA' is selected.
08:27:37 INFO  : 'jtag frequency' command is executed.
08:27:37 INFO  : Sourcing of 'C:/Xilinx/Vitis/2022.2/scripts/vitis/util/zynqmp_utils.tcl' is done.
08:27:37 INFO  : Context for 'APU' is selected.
08:27:37 INFO  : System reset is completed.
08:27:40 INFO  : 'after 3000' command is executed.
08:27:40 INFO  : 'targets -set -filter {jtag_cable_name =~ "Xilinx X-MLCC-01 XFL1G1QT31NUA" && level==0 && jtag_device_ctx=="jsn-X-MLCC-01-XFL1G1QT31NUA-04724093-0"}' command is executed.
08:27:45 INFO  : Device configured successfully with "C:/Users/hhhh/rekonfigi/video_passthrough_kria/KriaApp/_ide/bitstream/design_1_wrapper.bit"
08:27:45 INFO  : Context for 'APU' is selected.
08:27:51 INFO  : Hardware design and registers information is loaded from 'C:/Users/hhhh/rekonfigi/video_passthrough_kria/design_1_wrapper/export/design_1_wrapper/hw/design_1_wrapper.xsa'.
08:27:51 INFO  : 'configparams force-mem-access 1' command is executed.
08:27:51 INFO  : Context for 'APU' is selected.
08:27:51 INFO  : Boot mode is read from the target.
08:27:51 INFO  : Context for processor 'psu_cortexa53_0' is selected.
08:27:51 INFO  : Processor reset is completed for 'psu_cortexa53_0'.
08:27:52 INFO  : The application 'C:/Users/hhhh/rekonfigi/video_passthrough_kria/design_1_wrapper/export/design_1_wrapper/sw/design_1_wrapper/boot/fsbl.elf' is downloaded to processor 'psu_cortexa53_0'.
08:27:52 INFO  : 'set bp_27_52_fsbl_bp [bpadd -addr &XFsbl_Exit]' command is executed.
08:27:52 INFO  : 'con -block -timeout 60' command is executed.
08:27:52 INFO  : 'bpremove $bp_27_52_fsbl_bp' command is executed.
08:27:52 INFO  : Context for processor 'psu_cortexa53_0' is selected.
08:27:52 INFO  : Processor reset is completed for 'psu_cortexa53_0'.
08:27:53 INFO  : The application 'C:/Users/hhhh/rekonfigi/video_passthrough_kria/KriaApp/Debug/KriaApp.elf' is downloaded to processor 'psu_cortexa53_0'.
08:27:53 INFO  : 'configparams force-mem-access 0' command is executed.
08:27:53 INFO  : ----------------XSDB Script----------------
connect -url tcp:127.0.0.1:3121
source C:/Xilinx/Vitis/2022.2/scripts/vitis/util/zynqmp_utils.tcl
targets -set -nocase -filter {name =~"APU*"}
rst -system
after 3000
targets -set -filter {jtag_cable_name =~ "Xilinx X-MLCC-01 XFL1G1QT31NUA" && level==0 && jtag_device_ctx=="jsn-X-MLCC-01-XFL1G1QT31NUA-04724093-0"}
fpga -file C:/Users/hhhh/rekonfigi/video_passthrough_kria/KriaApp/_ide/bitstream/design_1_wrapper.bit
targets -set -nocase -filter {name =~"APU*"}
loadhw -hw C:/Users/hhhh/rekonfigi/video_passthrough_kria/design_1_wrapper/export/design_1_wrapper/hw/design_1_wrapper.xsa -mem-ranges [list {0x80000000 0xbfffffff} {0x400000000 0x5ffffffff} {0x1000000000 0x7fffffffff}] -regs
configparams force-mem-access 1
targets -set -nocase -filter {name =~"APU*"}
set mode [expr [mrd -value 0xFF5E0200] & 0xf]
targets -set -nocase -filter {name =~ "*A53*#0"}
rst -processor
dow C:/Users/hhhh/rekonfigi/video_passthrough_kria/design_1_wrapper/export/design_1_wrapper/sw/design_1_wrapper/boot/fsbl.elf
set bp_27_52_fsbl_bp [bpadd -addr &XFsbl_Exit]
con -block -timeout 60
bpremove $bp_27_52_fsbl_bp
targets -set -nocase -filter {name =~ "*A53*#0"}
rst -processor
dow C:/Users/hhhh/rekonfigi/video_passthrough_kria/KriaApp/Debug/KriaApp.elf
configparams force-mem-access 0
----------------End of Script----------------

08:27:53 INFO  : Context for processor 'psu_cortexa53_0' is selected.
08:27:53 INFO  : 'con' command is executed.
08:27:53 INFO  : ----------------XSDB Script (After Launch)----------------
targets -set -nocase -filter {name =~ "*A53*#0"}
con
----------------End of Script----------------

08:27:53 INFO  : Launch script is exported to file 'C:\Users\hhhh\rekonfigi\video_passthrough_kria\KriaApp_system\_ide\scripts\debugger_kriaapp-default.tcl'
08:47:53 INFO  : Hardware specification for platform project 'design_1_wrapper' is updated.
08:48:22 INFO  : Result from executing command 'getProjects': design_1_wrapper
08:48:22 INFO  : Result from executing command 'getPlatforms': design_1_wrapper|C:/Users/hhhh/rekonfigi/video_passthrough_kria/design_1_wrapper/export/design_1_wrapper/design_1_wrapper.xpfm;xilinx_zcu102_base_202220_1|C:/Xilinx/Vitis/2022.2/base_platforms/xilinx_zcu102_base_202220_1/xilinx_zcu102_base_202220_1.xpfm;xilinx_zcu102_base_dfx_202220_1|C:/Xilinx/Vitis/2022.2/base_platforms/xilinx_zcu102_base_dfx_202220_1/xilinx_zcu102_base_dfx_202220_1.xpfm;xilinx_zcu104_base_202220_1|C:/Xilinx/Vitis/2022.2/base_platforms/xilinx_zcu104_base_202220_1/xilinx_zcu104_base_202220_1.xpfm
08:48:29 INFO  : Checking for BSP changes to sync application flags for project 'KriaApp'...
08:48:54 INFO  : Disconnected from the channel tcfchan#3.
08:48:55 INFO  : The hardware specification used by project 'KriaApp' is out of sync with the platform. Resource files extracted from the hardware specification will be updated.
08:48:55 INFO  : The file 'C:\Users\hhhh\rekonfigi\video_passthrough_kria\KriaApp\_ide\bitstream\design_1_wrapper.bit' stored in project is removed.
08:48:55 INFO  : The updated bitstream files are copied from platform to folder 'C:\Users\hhhh\rekonfigi\video_passthrough_kria\KriaApp\_ide\bitstream' in project 'KriaApp'.
08:48:55 INFO  : The file 'C:\Users\hhhh\rekonfigi\video_passthrough_kria\KriaApp\_ide\psinit\psu_init.tcl' stored in project is removed.
08:48:57 INFO  : The updated ps init files are copied from platform to folder 'C:\Users\hhhh\rekonfigi\video_passthrough_kria\KriaApp\_ide\psinit' in project 'KriaApp'.
08:48:57 INFO  : Connected to target on host '127.0.0.1' and port '3121'.
08:48:58 INFO  : Jtag cable 'Xilinx X-MLCC-01 XFL1G1QT31NUA' is selected.
08:48:58 INFO  : 'jtag frequency' command is executed.
08:48:58 INFO  : Sourcing of 'C:/Xilinx/Vitis/2022.2/scripts/vitis/util/zynqmp_utils.tcl' is done.
08:48:58 INFO  : Context for 'APU' is selected.
08:48:59 INFO  : System reset is completed.
08:49:02 INFO  : 'after 3000' command is executed.
08:49:02 INFO  : 'targets -set -filter {jtag_cable_name =~ "Xilinx X-MLCC-01 XFL1G1QT31NUA" && level==0 && jtag_device_ctx=="jsn-X-MLCC-01-XFL1G1QT31NUA-04724093-0"}' command is executed.
08:49:06 INFO  : Device configured successfully with "C:/Users/hhhh/rekonfigi/video_passthrough_kria/KriaApp/_ide/bitstream/design_1_wrapper.bit"
08:49:06 INFO  : Context for 'APU' is selected.
08:49:07 INFO  : Hardware design and registers information is loaded from 'C:/Users/hhhh/rekonfigi/video_passthrough_kria/design_1_wrapper/export/design_1_wrapper/hw/design_1_wrapper.xsa'.
08:49:07 INFO  : 'configparams force-mem-access 1' command is executed.
08:49:07 INFO  : Context for 'APU' is selected.
08:49:07 INFO  : Boot mode is read from the target.
08:49:07 INFO  : Context for processor 'psu_cortexa53_0' is selected.
08:49:07 INFO  : Processor reset is completed for 'psu_cortexa53_0'.
08:49:08 INFO  : The application 'C:/Users/hhhh/rekonfigi/video_passthrough_kria/design_1_wrapper/export/design_1_wrapper/sw/design_1_wrapper/boot/fsbl.elf' is downloaded to processor 'psu_cortexa53_0'.
08:49:08 INFO  : 'set bp_49_8_fsbl_bp [bpadd -addr &XFsbl_Exit]' command is executed.
08:49:08 INFO  : 'con -block -timeout 60' command is executed.
08:49:08 INFO  : 'bpremove $bp_49_8_fsbl_bp' command is executed.
08:49:08 INFO  : Context for processor 'psu_cortexa53_0' is selected.
08:49:08 INFO  : Processor reset is completed for 'psu_cortexa53_0'.
08:49:09 INFO  : The application 'C:/Users/hhhh/rekonfigi/video_passthrough_kria/KriaApp/Debug/KriaApp.elf' is downloaded to processor 'psu_cortexa53_0'.
08:49:09 INFO  : 'configparams force-mem-access 0' command is executed.
08:49:09 INFO  : ----------------XSDB Script----------------
connect -url tcp:127.0.0.1:3121
source C:/Xilinx/Vitis/2022.2/scripts/vitis/util/zynqmp_utils.tcl
targets -set -nocase -filter {name =~"APU*"}
rst -system
after 3000
targets -set -filter {jtag_cable_name =~ "Xilinx X-MLCC-01 XFL1G1QT31NUA" && level==0 && jtag_device_ctx=="jsn-X-MLCC-01-XFL1G1QT31NUA-04724093-0"}
fpga -file C:/Users/hhhh/rekonfigi/video_passthrough_kria/KriaApp/_ide/bitstream/design_1_wrapper.bit
targets -set -nocase -filter {name =~"APU*"}
loadhw -hw C:/Users/hhhh/rekonfigi/video_passthrough_kria/design_1_wrapper/export/design_1_wrapper/hw/design_1_wrapper.xsa -mem-ranges [list {0x80000000 0xbfffffff} {0x400000000 0x5ffffffff} {0x1000000000 0x7fffffffff}] -regs
configparams force-mem-access 1
targets -set -nocase -filter {name =~"APU*"}
set mode [expr [mrd -value 0xFF5E0200] & 0xf]
targets -set -nocase -filter {name =~ "*A53*#0"}
rst -processor
dow C:/Users/hhhh/rekonfigi/video_passthrough_kria/design_1_wrapper/export/design_1_wrapper/sw/design_1_wrapper/boot/fsbl.elf
set bp_49_8_fsbl_bp [bpadd -addr &XFsbl_Exit]
con -block -timeout 60
bpremove $bp_49_8_fsbl_bp
targets -set -nocase -filter {name =~ "*A53*#0"}
rst -processor
dow C:/Users/hhhh/rekonfigi/video_passthrough_kria/KriaApp/Debug/KriaApp.elf
configparams force-mem-access 0
----------------End of Script----------------

08:49:09 INFO  : Context for processor 'psu_cortexa53_0' is selected.
08:49:09 INFO  : 'con' command is executed.
08:49:09 INFO  : ----------------XSDB Script (After Launch)----------------
targets -set -nocase -filter {name =~ "*A53*#0"}
con
----------------End of Script----------------

08:49:09 INFO  : Launch script is exported to file 'C:\Users\hhhh\rekonfigi\video_passthrough_kria\KriaApp_system\_ide\scripts\debugger_kriaapp-default.tcl'
08:57:09 INFO  : Disconnected from the channel tcfchan#5.
08:57:10 INFO  : Connected to target on host '127.0.0.1' and port '3121'.
08:57:12 INFO  : Jtag cable 'Xilinx X-MLCC-01 XFL1W3KF0ASDA' is selected.
08:57:12 INFO  : 'jtag frequency' command is executed.
08:57:12 INFO  : Sourcing of 'C:/Xilinx/Vitis/2022.2/scripts/vitis/util/zynqmp_utils.tcl' is done.
08:57:12 INFO  : Context for 'APU' is selected.
08:57:12 INFO  : System reset is completed.
08:57:15 INFO  : 'after 3000' command is executed.
08:57:15 INFO  : 'targets -set -filter {jtag_cable_name =~ "Xilinx X-MLCC-01 XFL1W3KF0ASDA" && level==0 && jtag_device_ctx=="jsn-X-MLCC-01-XFL1W3KF0ASDA-04724093-0"}' command is executed.
08:57:19 INFO  : Device configured successfully with "C:/Users/hhhh/rekonfigi/video_passthrough_kria/KriaApp/_ide/bitstream/design_1_wrapper.bit"
08:57:20 INFO  : Context for 'APU' is selected.
08:57:20 INFO  : Hardware design and registers information is loaded from 'C:/Users/hhhh/rekonfigi/video_passthrough_kria/design_1_wrapper/export/design_1_wrapper/hw/design_1_wrapper.xsa'.
08:57:20 INFO  : 'configparams force-mem-access 1' command is executed.
08:57:20 INFO  : Context for 'APU' is selected.
08:57:20 INFO  : Boot mode is read from the target.
08:57:25 INFO  : ----------------XSDB Script----------------
connect -url tcp:127.0.0.1:3121
source C:/Xilinx/Vitis/2022.2/scripts/vitis/util/zynqmp_utils.tcl
targets -set -nocase -filter {name =~"APU*"}
rst -system
after 3000
targets -set -filter {jtag_cable_name =~ "Xilinx X-MLCC-01 XFL1W3KF0ASDA" && level==0 && jtag_device_ctx=="jsn-X-MLCC-01-XFL1W3KF0ASDA-04724093-0"}
fpga -file C:/Users/hhhh/rekonfigi/video_passthrough_kria/KriaApp/_ide/bitstream/design_1_wrapper.bit
targets -set -nocase -filter {name =~"APU*"}
loadhw -hw C:/Users/hhhh/rekonfigi/video_passthrough_kria/design_1_wrapper/export/design_1_wrapper/hw/design_1_wrapper.xsa -mem-ranges [list {0x80000000 0xbfffffff} {0x400000000 0x5ffffffff} {0x1000000000 0x7fffffffff}] -regs
configparams force-mem-access 1
targets -set -nocase -filter {name =~"APU*"}
set mode [expr [mrd -value 0xFF5E0200] & 0xf]
----------------End of Script----------------

08:57:47 INFO  : Connected to target on host '127.0.0.1' and port '3121'.
08:57:47 INFO  : Jtag cable 'Xilinx X-MLCC-01 XFL1W3KF0ASDA' is selected.
08:57:47 INFO  : 'jtag frequency' command is executed.
08:57:47 INFO  : Sourcing of 'C:/Xilinx/Vitis/2022.2/scripts/vitis/util/zynqmp_utils.tcl' is done.
08:57:47 INFO  : Context for 'APU' is selected.
08:57:48 INFO  : System reset is completed.
08:57:51 INFO  : 'after 3000' command is executed.
08:57:51 INFO  : 'targets -set -filter {jtag_cable_name =~ "Xilinx X-MLCC-01 XFL1W3KF0ASDA" && level==0 && jtag_device_ctx=="jsn-X-MLCC-01-XFL1W3KF0ASDA-04724093-0"}' command is executed.
08:57:55 INFO  : Device configured successfully with "C:/Users/hhhh/rekonfigi/video_passthrough_kria/KriaApp/_ide/bitstream/design_1_wrapper.bit"
08:57:55 INFO  : Context for 'APU' is selected.
08:57:55 ERROR : can't read "map": no such variable
08:57:55 INFO  : ----------------XSDB Script----------------
connect -url tcp:127.0.0.1:3121
source C:/Xilinx/Vitis/2022.2/scripts/vitis/util/zynqmp_utils.tcl
targets -set -nocase -filter {name =~"APU*"}
rst -system
after 3000
targets -set -filter {jtag_cable_name =~ "Xilinx X-MLCC-01 XFL1W3KF0ASDA" && level==0 && jtag_device_ctx=="jsn-X-MLCC-01-XFL1W3KF0ASDA-04724093-0"}
fpga -file C:/Users/hhhh/rekonfigi/video_passthrough_kria/KriaApp/_ide/bitstream/design_1_wrapper.bit
targets -set -nocase -filter {name =~"APU*"}
loadhw -hw C:/Users/hhhh/rekonfigi/video_passthrough_kria/design_1_wrapper/export/design_1_wrapper/hw/design_1_wrapper.xsa -mem-ranges [list {0x80000000 0xbfffffff} {0x400000000 0x5ffffffff} {0x1000000000 0x7fffffffff}] -regs
----------------End of Script----------------

08:57:55 ERROR : can't read "map": no such variable
08:58:41 DEBUG : Logs will be stored at 'C:/Users/hhhh/rekonfigi/video_passthrough_kria/IDE.log'.
08:58:42 INFO  : Launching XSCT server: xsct.bat -n  -interactive C:\Users\hhhh\rekonfigi\video_passthrough_kria\temp_xsdb_launch_script.tcl
08:58:44 INFO  : Platform repository initialization has completed.
08:58:44 INFO  : XSCT server has started successfully.
08:58:44 INFO  : plnx-install-location is set to ''
08:58:44 INFO  : Successfully done setting XSCT server connection channel  
08:58:44 INFO  : Successfully done setting workspace for the tool. 
08:58:45 INFO  : Successfully done query RDI_DATADIR 
08:58:45 INFO  : Registering command handlers for Vitis TCF services
08:59:25 INFO  : Connected to target on host '127.0.0.1' and port '3121'.
08:59:25 INFO  : Jtag cable 'Xilinx X-MLCC-01 XFL1W3KF0ASDA' is selected.
08:59:26 INFO  : 'jtag frequency' command is executed.
08:59:26 INFO  : Sourcing of 'C:/Xilinx/Vitis/2022.2/scripts/vitis/util/zynqmp_utils.tcl' is done.
08:59:26 INFO  : Context for 'APU' is selected.
08:59:26 INFO  : System reset is completed.
08:59:29 INFO  : 'after 3000' command is executed.
08:59:29 INFO  : 'targets -set -filter {jtag_cable_name =~ "Xilinx X-MLCC-01 XFL1W3KF0ASDA" && level==0 && jtag_device_ctx=="jsn-X-MLCC-01-XFL1W3KF0ASDA-04724093-0"}' command is executed.
08:59:34 INFO  : Device configured successfully with "C:/Users/hhhh/rekonfigi/video_passthrough_kria/KriaApp/_ide/bitstream/design_1_wrapper.bit"
08:59:34 INFO  : Context for 'APU' is selected.
08:59:34 INFO  : Hardware design and registers information is loaded from 'C:/Users/hhhh/rekonfigi/video_passthrough_kria/design_1_wrapper/export/design_1_wrapper/hw/design_1_wrapper.xsa'.
08:59:34 INFO  : 'configparams force-mem-access 1' command is executed.
08:59:34 INFO  : Context for 'APU' is selected.
08:59:34 INFO  : Boot mode is read from the target.
08:59:34 INFO  : Context for processor 'psu_cortexa53_0' is selected.
08:59:34 INFO  : Processor reset is completed for 'psu_cortexa53_0'.
08:59:35 INFO  : The application 'C:/Users/hhhh/rekonfigi/video_passthrough_kria/design_1_wrapper/export/design_1_wrapper/sw/design_1_wrapper/boot/fsbl.elf' is downloaded to processor 'psu_cortexa53_0'.
08:59:35 INFO  : 'set bp_59_35_fsbl_bp [bpadd -addr &XFsbl_Exit]' command is executed.
08:59:35 INFO  : 'con -block -timeout 60' command is executed.
08:59:35 INFO  : 'bpremove $bp_59_35_fsbl_bp' command is executed.
08:59:35 INFO  : Context for processor 'psu_cortexa53_0' is selected.
08:59:35 INFO  : Processor reset is completed for 'psu_cortexa53_0'.
08:59:36 INFO  : The application 'C:/Users/hhhh/rekonfigi/video_passthrough_kria/KriaApp/Debug/KriaApp.elf' is downloaded to processor 'psu_cortexa53_0'.
08:59:36 INFO  : 'configparams force-mem-access 0' command is executed.
08:59:36 INFO  : ----------------XSDB Script----------------
connect -url tcp:127.0.0.1:3121
source C:/Xilinx/Vitis/2022.2/scripts/vitis/util/zynqmp_utils.tcl
targets -set -nocase -filter {name =~"APU*"}
rst -system
after 3000
targets -set -filter {jtag_cable_name =~ "Xilinx X-MLCC-01 XFL1W3KF0ASDA" && level==0 && jtag_device_ctx=="jsn-X-MLCC-01-XFL1W3KF0ASDA-04724093-0"}
fpga -file C:/Users/hhhh/rekonfigi/video_passthrough_kria/KriaApp/_ide/bitstream/design_1_wrapper.bit
targets -set -nocase -filter {name =~"APU*"}
loadhw -hw C:/Users/hhhh/rekonfigi/video_passthrough_kria/design_1_wrapper/export/design_1_wrapper/hw/design_1_wrapper.xsa -mem-ranges [list {0x80000000 0xbfffffff} {0x400000000 0x5ffffffff} {0x1000000000 0x7fffffffff}] -regs
configparams force-mem-access 1
targets -set -nocase -filter {name =~"APU*"}
set mode [expr [mrd -value 0xFF5E0200] & 0xf]
targets -set -nocase -filter {name =~ "*A53*#0"}
rst -processor
dow C:/Users/hhhh/rekonfigi/video_passthrough_kria/design_1_wrapper/export/design_1_wrapper/sw/design_1_wrapper/boot/fsbl.elf
set bp_59_35_fsbl_bp [bpadd -addr &XFsbl_Exit]
con -block -timeout 60
bpremove $bp_59_35_fsbl_bp
targets -set -nocase -filter {name =~ "*A53*#0"}
rst -processor
dow C:/Users/hhhh/rekonfigi/video_passthrough_kria/KriaApp/Debug/KriaApp.elf
configparams force-mem-access 0
----------------End of Script----------------

08:59:37 INFO  : Context for processor 'psu_cortexa53_0' is selected.
08:59:37 INFO  : 'con' command is executed.
08:59:37 INFO  : ----------------XSDB Script (After Launch)----------------
targets -set -nocase -filter {name =~ "*A53*#0"}
con
----------------End of Script----------------

08:59:37 INFO  : Launch script is exported to file 'C:\Users\hhhh\rekonfigi\video_passthrough_kria\KriaApp_system\_ide\scripts\debugger_kriaapp-default.tcl'
09:16:09 INFO  : Disconnected from the channel tcfchan#1.
10:25:16 DEBUG : Logs will be stored at 'C:/Users/hhhh/rekonfigi/video_passthrough_kria/IDE.log'.
10:25:17 INFO  : Launching XSCT server: xsct.bat -n  -interactive C:\Users\hhhh\rekonfigi\video_passthrough_kria\temp_xsdb_launch_script.tcl
10:25:19 INFO  : Platform repository initialization has completed.
10:25:21 INFO  : XSCT server has started successfully.
10:25:21 INFO  : plnx-install-location is set to ''
10:25:21 INFO  : Registering command handlers for Vitis TCF services
10:25:24 INFO  : Successfully done setting XSCT server connection channel  
10:25:24 INFO  : Successfully done query RDI_DATADIR 
10:25:24 INFO  : Successfully done setting workspace for the tool. 
10:26:36 INFO  : Hardware specification for platform project 'design_1_wrapper' is updated.
10:28:22 INFO  : Result from executing command 'getProjects': design_1_wrapper
10:28:22 INFO  : Result from executing command 'getPlatforms': design_1_wrapper|C:/Users/hhhh/rekonfigi/video_passthrough_kria/design_1_wrapper/export/design_1_wrapper/design_1_wrapper.xpfm;xilinx_zcu102_base_202220_1|C:/Xilinx/Vitis/2022.2/base_platforms/xilinx_zcu102_base_202220_1/xilinx_zcu102_base_202220_1.xpfm;xilinx_zcu102_base_dfx_202220_1|C:/Xilinx/Vitis/2022.2/base_platforms/xilinx_zcu102_base_dfx_202220_1/xilinx_zcu102_base_dfx_202220_1.xpfm;xilinx_zcu104_base_202220_1|C:/Xilinx/Vitis/2022.2/base_platforms/xilinx_zcu104_base_202220_1/xilinx_zcu104_base_202220_1.xpfm
10:28:22 INFO  : Checking for BSP changes to sync application flags for project 'KriaApp'...
11:03:39 INFO  : The hardware specification used by project 'KriaApp' is out of sync with the platform. Resource files extracted from the hardware specification will be updated.
11:03:39 INFO  : The file 'C:\Users\hhhh\rekonfigi\video_passthrough_kria\KriaApp\_ide\bitstream\design_1_wrapper.bit' stored in project is removed.
11:03:39 INFO  : The updated bitstream files are copied from platform to folder 'C:\Users\hhhh\rekonfigi\video_passthrough_kria\KriaApp\_ide\bitstream' in project 'KriaApp'.
11:03:39 INFO  : The file 'C:\Users\hhhh\rekonfigi\video_passthrough_kria\KriaApp\_ide\psinit\psu_init.tcl' stored in project is removed.
11:03:40 INFO  : The updated ps init files are copied from platform to folder 'C:\Users\hhhh\rekonfigi\video_passthrough_kria\KriaApp\_ide\psinit' in project 'KriaApp'.
11:03:42 INFO  : Connected to target on host '127.0.0.1' and port '3121'.
11:03:42 INFO  : Jtag cable 'Xilinx X-MLCC-01 XFL1Y1ZEL1VSA' is selected.
11:03:42 INFO  : 'jtag frequency' command is executed.
11:03:42 INFO  : Sourcing of 'C:/Xilinx/Vitis/2022.2/scripts/vitis/util/zynqmp_utils.tcl' is done.
11:03:42 INFO  : Context for 'APU' is selected.
11:03:42 INFO  : System reset is completed.
11:03:45 INFO  : 'after 3000' command is executed.
11:03:46 INFO  : 'targets -set -filter {jtag_cable_name =~ "Xilinx X-MLCC-01 XFL1Y1ZEL1VSA" && level==0 && jtag_device_ctx=="jsn-X-MLCC-01-XFL1Y1ZEL1VSA-04724093-0"}' command is executed.
11:03:50 INFO  : Device configured successfully with "C:/Users/hhhh/rekonfigi/video_passthrough_kria/KriaApp/_ide/bitstream/design_1_wrapper.bit"
11:03:50 INFO  : Context for 'APU' is selected.
11:03:51 INFO  : Hardware design and registers information is loaded from 'C:/Users/hhhh/rekonfigi/video_passthrough_kria/design_1_wrapper/export/design_1_wrapper/hw/design_1_wrapper.xsa'.
11:03:51 INFO  : 'configparams force-mem-access 1' command is executed.
11:03:51 INFO  : Context for 'APU' is selected.
11:03:51 INFO  : Boot mode is read from the target.
11:03:51 INFO  : Context for processor 'psu_cortexa53_0' is selected.
11:03:51 INFO  : Processor reset is completed for 'psu_cortexa53_0'.
11:03:51 INFO  : The application 'C:/Users/hhhh/rekonfigi/video_passthrough_kria/design_1_wrapper/export/design_1_wrapper/sw/design_1_wrapper/boot/fsbl.elf' is downloaded to processor 'psu_cortexa53_0'.
11:03:52 INFO  : 'set bp_3_51_fsbl_bp [bpadd -addr &XFsbl_Exit]' command is executed.
11:03:52 INFO  : 'con -block -timeout 60' command is executed.
11:03:52 INFO  : 'bpremove $bp_3_51_fsbl_bp' command is executed.
11:03:52 INFO  : Context for processor 'psu_cortexa53_0' is selected.
11:03:52 INFO  : Processor reset is completed for 'psu_cortexa53_0'.
11:03:53 INFO  : The application 'C:/Users/hhhh/rekonfigi/video_passthrough_kria/KriaApp/Debug/KriaApp.elf' is downloaded to processor 'psu_cortexa53_0'.
11:03:53 INFO  : 'configparams force-mem-access 0' command is executed.
11:03:53 INFO  : ----------------XSDB Script----------------
connect -url tcp:127.0.0.1:3121
source C:/Xilinx/Vitis/2022.2/scripts/vitis/util/zynqmp_utils.tcl
targets -set -nocase -filter {name =~"APU*"}
rst -system
after 3000
targets -set -filter {jtag_cable_name =~ "Xilinx X-MLCC-01 XFL1Y1ZEL1VSA" && level==0 && jtag_device_ctx=="jsn-X-MLCC-01-XFL1Y1ZEL1VSA-04724093-0"}
fpga -file C:/Users/hhhh/rekonfigi/video_passthrough_kria/KriaApp/_ide/bitstream/design_1_wrapper.bit
targets -set -nocase -filter {name =~"APU*"}
loadhw -hw C:/Users/hhhh/rekonfigi/video_passthrough_kria/design_1_wrapper/export/design_1_wrapper/hw/design_1_wrapper.xsa -mem-ranges [list {0x80000000 0xbfffffff} {0x400000000 0x5ffffffff} {0x1000000000 0x7fffffffff}] -regs
configparams force-mem-access 1
targets -set -nocase -filter {name =~"APU*"}
set mode [expr [mrd -value 0xFF5E0200] & 0xf]
targets -set -nocase -filter {name =~ "*A53*#0"}
rst -processor
dow C:/Users/hhhh/rekonfigi/video_passthrough_kria/design_1_wrapper/export/design_1_wrapper/sw/design_1_wrapper/boot/fsbl.elf
set bp_3_51_fsbl_bp [bpadd -addr &XFsbl_Exit]
con -block -timeout 60
bpremove $bp_3_51_fsbl_bp
targets -set -nocase -filter {name =~ "*A53*#0"}
rst -processor
dow C:/Users/hhhh/rekonfigi/video_passthrough_kria/KriaApp/Debug/KriaApp.elf
configparams force-mem-access 0
----------------End of Script----------------

11:03:53 INFO  : Context for processor 'psu_cortexa53_0' is selected.
11:03:53 INFO  : 'con' command is executed.
11:03:53 INFO  : ----------------XSDB Script (After Launch)----------------
targets -set -nocase -filter {name =~ "*A53*#0"}
con
----------------End of Script----------------

11:03:53 INFO  : Launch script is exported to file 'C:\Users\hhhh\rekonfigi\video_passthrough_kria\KriaApp_system\_ide\scripts\debugger_kriaapp-default.tcl'
11:08:05 INFO  : Disconnected from the channel tcfchan#2.
11:08:06 INFO  : Connected to target on host '127.0.0.1' and port '3121'.
11:08:15 INFO  : ----------------XSDB Script----------------
connect -url tcp:127.0.0.1:3121
----------------End of Script----------------

11:08:15 ERROR : Could not find ARM device on the board for connection 'Local'.
Check if the target is in:
1. Split JTAG - No operations are possible with ARM DAP.
2. Non JTAG bootmode - Bootrom may need time to enable DAP.
Please try again.


Troubleshooting hints:
1. Check whether board is connected to system properly.
2. In case of zynq board, check whether Digilent/Xilinx cable switch settings are correct.
3. If you are using Xilinx Platform Cable USB, ensure that status LED is green.
11:08:32 INFO  : Connected to target on host '127.0.0.1' and port '3121'.
11:08:32 INFO  : Jtag cable 'Xilinx X-MLCC-01 XFL1Y1ZEL1VSA' is selected.
11:08:32 INFO  : 'jtag frequency' command is executed.
11:08:32 INFO  : Sourcing of 'C:/Xilinx/Vitis/2022.2/scripts/vitis/util/zynqmp_utils.tcl' is done.
11:08:32 INFO  : Context for 'APU' is selected.
11:08:32 INFO  : System reset is completed.
11:08:35 INFO  : 'after 3000' command is executed.
11:08:36 INFO  : 'targets -set -filter {jtag_cable_name =~ "Xilinx X-MLCC-01 XFL1Y1ZEL1VSA" && level==0 && jtag_device_ctx=="jsn-X-MLCC-01-XFL1Y1ZEL1VSA-04724093-0"}' command is executed.
11:08:40 INFO  : Device configured successfully with "C:/Users/hhhh/rekonfigi/video_passthrough_kria/KriaApp/_ide/bitstream/design_1_wrapper.bit"
11:08:40 INFO  : Context for 'APU' is selected.
11:08:40 INFO  : Hardware design and registers information is loaded from 'C:/Users/hhhh/rekonfigi/video_passthrough_kria/design_1_wrapper/export/design_1_wrapper/hw/design_1_wrapper.xsa'.
11:08:40 INFO  : 'configparams force-mem-access 1' command is executed.
11:08:40 INFO  : Context for 'APU' is selected.
11:08:40 INFO  : Boot mode is read from the target.
11:08:40 INFO  : Context for processor 'psu_cortexa53_0' is selected.
11:08:40 INFO  : Processor reset is completed for 'psu_cortexa53_0'.
11:08:41 INFO  : The application 'C:/Users/hhhh/rekonfigi/video_passthrough_kria/design_1_wrapper/export/design_1_wrapper/sw/design_1_wrapper/boot/fsbl.elf' is downloaded to processor 'psu_cortexa53_0'.
11:08:41 INFO  : 'set bp_8_41_fsbl_bp [bpadd -addr &XFsbl_Exit]' command is executed.
11:08:41 INFO  : 'con -block -timeout 60' command is executed.
11:08:41 INFO  : 'bpremove $bp_8_41_fsbl_bp' command is executed.
11:08:41 INFO  : Context for processor 'psu_cortexa53_0' is selected.
11:08:41 INFO  : Processor reset is completed for 'psu_cortexa53_0'.
11:08:42 INFO  : The application 'C:/Users/hhhh/rekonfigi/video_passthrough_kria/KriaApp/Debug/KriaApp.elf' is downloaded to processor 'psu_cortexa53_0'.
11:08:42 INFO  : 'configparams force-mem-access 0' command is executed.
11:08:42 INFO  : ----------------XSDB Script----------------
connect -url tcp:127.0.0.1:3121
source C:/Xilinx/Vitis/2022.2/scripts/vitis/util/zynqmp_utils.tcl
targets -set -nocase -filter {name =~"APU*"}
rst -system
after 3000
targets -set -filter {jtag_cable_name =~ "Xilinx X-MLCC-01 XFL1Y1ZEL1VSA" && level==0 && jtag_device_ctx=="jsn-X-MLCC-01-XFL1Y1ZEL1VSA-04724093-0"}
fpga -file C:/Users/hhhh/rekonfigi/video_passthrough_kria/KriaApp/_ide/bitstream/design_1_wrapper.bit
targets -set -nocase -filter {name =~"APU*"}
loadhw -hw C:/Users/hhhh/rekonfigi/video_passthrough_kria/design_1_wrapper/export/design_1_wrapper/hw/design_1_wrapper.xsa -mem-ranges [list {0x80000000 0xbfffffff} {0x400000000 0x5ffffffff} {0x1000000000 0x7fffffffff}] -regs
configparams force-mem-access 1
targets -set -nocase -filter {name =~"APU*"}
set mode [expr [mrd -value 0xFF5E0200] & 0xf]
targets -set -nocase -filter {name =~ "*A53*#0"}
rst -processor
dow C:/Users/hhhh/rekonfigi/video_passthrough_kria/design_1_wrapper/export/design_1_wrapper/sw/design_1_wrapper/boot/fsbl.elf
set bp_8_41_fsbl_bp [bpadd -addr &XFsbl_Exit]
con -block -timeout 60
bpremove $bp_8_41_fsbl_bp
targets -set -nocase -filter {name =~ "*A53*#0"}
rst -processor
dow C:/Users/hhhh/rekonfigi/video_passthrough_kria/KriaApp/Debug/KriaApp.elf
configparams force-mem-access 0
----------------End of Script----------------

11:08:42 INFO  : Context for processor 'psu_cortexa53_0' is selected.
11:08:42 INFO  : 'con' command is executed.
11:08:42 INFO  : ----------------XSDB Script (After Launch)----------------
targets -set -nocase -filter {name =~ "*A53*#0"}
con
----------------End of Script----------------

11:08:42 INFO  : Launch script is exported to file 'C:\Users\hhhh\rekonfigi\video_passthrough_kria\KriaApp_system\_ide\scripts\debugger_kriaapp-default.tcl'
11:09:55 INFO  : Disconnected from the channel tcfchan#3.
11:09:56 INFO  : Connected to target on host '127.0.0.1' and port '3121'.
11:09:57 INFO  : Jtag cable 'Xilinx X-MLCC-01 XFL1Y1ZEL1VSA' is selected.
11:09:57 INFO  : 'jtag frequency' command is executed.
11:09:57 INFO  : Sourcing of 'C:/Xilinx/Vitis/2022.2/scripts/vitis/util/zynqmp_utils.tcl' is done.
11:09:57 INFO  : Context for 'APU' is selected.
11:09:57 INFO  : System reset is completed.
11:10:00 INFO  : 'after 3000' command is executed.
11:10:00 INFO  : 'targets -set -filter {jtag_cable_name =~ "Xilinx X-MLCC-01 XFL1Y1ZEL1VSA" && level==0 && jtag_device_ctx=="jsn-X-MLCC-01-XFL1Y1ZEL1VSA-04724093-0"}' command is executed.
11:10:05 INFO  : Device configured successfully with "C:/Users/hhhh/rekonfigi/video_passthrough_kria/KriaApp/_ide/bitstream/design_1_wrapper.bit"
11:10:05 INFO  : Context for 'APU' is selected.
11:10:05 INFO  : Hardware design and registers information is loaded from 'C:/Users/hhhh/rekonfigi/video_passthrough_kria/design_1_wrapper/export/design_1_wrapper/hw/design_1_wrapper.xsa'.
11:10:05 INFO  : 'configparams force-mem-access 1' command is executed.
11:10:05 INFO  : Context for 'APU' is selected.
11:10:05 INFO  : Boot mode is read from the target.
11:10:11 INFO  : ----------------XSDB Script----------------
connect -url tcp:127.0.0.1:3121
source C:/Xilinx/Vitis/2022.2/scripts/vitis/util/zynqmp_utils.tcl
targets -set -nocase -filter {name =~"APU*"}
rst -system
after 3000
targets -set -filter {jtag_cable_name =~ "Xilinx X-MLCC-01 XFL1Y1ZEL1VSA" && level==0 && jtag_device_ctx=="jsn-X-MLCC-01-XFL1Y1ZEL1VSA-04724093-0"}
fpga -file C:/Users/hhhh/rekonfigi/video_passthrough_kria/KriaApp/_ide/bitstream/design_1_wrapper.bit
targets -set -nocase -filter {name =~"APU*"}
loadhw -hw C:/Users/hhhh/rekonfigi/video_passthrough_kria/design_1_wrapper/export/design_1_wrapper/hw/design_1_wrapper.xsa -mem-ranges [list {0x80000000 0xbfffffff} {0x400000000 0x5ffffffff} {0x1000000000 0x7fffffffff}] -regs
configparams force-mem-access 1
targets -set -nocase -filter {name =~"APU*"}
set mode [expr [mrd -value 0xFF5E0200] & 0xf]
----------------End of Script----------------

11:10:26 INFO  : Connected to target on host '127.0.0.1' and port '3121'.
11:10:27 INFO  : Jtag cable 'Xilinx X-MLCC-01 XFL1Y1ZEL1VSA' is selected.
11:10:27 INFO  : 'jtag frequency' command is executed.
11:10:27 INFO  : Sourcing of 'C:/Xilinx/Vitis/2022.2/scripts/vitis/util/zynqmp_utils.tcl' is done.
11:10:27 INFO  : Context for 'APU' is selected.
11:10:27 INFO  : System reset is completed.
11:10:30 INFO  : 'after 3000' command is executed.
11:10:30 INFO  : 'targets -set -filter {jtag_cable_name =~ "Xilinx X-MLCC-01 XFL1Y1ZEL1VSA" && level==0 && jtag_device_ctx=="jsn-X-MLCC-01-XFL1Y1ZEL1VSA-04724093-0"}' command is executed.
11:10:35 INFO  : Device configured successfully with "C:/Users/hhhh/rekonfigi/video_passthrough_kria/KriaApp/_ide/bitstream/design_1_wrapper.bit"
11:10:35 INFO  : Context for 'APU' is selected.
11:10:35 ERROR : can't read "map": no such variable
11:10:35 INFO  : ----------------XSDB Script----------------
connect -url tcp:127.0.0.1:3121
source C:/Xilinx/Vitis/2022.2/scripts/vitis/util/zynqmp_utils.tcl
targets -set -nocase -filter {name =~"APU*"}
rst -system
after 3000
targets -set -filter {jtag_cable_name =~ "Xilinx X-MLCC-01 XFL1Y1ZEL1VSA" && level==0 && jtag_device_ctx=="jsn-X-MLCC-01-XFL1Y1ZEL1VSA-04724093-0"}
fpga -file C:/Users/hhhh/rekonfigi/video_passthrough_kria/KriaApp/_ide/bitstream/design_1_wrapper.bit
targets -set -nocase -filter {name =~"APU*"}
loadhw -hw C:/Users/hhhh/rekonfigi/video_passthrough_kria/design_1_wrapper/export/design_1_wrapper/hw/design_1_wrapper.xsa -mem-ranges [list {0x80000000 0xbfffffff} {0x400000000 0x5ffffffff} {0x1000000000 0x7fffffffff}] -regs
----------------End of Script----------------

11:10:35 ERROR : can't read "map": no such variable
11:11:10 INFO  : Connected to target on host '127.0.0.1' and port '3121'.
11:11:11 INFO  : Jtag cable 'Xilinx X-MLCC-01 XFL1Y1ZEL1VSA' is selected.
11:11:11 INFO  : 'jtag frequency' command is executed.
11:11:11 INFO  : Sourcing of 'C:/Xilinx/Vitis/2022.2/scripts/vitis/util/zynqmp_utils.tcl' is done.
11:11:11 INFO  : Context for 'APU' is selected.
11:11:11 INFO  : System reset is completed.
11:11:14 INFO  : 'after 3000' command is executed.
11:11:14 INFO  : 'targets -set -filter {jtag_cable_name =~ "Xilinx X-MLCC-01 XFL1Y1ZEL1VSA" && level==0 && jtag_device_ctx=="jsn-X-MLCC-01-XFL1Y1ZEL1VSA-04724093-0"}' command is executed.
11:11:19 INFO  : Device configured successfully with "C:/Users/hhhh/rekonfigi/video_passthrough_kria/KriaApp/_ide/bitstream/design_1_wrapper.bit"
11:11:19 INFO  : Context for 'APU' is selected.
11:11:19 ERROR : can't read "map": no such variable
11:11:19 INFO  : ----------------XSDB Script----------------
connect -url tcp:127.0.0.1:3121
source C:/Xilinx/Vitis/2022.2/scripts/vitis/util/zynqmp_utils.tcl
targets -set -nocase -filter {name =~"APU*"}
rst -system
after 3000
targets -set -filter {jtag_cable_name =~ "Xilinx X-MLCC-01 XFL1Y1ZEL1VSA" && level==0 && jtag_device_ctx=="jsn-X-MLCC-01-XFL1Y1ZEL1VSA-04724093-0"}
fpga -file C:/Users/hhhh/rekonfigi/video_passthrough_kria/KriaApp/_ide/bitstream/design_1_wrapper.bit
targets -set -nocase -filter {name =~"APU*"}
loadhw -hw C:/Users/hhhh/rekonfigi/video_passthrough_kria/design_1_wrapper/export/design_1_wrapper/hw/design_1_wrapper.xsa -mem-ranges [list {0x80000000 0xbfffffff} {0x400000000 0x5ffffffff} {0x1000000000 0x7fffffffff}] -regs
----------------End of Script----------------

11:11:19 ERROR : can't read "map": no such variable
11:12:03 DEBUG : Logs will be stored at 'C:/Users/hhhh/rekonfigi/video_passthrough_kria/IDE.log'.
11:12:03 INFO  : Launching XSCT server: xsct.bat -n  -interactive C:\Users\hhhh\rekonfigi\video_passthrough_kria\temp_xsdb_launch_script.tcl
11:12:05 INFO  : Platform repository initialization has completed.
11:12:05 INFO  : XSCT server has started successfully.
11:12:05 INFO  : Successfully done setting XSCT server connection channel  
11:12:05 INFO  : plnx-install-location is set to ''
11:12:05 INFO  : Successfully done setting workspace for the tool. 
11:12:07 INFO  : Successfully done query RDI_DATADIR 
11:12:07 INFO  : Registering command handlers for Vitis TCF services
11:12:37 INFO  : Connected to target on host '127.0.0.1' and port '3121'.
11:12:37 INFO  : Jtag cable 'Xilinx X-MLCC-01 XFL1Y1ZEL1VSA' is selected.
11:12:37 INFO  : 'jtag frequency' command is executed.
11:12:37 INFO  : Sourcing of 'C:/Xilinx/Vitis/2022.2/scripts/vitis/util/zynqmp_utils.tcl' is done.
11:12:38 INFO  : Context for 'APU' is selected.
11:12:38 INFO  : System reset is completed.
11:12:41 INFO  : 'after 3000' command is executed.
11:12:41 INFO  : 'targets -set -filter {jtag_cable_name =~ "Xilinx X-MLCC-01 XFL1Y1ZEL1VSA" && level==0 && jtag_device_ctx=="jsn-X-MLCC-01-XFL1Y1ZEL1VSA-04724093-0"}' command is executed.
11:12:45 INFO  : Device configured successfully with "C:/Users/hhhh/rekonfigi/video_passthrough_kria/KriaApp/_ide/bitstream/design_1_wrapper.bit"
11:12:45 INFO  : Context for 'APU' is selected.
11:12:46 INFO  : Hardware design and registers information is loaded from 'C:/Users/hhhh/rekonfigi/video_passthrough_kria/design_1_wrapper/export/design_1_wrapper/hw/design_1_wrapper.xsa'.
11:12:46 INFO  : 'configparams force-mem-access 1' command is executed.
11:12:46 INFO  : Context for 'APU' is selected.
11:12:46 INFO  : Boot mode is read from the target.
11:12:46 INFO  : Context for processor 'psu_cortexa53_0' is selected.
11:12:46 INFO  : Processor reset is completed for 'psu_cortexa53_0'.
11:12:47 INFO  : The application 'C:/Users/hhhh/rekonfigi/video_passthrough_kria/design_1_wrapper/export/design_1_wrapper/sw/design_1_wrapper/boot/fsbl.elf' is downloaded to processor 'psu_cortexa53_0'.
11:12:47 INFO  : 'set bp_12_47_fsbl_bp [bpadd -addr &XFsbl_Exit]' command is executed.
11:12:47 INFO  : 'con -block -timeout 60' command is executed.
11:12:47 INFO  : 'bpremove $bp_12_47_fsbl_bp' command is executed.
11:12:47 INFO  : Context for processor 'psu_cortexa53_0' is selected.
11:12:47 INFO  : Processor reset is completed for 'psu_cortexa53_0'.
11:12:48 INFO  : The application 'C:/Users/hhhh/rekonfigi/video_passthrough_kria/KriaApp/Debug/KriaApp.elf' is downloaded to processor 'psu_cortexa53_0'.
11:12:48 INFO  : 'configparams force-mem-access 0' command is executed.
11:12:48 INFO  : ----------------XSDB Script----------------
connect -url tcp:127.0.0.1:3121
source C:/Xilinx/Vitis/2022.2/scripts/vitis/util/zynqmp_utils.tcl
targets -set -nocase -filter {name =~"APU*"}
rst -system
after 3000
targets -set -filter {jtag_cable_name =~ "Xilinx X-MLCC-01 XFL1Y1ZEL1VSA" && level==0 && jtag_device_ctx=="jsn-X-MLCC-01-XFL1Y1ZEL1VSA-04724093-0"}
fpga -file C:/Users/hhhh/rekonfigi/video_passthrough_kria/KriaApp/_ide/bitstream/design_1_wrapper.bit
targets -set -nocase -filter {name =~"APU*"}
loadhw -hw C:/Users/hhhh/rekonfigi/video_passthrough_kria/design_1_wrapper/export/design_1_wrapper/hw/design_1_wrapper.xsa -mem-ranges [list {0x80000000 0xbfffffff} {0x400000000 0x5ffffffff} {0x1000000000 0x7fffffffff}] -regs
configparams force-mem-access 1
targets -set -nocase -filter {name =~"APU*"}
set mode [expr [mrd -value 0xFF5E0200] & 0xf]
targets -set -nocase -filter {name =~ "*A53*#0"}
rst -processor
dow C:/Users/hhhh/rekonfigi/video_passthrough_kria/design_1_wrapper/export/design_1_wrapper/sw/design_1_wrapper/boot/fsbl.elf
set bp_12_47_fsbl_bp [bpadd -addr &XFsbl_Exit]
con -block -timeout 60
bpremove $bp_12_47_fsbl_bp
targets -set -nocase -filter {name =~ "*A53*#0"}
rst -processor
dow C:/Users/hhhh/rekonfigi/video_passthrough_kria/KriaApp/Debug/KriaApp.elf
configparams force-mem-access 0
----------------End of Script----------------

11:12:48 INFO  : Context for processor 'psu_cortexa53_0' is selected.
11:12:49 INFO  : 'con' command is executed.
11:12:49 INFO  : ----------------XSDB Script (After Launch)----------------
targets -set -nocase -filter {name =~ "*A53*#0"}
con
----------------End of Script----------------

11:12:49 INFO  : Launch script is exported to file 'C:\Users\hhhh\rekonfigi\video_passthrough_kria\KriaApp_system\_ide\scripts\debugger_kriaapp-default.tcl'
11:17:48 INFO  : Disconnected from the channel tcfchan#1.
10:05:06 DEBUG : Logs will be stored at 'C:/Users/hhhh/rekonfigi/video_passthrough_kria/IDE.log'.
10:05:06 INFO  : Launching XSCT server: xsct.bat -n  -interactive C:\Users\hhhh\rekonfigi\video_passthrough_kria\temp_xsdb_launch_script.tcl
10:05:09 INFO  : Platform repository initialization has completed.
10:05:11 INFO  : Registering command handlers for Vitis TCF services
10:05:11 INFO  : XSCT server has started successfully.
10:05:14 INFO  : plnx-install-location is set to ''
10:05:14 INFO  : Successfully done setting XSCT server connection channel  
10:05:14 INFO  : Successfully done query RDI_DATADIR 
10:05:14 INFO  : Successfully done setting workspace for the tool. 
10:07:19 INFO  : Result from executing command 'getProjects': design_1_wrapper
10:07:19 INFO  : Result from executing command 'getPlatforms': design_1_wrapper|C:/Users/hhhh/rekonfigi/video_passthrough_kria/design_1_wrapper/export/design_1_wrapper/design_1_wrapper.xpfm;xilinx_zcu102_base_202220_1|C:/Xilinx/Vitis/2022.2/base_platforms/xilinx_zcu102_base_202220_1/xilinx_zcu102_base_202220_1.xpfm;xilinx_zcu102_base_dfx_202220_1|C:/Xilinx/Vitis/2022.2/base_platforms/xilinx_zcu102_base_dfx_202220_1/xilinx_zcu102_base_dfx_202220_1.xpfm;xilinx_zcu104_base_202220_1|C:/Xilinx/Vitis/2022.2/base_platforms/xilinx_zcu104_base_202220_1/xilinx_zcu104_base_202220_1.xpfm
10:07:19 INFO  : Checking for BSP changes to sync application flags for project 'KriaApp'...
10:07:30 INFO  : Hardware specification for platform project 'design_1_wrapper' is updated.
10:07:38 INFO  : Checking for BSP changes to sync application flags for project 'KriaApp'...
10:09:40 INFO  : The hardware specification used by project 'KriaApp' is out of sync with the platform. Resource files extracted from the hardware specification will be updated.
10:09:40 INFO  : The file 'C:\Users\hhhh\rekonfigi\video_passthrough_kria\KriaApp\_ide\bitstream\design_1_wrapper.bit' stored in project is removed.
10:09:40 INFO  : The updated bitstream files are copied from platform to folder 'C:\Users\hhhh\rekonfigi\video_passthrough_kria\KriaApp\_ide\bitstream' in project 'KriaApp'.
10:09:40 INFO  : The file 'C:\Users\hhhh\rekonfigi\video_passthrough_kria\KriaApp\_ide\psinit\psu_init.tcl' stored in project is removed.
10:09:41 INFO  : The updated ps init files are copied from platform to folder 'C:\Users\hhhh\rekonfigi\video_passthrough_kria\KriaApp\_ide\psinit' in project 'KriaApp'.
10:09:42 INFO  : Connected to target on host '127.0.0.1' and port '3121'.
10:09:43 INFO  : Jtag cable 'Xilinx X-MLCC-01 XFL1Y1ZEL1VSA' is selected.
10:09:43 INFO  : 'jtag frequency' command is executed.
10:09:43 INFO  : Sourcing of 'C:/Xilinx/Vitis/2022.2/scripts/vitis/util/zynqmp_utils.tcl' is done.
10:09:43 INFO  : Context for 'APU' is selected.
10:09:43 INFO  : System reset is completed.
10:09:46 INFO  : 'after 3000' command is executed.
10:09:46 INFO  : 'targets -set -filter {jtag_cable_name =~ "Xilinx X-MLCC-01 XFL1Y1ZEL1VSA" && level==0 && jtag_device_ctx=="jsn-X-MLCC-01-XFL1Y1ZEL1VSA-04724093-0"}' command is executed.
10:09:51 INFO  : Device configured successfully with "C:/Users/hhhh/rekonfigi/video_passthrough_kria/KriaApp/_ide/bitstream/design_1_wrapper.bit"
10:09:51 INFO  : Context for 'APU' is selected.
10:09:51 INFO  : Hardware design and registers information is loaded from 'C:/Users/hhhh/rekonfigi/video_passthrough_kria/design_1_wrapper/export/design_1_wrapper/hw/design_1_wrapper.xsa'.
10:09:51 INFO  : 'configparams force-mem-access 1' command is executed.
10:09:51 INFO  : Context for 'APU' is selected.
10:09:51 INFO  : Boot mode is read from the target.
10:09:51 INFO  : Context for processor 'psu_cortexa53_0' is selected.
10:09:51 INFO  : Processor reset is completed for 'psu_cortexa53_0'.
10:09:52 INFO  : The application 'C:/Users/hhhh/rekonfigi/video_passthrough_kria/design_1_wrapper/export/design_1_wrapper/sw/design_1_wrapper/boot/fsbl.elf' is downloaded to processor 'psu_cortexa53_0'.
10:09:52 INFO  : 'set bp_9_52_fsbl_bp [bpadd -addr &XFsbl_Exit]' command is executed.
10:09:52 INFO  : 'con -block -timeout 60' command is executed.
10:09:52 INFO  : 'bpremove $bp_9_52_fsbl_bp' command is executed.
10:09:52 INFO  : Context for processor 'psu_cortexa53_0' is selected.
10:09:52 INFO  : Processor reset is completed for 'psu_cortexa53_0'.
10:09:54 INFO  : The application 'C:/Users/hhhh/rekonfigi/video_passthrough_kria/KriaApp/Debug/KriaApp.elf' is downloaded to processor 'psu_cortexa53_0'.
10:09:54 INFO  : 'configparams force-mem-access 0' command is executed.
10:09:54 INFO  : ----------------XSDB Script----------------
connect -url tcp:127.0.0.1:3121
source C:/Xilinx/Vitis/2022.2/scripts/vitis/util/zynqmp_utils.tcl
targets -set -nocase -filter {name =~"APU*"}
rst -system
after 3000
targets -set -filter {jtag_cable_name =~ "Xilinx X-MLCC-01 XFL1Y1ZEL1VSA" && level==0 && jtag_device_ctx=="jsn-X-MLCC-01-XFL1Y1ZEL1VSA-04724093-0"}
fpga -file C:/Users/hhhh/rekonfigi/video_passthrough_kria/KriaApp/_ide/bitstream/design_1_wrapper.bit
targets -set -nocase -filter {name =~"APU*"}
loadhw -hw C:/Users/hhhh/rekonfigi/video_passthrough_kria/design_1_wrapper/export/design_1_wrapper/hw/design_1_wrapper.xsa -mem-ranges [list {0x80000000 0xbfffffff} {0x400000000 0x5ffffffff} {0x1000000000 0x7fffffffff}] -regs
configparams force-mem-access 1
targets -set -nocase -filter {name =~"APU*"}
set mode [expr [mrd -value 0xFF5E0200] & 0xf]
targets -set -nocase -filter {name =~ "*A53*#0"}
rst -processor
dow C:/Users/hhhh/rekonfigi/video_passthrough_kria/design_1_wrapper/export/design_1_wrapper/sw/design_1_wrapper/boot/fsbl.elf
set bp_9_52_fsbl_bp [bpadd -addr &XFsbl_Exit]
con -block -timeout 60
bpremove $bp_9_52_fsbl_bp
targets -set -nocase -filter {name =~ "*A53*#0"}
rst -processor
dow C:/Users/hhhh/rekonfigi/video_passthrough_kria/KriaApp/Debug/KriaApp.elf
configparams force-mem-access 0
----------------End of Script----------------

10:09:54 INFO  : Context for processor 'psu_cortexa53_0' is selected.
10:09:54 INFO  : 'con' command is executed.
10:09:54 INFO  : ----------------XSDB Script (After Launch)----------------
targets -set -nocase -filter {name =~ "*A53*#0"}
con
----------------End of Script----------------

10:09:54 INFO  : Launch script is exported to file 'C:\Users\hhhh\rekonfigi\video_passthrough_kria\KriaApp_system\_ide\scripts\debugger_kriaapp-default.tcl'
10:15:59 INFO  : Disconnected from the channel tcfchan#2.
10:16:00 INFO  : Connected to target on host '127.0.0.1' and port '3121'.
10:16:01 INFO  : Jtag cable 'Xilinx X-MLCC-01 XFL1Y1ZEL1VSA' is selected.
10:16:01 INFO  : 'jtag frequency' command is executed.
10:16:01 INFO  : Sourcing of 'C:/Xilinx/Vitis/2022.2/scripts/vitis/util/zynqmp_utils.tcl' is done.
10:16:01 INFO  : Context for 'APU' is selected.
10:16:01 INFO  : System reset is completed.
10:16:04 INFO  : 'after 3000' command is executed.
10:16:04 INFO  : 'targets -set -filter {jtag_cable_name =~ "Xilinx X-MLCC-01 XFL1Y1ZEL1VSA" && level==0 && jtag_device_ctx=="jsn-X-MLCC-01-XFL1Y1ZEL1VSA-04724093-0"}' command is executed.
10:16:09 INFO  : Device configured successfully with "C:/Users/hhhh/rekonfigi/video_passthrough_kria/KriaApp/_ide/bitstream/design_1_wrapper.bit"
10:16:09 INFO  : Context for 'APU' is selected.
10:16:09 INFO  : Hardware design and registers information is loaded from 'C:/Users/hhhh/rekonfigi/video_passthrough_kria/design_1_wrapper/export/design_1_wrapper/hw/design_1_wrapper.xsa'.
10:16:09 INFO  : 'configparams force-mem-access 1' command is executed.
10:16:09 INFO  : Context for 'APU' is selected.
10:16:09 INFO  : Boot mode is read from the target.
10:16:09 INFO  : Context for processor 'psu_cortexa53_0' is selected.
10:16:09 INFO  : Processor reset is completed for 'psu_cortexa53_0'.
10:16:10 INFO  : The application 'C:/Users/hhhh/rekonfigi/video_passthrough_kria/design_1_wrapper/export/design_1_wrapper/sw/design_1_wrapper/boot/fsbl.elf' is downloaded to processor 'psu_cortexa53_0'.
10:16:10 INFO  : 'set bp_16_10_fsbl_bp [bpadd -addr &XFsbl_Exit]' command is executed.
10:16:10 INFO  : 'con -block -timeout 60' command is executed.
10:16:10 INFO  : 'bpremove $bp_16_10_fsbl_bp' command is executed.
10:16:10 INFO  : Context for processor 'psu_cortexa53_0' is selected.
10:16:10 INFO  : Processor reset is completed for 'psu_cortexa53_0'.
10:16:11 INFO  : The application 'C:/Users/hhhh/rekonfigi/video_passthrough_kria/KriaApp/Debug/KriaApp.elf' is downloaded to processor 'psu_cortexa53_0'.
10:16:11 INFO  : 'configparams force-mem-access 0' command is executed.
10:16:11 INFO  : ----------------XSDB Script----------------
connect -url tcp:127.0.0.1:3121
source C:/Xilinx/Vitis/2022.2/scripts/vitis/util/zynqmp_utils.tcl
targets -set -nocase -filter {name =~"APU*"}
rst -system
after 3000
targets -set -filter {jtag_cable_name =~ "Xilinx X-MLCC-01 XFL1Y1ZEL1VSA" && level==0 && jtag_device_ctx=="jsn-X-MLCC-01-XFL1Y1ZEL1VSA-04724093-0"}
fpga -file C:/Users/hhhh/rekonfigi/video_passthrough_kria/KriaApp/_ide/bitstream/design_1_wrapper.bit
targets -set -nocase -filter {name =~"APU*"}
loadhw -hw C:/Users/hhhh/rekonfigi/video_passthrough_kria/design_1_wrapper/export/design_1_wrapper/hw/design_1_wrapper.xsa -mem-ranges [list {0x80000000 0xbfffffff} {0x400000000 0x5ffffffff} {0x1000000000 0x7fffffffff}] -regs
configparams force-mem-access 1
targets -set -nocase -filter {name =~"APU*"}
set mode [expr [mrd -value 0xFF5E0200] & 0xf]
targets -set -nocase -filter {name =~ "*A53*#0"}
rst -processor
dow C:/Users/hhhh/rekonfigi/video_passthrough_kria/design_1_wrapper/export/design_1_wrapper/sw/design_1_wrapper/boot/fsbl.elf
set bp_16_10_fsbl_bp [bpadd -addr &XFsbl_Exit]
con -block -timeout 60
bpremove $bp_16_10_fsbl_bp
targets -set -nocase -filter {name =~ "*A53*#0"}
rst -processor
dow C:/Users/hhhh/rekonfigi/video_passthrough_kria/KriaApp/Debug/KriaApp.elf
configparams force-mem-access 0
----------------End of Script----------------

10:16:11 INFO  : Context for processor 'psu_cortexa53_0' is selected.
10:16:11 INFO  : 'con' command is executed.
10:16:11 INFO  : ----------------XSDB Script (After Launch)----------------
targets -set -nocase -filter {name =~ "*A53*#0"}
con
----------------End of Script----------------

10:16:11 INFO  : Launch script is exported to file 'C:\Users\hhhh\rekonfigi\video_passthrough_kria\KriaApp_system\_ide\scripts\debugger_kriaapp-default.tcl'
10:19:51 INFO  : Disconnected from the channel tcfchan#3.
10:19:52 INFO  : Connected to target on host '127.0.0.1' and port '3121'.
10:20:01 INFO  : ----------------XSDB Script----------------
connect -url tcp:127.0.0.1:3121
----------------End of Script----------------

10:20:01 ERROR : Could not find ARM device on the board for connection 'Local'.
Check if the target is in:
1. Split JTAG - No operations are possible with ARM DAP.
2. Non JTAG bootmode - Bootrom may need time to enable DAP.
Please try again.


Troubleshooting hints:
1. Check whether board is connected to system properly.
2. In case of zynq board, check whether Digilent/Xilinx cable switch settings are correct.
3. If you are using Xilinx Platform Cable USB, ensure that status LED is green.
10:20:28 INFO  : Connected to target on host '127.0.0.1' and port '3121'.
10:20:28 INFO  : Jtag cable 'Xilinx X-MLCC-01 XFL1CCI1YH34A' is selected.
10:20:28 INFO  : 'jtag frequency' command is executed.
10:20:28 INFO  : Sourcing of 'C:/Xilinx/Vitis/2022.2/scripts/vitis/util/zynqmp_utils.tcl' is done.
10:20:28 INFO  : Context for 'APU' is selected.
10:20:28 INFO  : System reset is completed.
10:20:31 INFO  : 'after 3000' command is executed.
10:20:32 INFO  : 'targets -set -filter {jtag_cable_name =~ "Xilinx X-MLCC-01 XFL1CCI1YH34A" && level==0 && jtag_device_ctx=="jsn-X-MLCC-01-XFL1CCI1YH34A-04724093-0"}' command is executed.
10:20:36 INFO  : Device configured successfully with "C:/Users/hhhh/rekonfigi/video_passthrough_kria/KriaApp/_ide/bitstream/design_1_wrapper.bit"
10:20:36 INFO  : Context for 'APU' is selected.
10:20:36 INFO  : Hardware design and registers information is loaded from 'C:/Users/hhhh/rekonfigi/video_passthrough_kria/design_1_wrapper/export/design_1_wrapper/hw/design_1_wrapper.xsa'.
10:20:36 INFO  : 'configparams force-mem-access 1' command is executed.
10:20:36 INFO  : Context for 'APU' is selected.
10:20:36 INFO  : Boot mode is read from the target.
10:20:36 INFO  : Context for processor 'psu_cortexa53_0' is selected.
10:20:36 INFO  : Processor reset is completed for 'psu_cortexa53_0'.
10:20:37 INFO  : The application 'C:/Users/hhhh/rekonfigi/video_passthrough_kria/design_1_wrapper/export/design_1_wrapper/sw/design_1_wrapper/boot/fsbl.elf' is downloaded to processor 'psu_cortexa53_0'.
10:20:37 INFO  : 'set bp_20_37_fsbl_bp [bpadd -addr &XFsbl_Exit]' command is executed.
10:20:37 INFO  : 'con -block -timeout 60' command is executed.
10:20:37 INFO  : 'bpremove $bp_20_37_fsbl_bp' command is executed.
10:20:37 INFO  : Context for processor 'psu_cortexa53_0' is selected.
10:20:37 INFO  : Processor reset is completed for 'psu_cortexa53_0'.
10:20:38 INFO  : The application 'C:/Users/hhhh/rekonfigi/video_passthrough_kria/KriaApp/Debug/KriaApp.elf' is downloaded to processor 'psu_cortexa53_0'.
10:20:38 INFO  : 'configparams force-mem-access 0' command is executed.
10:20:38 INFO  : ----------------XSDB Script----------------
connect -url tcp:127.0.0.1:3121
source C:/Xilinx/Vitis/2022.2/scripts/vitis/util/zynqmp_utils.tcl
targets -set -nocase -filter {name =~"APU*"}
rst -system
after 3000
targets -set -filter {jtag_cable_name =~ "Xilinx X-MLCC-01 XFL1CCI1YH34A" && level==0 && jtag_device_ctx=="jsn-X-MLCC-01-XFL1CCI1YH34A-04724093-0"}
fpga -file C:/Users/hhhh/rekonfigi/video_passthrough_kria/KriaApp/_ide/bitstream/design_1_wrapper.bit
targets -set -nocase -filter {name =~"APU*"}
loadhw -hw C:/Users/hhhh/rekonfigi/video_passthrough_kria/design_1_wrapper/export/design_1_wrapper/hw/design_1_wrapper.xsa -mem-ranges [list {0x80000000 0xbfffffff} {0x400000000 0x5ffffffff} {0x1000000000 0x7fffffffff}] -regs
configparams force-mem-access 1
targets -set -nocase -filter {name =~"APU*"}
set mode [expr [mrd -value 0xFF5E0200] & 0xf]
targets -set -nocase -filter {name =~ "*A53*#0"}
rst -processor
dow C:/Users/hhhh/rekonfigi/video_passthrough_kria/design_1_wrapper/export/design_1_wrapper/sw/design_1_wrapper/boot/fsbl.elf
set bp_20_37_fsbl_bp [bpadd -addr &XFsbl_Exit]
con -block -timeout 60
bpremove $bp_20_37_fsbl_bp
targets -set -nocase -filter {name =~ "*A53*#0"}
rst -processor
dow C:/Users/hhhh/rekonfigi/video_passthrough_kria/KriaApp/Debug/KriaApp.elf
configparams force-mem-access 0
----------------End of Script----------------

10:20:38 INFO  : Context for processor 'psu_cortexa53_0' is selected.
10:20:38 INFO  : 'con' command is executed.
10:20:38 INFO  : ----------------XSDB Script (After Launch)----------------
targets -set -nocase -filter {name =~ "*A53*#0"}
con
----------------End of Script----------------

10:20:38 INFO  : Launch script is exported to file 'C:\Users\hhhh\rekonfigi\video_passthrough_kria\KriaApp_system\_ide\scripts\debugger_kriaapp-default.tcl'
11:15:36 INFO  : Disconnected from the channel tcfchan#4.
