INFO: [VRFC 10-2263] Analyzing Verilog file "C:/Users/hhhh/rekonfigi/video_passthrough_kria/video_passthrough_kria.gen/sources_1/ip/rgb2hsv_0/src/delay_line.v" into library xil_defaultlib
INFO: [VRFC 10-311] analyzing module delay
INFO: [VRFC 10-311] analyzing module delay_line
INFO: [VRFC 10-2263] Analyzing Verilog file "C:/Users/hhhh/rekonfigi/video_passthrough_kria/video_passthrough_kria.gen/sources_1/ip/rgb2hsv_0/src/rgb_max.v" into library xil_defaultlib
INFO: [VRFC 10-311] analyzing module rgb_max
INFO: [VRFC 10-2263] Analyzing Verilog file "C:/Users/hhhh/rekonfigi/video_passthrough_kria/video_passthrough_kria.gen/sources_1/ip/rgb2hsv_0/src/rgb_min.v" into library xil_defaultlib
INFO: [VRFC 10-311] analyzing module rgb_min
INFO: [VRFC 10-2263] Analyzing Verilog file "C:/Users/hhhh/rekonfigi/video_passthrough_kria/video_passthrough_kria.gen/sources_1/ip/rgb2hsv_0/src/rgb2hsv.v" into library xil_defaultlib
INFO: [VRFC 10-311] analyzing module rgb2hsv
INFO: [VRFC 10-2263] Analyzing Verilog file "C:/Users/hhhh/rekonfigi/video_passthrough_kria/video_passthrough_kria.gen/sources_1/ip/rgb2hsv_0/sim/rgb2hsv_0.v" into library xil_defaultlib
INFO: [VRFC 10-311] analyzing module rgb2hsv_0
INFO: [VRFC 10-2263] Analyzing Verilog file "C:/Users/hhhh/rekonfigi/video_passthrough_kria/video_passthrough_kria.gen/sources_1/ip/rgb2ycbcr_1/src/rgb2ycbcr.v" into library xil_defaultlib
INFO: [VRFC 10-311] analyzing module rgb2ycbcr
INFO: [VRFC 10-2263] Analyzing Verilog file "C:/Users/hhhh/rekonfigi/video_passthrough_kria/video_passthrough_kria.gen/sources_1/ip/rgb2ycbcr_1/sim/rgb2ycbcr_1.v" into library xil_defaultlib
INFO: [VRFC 10-311] analyzing module rgb2ycbcr_1
INFO: [VRFC 10-2263] Analyzing Verilog file "C:/Users/hhhh/rekonfigi/video_passthrough_kria/video_passthrough_kria.gen/sources_1/ip/lut_binary/sim/lut_binary.v" into library xil_defaultlib
INFO: [VRFC 10-311] analyzing module lut_binary
INFO: [VRFC 10-2263] Analyzing Verilog file "C:/Users/hhhh/rekonfigi/video_passthrough_kria/video_passthrough_kria.gen/sources_1/ip/lut/sim/lut.v" into library xil_defaultlib
INFO: [VRFC 10-311] analyzing module lut
INFO: [VRFC 10-2263] Analyzing Verilog file "C:/Users/hhhh/rekonfigi/video_passthrough_kria/video_passthrough_kria.srcs/sim_1/imports/tb_src/hdmi_in.v" into library xil_defaultlib
INFO: [VRFC 10-311] analyzing module hdmi_in
INFO: [VRFC 10-2263] Analyzing Verilog file "C:/Users/hhhh/rekonfigi/video_passthrough_kria/video_passthrough_kria.srcs/sim_1/imports/tb_src/hdmi_out.v" into library xil_defaultlib
INFO: [VRFC 10-311] analyzing module hdmi_out
INFO: [VRFC 10-2263] Analyzing Verilog file "C:/Users/hhhh/rekonfigi/video_passthrough_kria/video_passthrough_kria.srcs/sources_1/imports/new/vision_system.v" into library xil_defaultlib
INFO: [VRFC 10-311] analyzing module vision_system
INFO: [VRFC 10-2263] Analyzing Verilog file "C:/Users/hhhh/rekonfigi/video_passthrough_kria/video_passthrough_kria.srcs/sim_1/imports/tb_src/tb_hdmi.v" into library xil_defaultlib
INFO: [VRFC 10-311] analyzing module tb_hdmi
