Copyright 1986-2022 Xilinx, Inc. All Rights Reserved.
-----------------------------------------------------------------------------------------------------------------------------
| Tool Version : Vivado v.2022.2 (win64) Build 3671981 Fri Oct 14 05:00:03 MDT 2022
| Date         : Mon May  4 09:23:00 2026
| Host         : DESKTOP-I43IRA7 running 64-bit major release  (build 9200)
| Command      : report_utilization -file design_1_wrapper_utilization_placed.rpt -pb design_1_wrapper_utilization_placed.pb
| Design       : design_1_wrapper
| Device       : xck26-sfvc784-2LV-c
| Speed File   : -2LV
| Design State : Fully Placed
-----------------------------------------------------------------------------------------------------------------------------

Utilization Design Information

Table of Contents
-----------------
1. CLB Logic
1.1 Summary of Registers by Type
2. CLB Logic Distribution
3. BLOCKRAM
4. ARITHMETIC
5. I/O
6. CLOCK
7. ADVANCED
8. CONFIGURATION
9. Primitives
10. Black Boxes
11. Instantiated Netlists

1. CLB Logic
------------

+----------------------------+-------+-------+------------+-----------+-------+
|          Site Type         |  Used | Fixed | Prohibited | Available | Util% |
+----------------------------+-------+-------+------------+-----------+-------+
| CLB LUTs                   | 19975 |     0 |          0 |    117120 | 17.06 |
|   LUT as Logic             | 18395 |     0 |          0 |    117120 | 15.71 |
|   LUT as Memory            |  1580 |     0 |          0 |     57600 |  2.74 |
|     LUT as Distributed RAM |   746 |     0 |            |           |       |
|     LUT as Shift Register  |   834 |     0 |            |           |       |
| CLB Registers              | 29216 |     0 |          0 |    234240 | 12.47 |
|   Register as Flip Flop    | 29216 |     0 |          0 |    234240 | 12.47 |
|   Register as Latch        |     0 |     0 |          0 |    234240 |  0.00 |
| CARRY8                     |   669 |     0 |          0 |     14640 |  4.57 |
| F7 Muxes                   |   221 |     0 |          0 |     58560 |  0.38 |
| F8 Muxes                   |     8 |     0 |          0 |     29280 |  0.03 |
| F9 Muxes                   |     0 |     0 |          0 |     14640 |  0.00 |
+----------------------------+-------+-------+------------+-----------+-------+
* Warning! LUT value is adjusted to account for LUT combining.


1.1 Summary of Registers by Type
--------------------------------

+-------+--------------+-------------+--------------+
| Total | Clock Enable | Synchronous | Asynchronous |
+-------+--------------+-------------+--------------+
| 0     |            _ |           - |            - |
| 0     |            _ |           - |          Set |
| 0     |            _ |           - |        Reset |
| 0     |            _ |         Set |            - |
| 0     |            _ |       Reset |            - |
| 0     |          Yes |           - |            - |
| 75    |          Yes |           - |          Set |
| 267   |          Yes |           - |        Reset |
| 759   |          Yes |         Set |            - |
| 28115 |          Yes |       Reset |            - |
+-------+--------------+-------------+--------------+


2. CLB Logic Distribution
-------------------------

+--------------------------------------------+-------+-------+------------+-----------+-------+
|                  Site Type                 |  Used | Fixed | Prohibited | Available | Util% |
+--------------------------------------------+-------+-------+------------+-----------+-------+
| CLB                                        |  4553 |     0 |          0 |     14640 | 31.10 |
|   CLBL                                     |  2127 |     0 |            |           |       |
|   CLBM                                     |  2426 |     0 |            |           |       |
| LUT as Logic                               | 18395 |     0 |          0 |    117120 | 15.71 |
|   using O5 output only                     |   542 |       |            |           |       |
|   using O6 output only                     | 13652 |       |            |           |       |
|   using O5 and O6                          |  4201 |       |            |           |       |
| LUT as Memory                              |  1580 |     0 |          0 |     57600 |  2.74 |
|   LUT as Distributed RAM                   |   746 |     0 |            |           |       |
|     using O5 output only                   |     0 |       |            |           |       |
|     using O6 output only                   |    22 |       |            |           |       |
|     using O5 and O6                        |   724 |       |            |           |       |
|   LUT as Shift Register                    |   834 |     0 |            |           |       |
|     using O5 output only                   |     0 |       |            |           |       |
|     using O6 output only                   |   603 |       |            |           |       |
|     using O5 and O6                        |   231 |       |            |           |       |
| CLB Registers                              | 29216 |     0 |          0 |    234240 | 12.47 |
|   Register driven from within the CLB      | 14863 |       |            |           |       |
|   Register driven from outside the CLB     | 14353 |       |            |           |       |
|     LUT in front of the register is unused | 10384 |       |            |           |       |
|     LUT in front of the register is used   |  3969 |       |            |           |       |
| Unique Control Sets                        |  1165 |       |          0 |     29280 |  3.98 |
+--------------------------------------------+-------+-------+------------+-----------+-------+
* * Note: Available Control Sets calculated as Slices * 2, Review the Control Sets Report for more information regarding control sets.


3. BLOCKRAM
-----------

+-------------------+------+-------+------------+-----------+-------+
|     Site Type     | Used | Fixed | Prohibited | Available | Util% |
+-------------------+------+-------+------------+-----------+-------+
| Block RAM Tile    |   38 |     0 |          0 |       144 | 26.39 |
|   RAMB36/FIFO*    |   29 |     0 |          0 |       144 | 20.14 |
|     RAMB36E2 only |   29 |       |            |           |       |
|   RAMB18          |   18 |     0 |          0 |       288 |  6.25 |
|     RAMB18E2 only |   18 |       |            |           |       |
| URAM              |    2 |     0 |          0 |        64 |  3.13 |
+-------------------+------+-------+------------+-----------+-------+
* Note: Each Block RAM Tile only has one FIFO logic available and therefore can accommodate only one FIFO36E2 or one FIFO18E2. However, if a FIFO18E2 occupies a Block RAM Tile, that tile can still accommodate a RAMB18E2


4. ARITHMETIC
-------------

+----------------+------+-------+------------+-----------+-------+
|    Site Type   | Used | Fixed | Prohibited | Available | Util% |
+----------------+------+-------+------------+-----------+-------+
| DSPs           |   49 |     0 |          0 |      1248 |  3.93 |
|   DSP48E2 only |   49 |       |            |           |       |
+----------------+------+-------+------------+-----------+-------+


5. I/O
------

+------------------+------+-------+------------+-----------+-------+
|     Site Type    | Used | Fixed | Prohibited | Available | Util% |
+------------------+------+-------+------------+-----------+-------+
| Bonded IOB       |   13 |    13 |          0 |       189 |  6.88 |
| HPIOB_M          |    3 |     3 |          0 |        58 |  5.17 |
|   INPUT          |    3 |       |            |           |       |
|   OUTPUT         |    0 |       |            |           |       |
|   BIDIR          |    0 |       |            |           |       |
| HPIOB_S          |    3 |     3 |          0 |        58 |  5.17 |
|   INPUT          |    3 |       |            |           |       |
|   OUTPUT         |    0 |       |            |           |       |
|   BIDIR          |    0 |       |            |           |       |
| HDIOB_M          |    3 |     3 |          0 |        35 |  8.57 |
|   INPUT          |    2 |       |            |           |       |
|   OUTPUT         |    0 |       |            |           |       |
|   BIDIR          |    1 |       |            |           |       |
| HDIOB_S          |    4 |     4 |          0 |        35 | 11.43 |
|   INPUT          |    2 |       |            |           |       |
|   OUTPUT         |    1 |       |            |           |       |
|   BIDIR          |    1 |       |            |           |       |
| HPIOB_SNGL       |    0 |     0 |          0 |         3 |  0.00 |
| HPIOBDIFFINBUF   |    3 |     3 |          0 |        82 |  3.66 |
| HPIOBDIFFOUTBUF  |    0 |     0 |          0 |        82 |  0.00 |
| HDIOBDIFFINBUF   |    0 |     0 |          0 |        35 |  0.00 |
| BITSLICE_CONTROL |    1 |     0 |          0 |        32 |  3.13 |
| BITSLICE_RX_TX   |    3 |     3 |          0 |      1248 |  0.24 |
|   RX_BITSLICE    |    3 |     3 |            |           |       |
| BITSLICE_TX      |    0 |     0 |          0 |        32 |  0.00 |
| RIU_OR           |    0 |     0 |          0 |        16 |  0.00 |
+------------------+------+-------+------------+-----------+-------+


6. CLOCK
--------

+----------------------+------+-------+------------+-----------+-------+
|       Site Type      | Used | Fixed | Prohibited | Available | Util% |
+----------------------+------+-------+------------+-----------+-------+
| GLOBAL CLOCK BUFFERs |    6 |     0 |          0 |       352 |  1.70 |
|   BUFGCE             |    5 |     0 |          0 |       112 |  4.46 |
|   BUFGCE_DIV         |    0 |     0 |          0 |        16 |  0.00 |
|   BUFG_GT            |    0 |     0 |          0 |        96 |  0.00 |
|   BUFG_PS            |    1 |     0 |          0 |        96 |  1.04 |
|   BUFGCTRL*          |    0 |     0 |          0 |        32 |  0.00 |
| PLL                  |    1 |     0 |          0 |         8 | 12.50 |
| MMCM                 |    2 |     0 |          0 |         4 | 50.00 |
+----------------------+------+-------+------------+-----------+-------+
* Note: Each used BUFGCTRL counts as two GLOBAL CLOCK BUFFERs. This table does not include global clocking resources, only buffer cell usage. See the Clock Utilization Report (report_clock_utilization) for detailed accounting of global clocking resource availability.


7. ADVANCED
-----------

+-----------------+------+-------+------------+-----------+--------+
|    Site Type    | Used | Fixed | Prohibited | Available |  Util% |
+-----------------+------+-------+------------+-----------+--------+
| GTHE4_CHANNEL   |    0 |     0 |          0 |         4 |   0.00 |
| GTHE4_COMMON    |    0 |     0 |          0 |         1 |   0.00 |
| OBUFDS_GTE4     |    0 |     0 |          0 |         2 |   0.00 |
| OBUFDS_GTE4_ADV |    0 |     0 |          0 |         2 |   0.00 |
| PCIE40E4        |    0 |     0 |          0 |         2 |   0.00 |
| PS8             |    1 |     0 |          0 |         1 | 100.00 |
| SYSMONE4        |    0 |     0 |          0 |         1 |   0.00 |
| VCU             |    0 |     0 |          0 |         1 |   0.00 |
+-----------------+------+-------+------------+-----------+--------+


8. CONFIGURATION
----------------

+-------------+------+-------+------------+-----------+-------+
|  Site Type  | Used | Fixed | Prohibited | Available | Util% |
+-------------+------+-------+------------+-----------+-------+
| BSCANE2     |    0 |     0 |          0 |         4 |  0.00 |
| DNA_PORTE2  |    0 |     0 |          0 |         1 |  0.00 |
| EFUSE_USR   |    0 |     0 |          0 |         1 |  0.00 |
| FRAME_ECCE4 |    0 |     0 |          0 |         1 |  0.00 |
| ICAPE3      |    0 |     0 |          0 |         2 |  0.00 |
| MASTER_JTAG |    0 |     0 |          0 |         1 |  0.00 |
| STARTUPE3   |    0 |     0 |          0 |         1 |  0.00 |
+-------------+------+-------+------------+-----------+-------+


9. Primitives
-------------

+------------------+-------+---------------------+
|     Ref Name     |  Used | Functional Category |
+------------------+-------+---------------------+
| FDRE             | 28115 |            Register |
| LUT6             |  6255 |                 CLB |
| LUT3             |  5255 |                 CLB |
| LUT5             |  3856 |                 CLB |
| LUT4             |  3332 |                 CLB |
| LUT2             |  3146 |                 CLB |
| RAMD32           |  1276 |                 CLB |
| SRL16E           |   884 |                 CLB |
| FDSE             |   759 |            Register |
| LUT1             |   752 |                 CLB |
| CARRY8           |   669 |                 CLB |
| FDCE             |   267 |            Register |
| MUXF7            |   221 |                 CLB |
| RAMS32           |   182 |                 CLB |
| SRLC32E          |   181 |                 CLB |
| FDPE             |    75 |            Register |
| DSP48E2          |    49 |          Arithmetic |
| RAMB36E2         |    29 |            BLOCKRAM |
| RAMB18E2         |    18 |            BLOCKRAM |
| RAMS64E          |    12 |                 CLB |
| IBUFCTRL         |     9 |              Others |
| MUXF8            |     8 |                 CLB |
| INBUF            |     6 |                 I/O |
| BUFGCE           |     5 |               Clock |
| RX_BITSLICE      |     3 |                 I/O |
| DPHY_DIFFINBUF   |     3 |              Others |
| URAM288          |     2 |            BLOCKRAM |
| OBUFT            |     2 |                 I/O |
| MMCME4_ADV       |     2 |               Clock |
| PS8              |     1 |            Advanced |
| PLLE4_ADV        |     1 |               Clock |
| OBUF             |     1 |                 I/O |
| BUFG_PS          |     1 |               Clock |
| BITSLICE_CONTROL |     1 |                 I/O |
+------------------+-------+---------------------+


10. Black Boxes
---------------

+----------+------+
| Ref Name | Used |
+----------+------+


11. Instantiated Netlists
-------------------------

+-------------+------+
|   Ref Name  | Used |
+-------------+------+
| rgb2ycbcr_1 |    1 |
| rgb2hsv_0   |    1 |
+-------------+------+


