
*** Running vivado
    with args -log design_1_wrapper.vdi -applog -m64 -product Vivado -messageDb vivado.pb -mode batch -source design_1_wrapper.tcl -notrace



****** Vivado v2022.2 (64-bit)
  **** SW Build 3671981 on Fri Oct 14 05:00:03 MDT 2022
  **** IP Build 3669848 on Fri Oct 14 08:30:02 MDT 2022
    ** Copyright 1986-2022 Xilinx, Inc. All Rights Reserved.

source design_1_wrapper.tcl -notrace
INFO: [IP_Flow 19-234] Refreshing IP repositories
INFO: [IP_Flow 19-1700] Loaded user IP repository 'c:/Users/hhhh/rekonfigi/video_passthrough_kria/ip_repo'.
INFO: [IP_Flow 19-2313] Loaded Vivado IP repository 'C:/Xilinx/Vivado/2022.2/data/ip'.
add_files: Time (s): cpu = 00:00:04 ; elapsed = 00:00:06 . Memory (MB): peak = 505.793 ; gain = 66.812
Command: link_design -top design_1_wrapper -part xck26-sfvc784-2LV-c
Design is defaulting to srcset: sources_1
Design is defaulting to constrset: constrs_1
INFO: [Device 21-403] Loading part xck26-sfvc784-2LV-c
INFO: [Project 1-454] Reading design checkpoint 'c:/Users/hhhh/rekonfigi/video_passthrough_kria/video_passthrough_kria.gen/sources_1/ip/rgb2ycbcr_0/rgb2ycbcr_0.dcp' for cell 'design_1_i/vision_system_0/inst/rgb2ycbcr'
Netlist sorting complete. Time (s): cpu = 00:00:01 ; elapsed = 00:00:01 . Memory (MB): peak = 1606.129 ; gain = 0.000
INFO: [Netlist 29-17] Analyzing 864 Unisim elements for replacement
INFO: [Netlist 29-28] Unisim Transformation completed in 1 CPU seconds
INFO: [Project 1-479] Netlist was created with Vivado 2022.2
INFO: [Project 1-570] Preparing netlist for logic optimization
Parsing XDC File [c:/Users/hhhh/rekonfigi/video_passthrough_kria/video_passthrough_kria.gen/sources_1/bd/design_1/ip/design_1_axi_smc_0/bd_0/ip/ip_1/bd_afc3_psr_aclk_0_board.xdc] for cell 'design_1_i/PS_0/axi_smc/inst/clk_map/psr_aclk/U0'
Finished Parsing XDC File [c:/Users/hhhh/rekonfigi/video_passthrough_kria/video_passthrough_kria.gen/sources_1/bd/design_1/ip/design_1_axi_smc_0/bd_0/ip/ip_1/bd_afc3_psr_aclk_0_board.xdc] for cell 'design_1_i/PS_0/axi_smc/inst/clk_map/psr_aclk/U0'
Parsing XDC File [c:/Users/hhhh/rekonfigi/video_passthrough_kria/video_passthrough_kria.gen/sources_1/bd/design_1/ip/design_1_axi_smc_0/bd_0/ip/ip_1/bd_afc3_psr_aclk_0.xdc] for cell 'design_1_i/PS_0/axi_smc/inst/clk_map/psr_aclk/U0'
Finished Parsing XDC File [c:/Users/hhhh/rekonfigi/video_passthrough_kria/video_passthrough_kria.gen/sources_1/bd/design_1/ip/design_1_axi_smc_0/bd_0/ip/ip_1/bd_afc3_psr_aclk_0.xdc] for cell 'design_1_i/PS_0/axi_smc/inst/clk_map/psr_aclk/U0'
Parsing XDC File [c:/Users/hhhh/rekonfigi/video_passthrough_kria/video_passthrough_kria.gen/sources_1/bd/design_1/ip/design_1_axi_vdma_0_0/design_1_axi_vdma_0_0.xdc] for cell 'design_1_i/PS_0/axi_vdma_0/U0'
WARNING: [Vivado_Tcl 4-921] Waiver ID 'CDC-4' -to list should not be empty. [c:/Users/hhhh/rekonfigi/video_passthrough_kria/video_passthrough_kria.gen/sources_1/bd/design_1/ip/design_1_axi_vdma_0_0/design_1_axi_vdma_0_0.xdc:68]
WARNING: [Vivado_Tcl 4-921] Waiver ID 'CDC-4' -to list should not be empty. [c:/Users/hhhh/rekonfigi/video_passthrough_kria/video_passthrough_kria.gen/sources_1/bd/design_1/ip/design_1_axi_vdma_0_0/design_1_axi_vdma_0_0.xdc:72]
WARNING: [Vivado_Tcl 4-921] Waiver ID 'CDC-4' -to list should not be empty. [c:/Users/hhhh/rekonfigi/video_passthrough_kria/video_passthrough_kria.gen/sources_1/bd/design_1/ip/design_1_axi_vdma_0_0/design_1_axi_vdma_0_0.xdc:76]
WARNING: [Vivado_Tcl 4-921] Waiver ID 'CDC-4' -to list should not be empty. [c:/Users/hhhh/rekonfigi/video_passthrough_kria/video_passthrough_kria.gen/sources_1/bd/design_1/ip/design_1_axi_vdma_0_0/design_1_axi_vdma_0_0.xdc:80]
WARNING: [Vivado_Tcl 4-921] Waiver ID 'CDC-1' -to list should not be empty. [c:/Users/hhhh/rekonfigi/video_passthrough_kria/video_passthrough_kria.gen/sources_1/bd/design_1/ip/design_1_axi_vdma_0_0/design_1_axi_vdma_0_0.xdc:84]
WARNING: [Vivado_Tcl 4-921] Waiver ID 'CDC-4' -to list should not be empty. [c:/Users/hhhh/rekonfigi/video_passthrough_kria/video_passthrough_kria.gen/sources_1/bd/design_1/ip/design_1_axi_vdma_0_0/design_1_axi_vdma_0_0.xdc:88]
WARNING: [Vivado_Tcl 4-921] Waiver ID 'CDC-4' -to list should not be empty. [c:/Users/hhhh/rekonfigi/video_passthrough_kria/video_passthrough_kria.gen/sources_1/bd/design_1/ip/design_1_axi_vdma_0_0/design_1_axi_vdma_0_0.xdc:92]
WARNING: [Vivado_Tcl 4-921] Waiver ID 'CDC-4' -to list should not be empty. [c:/Users/hhhh/rekonfigi/video_passthrough_kria/video_passthrough_kria.gen/sources_1/bd/design_1/ip/design_1_axi_vdma_0_0/design_1_axi_vdma_0_0.xdc:96]
WARNING: [Vivado_Tcl 4-921] Waiver ID 'CDC-4' -to list should not be empty. [c:/Users/hhhh/rekonfigi/video_passthrough_kria/video_passthrough_kria.gen/sources_1/bd/design_1/ip/design_1_axi_vdma_0_0/design_1_axi_vdma_0_0.xdc:100]
WARNING: [Vivado_Tcl 4-921] Waiver ID 'CDC-4' -to list should not be empty. [c:/Users/hhhh/rekonfigi/video_passthrough_kria/video_passthrough_kria.gen/sources_1/bd/design_1/ip/design_1_axi_vdma_0_0/design_1_axi_vdma_0_0.xdc:104]
WARNING: [Vivado_Tcl 4-921] Waiver ID 'CDC-1' -to list should not be empty. [c:/Users/hhhh/rekonfigi/video_passthrough_kria/video_passthrough_kria.gen/sources_1/bd/design_1/ip/design_1_axi_vdma_0_0/design_1_axi_vdma_0_0.xdc:108]
WARNING: [Vivado_Tcl 4-921] Waiver ID 'CDC-6' -to list should not be empty. [c:/Users/hhhh/rekonfigi/video_passthrough_kria/video_passthrough_kria.gen/sources_1/bd/design_1/ip/design_1_axi_vdma_0_0/design_1_axi_vdma_0_0.xdc:192]
WARNING: [Vivado_Tcl 4-921] Waiver ID 'CDC-6' -to list should not be empty. [c:/Users/hhhh/rekonfigi/video_passthrough_kria/video_passthrough_kria.gen/sources_1/bd/design_1/ip/design_1_axi_vdma_0_0/design_1_axi_vdma_0_0.xdc:196]
WARNING: [Vivado_Tcl 4-921] Waiver ID 'CDC-6' -to list should not be empty. [c:/Users/hhhh/rekonfigi/video_passthrough_kria/video_passthrough_kria.gen/sources_1/bd/design_1/ip/design_1_axi_vdma_0_0/design_1_axi_vdma_0_0.xdc:200]
WARNING: [Vivado_Tcl 4-921] Waiver ID 'CDC-6' -to list should not be empty. [c:/Users/hhhh/rekonfigi/video_passthrough_kria/video_passthrough_kria.gen/sources_1/bd/design_1/ip/design_1_axi_vdma_0_0/design_1_axi_vdma_0_0.xdc:204]
WARNING: [Vivado_Tcl 4-921] Waiver ID 'CDC-6' -to list should not be empty. [c:/Users/hhhh/rekonfigi/video_passthrough_kria/video_passthrough_kria.gen/sources_1/bd/design_1/ip/design_1_axi_vdma_0_0/design_1_axi_vdma_0_0.xdc:208]
WARNING: [Vivado_Tcl 4-921] Waiver ID 'CDC-6' -to list should not be empty. [c:/Users/hhhh/rekonfigi/video_passthrough_kria/video_passthrough_kria.gen/sources_1/bd/design_1/ip/design_1_axi_vdma_0_0/design_1_axi_vdma_0_0.xdc:212]
WARNING: [Vivado_Tcl 4-921] Waiver ID 'CDC-6' -to list should not be empty. [c:/Users/hhhh/rekonfigi/video_passthrough_kria/video_passthrough_kria.gen/sources_1/bd/design_1/ip/design_1_axi_vdma_0_0/design_1_axi_vdma_0_0.xdc:216]
WARNING: [Vivado_Tcl 4-921] Waiver ID 'CDC-6' -to list should not be empty. [c:/Users/hhhh/rekonfigi/video_passthrough_kria/video_passthrough_kria.gen/sources_1/bd/design_1/ip/design_1_axi_vdma_0_0/design_1_axi_vdma_0_0.xdc:220]
Finished Parsing XDC File [c:/Users/hhhh/rekonfigi/video_passthrough_kria/video_passthrough_kria.gen/sources_1/bd/design_1/ip/design_1_axi_vdma_0_0/design_1_axi_vdma_0_0.xdc] for cell 'design_1_i/PS_0/axi_vdma_0/U0'
Parsing XDC File [c:/Users/hhhh/rekonfigi/video_passthrough_kria/video_passthrough_kria.gen/sources_1/bd/design_1/ip/design_1_clk_wiz_0_0/design_1_clk_wiz_0_0_board.xdc] for cell 'design_1_i/PS_0/clk_wiz_0/inst'
Finished Parsing XDC File [c:/Users/hhhh/rekonfigi/video_passthrough_kria/video_passthrough_kria.gen/sources_1/bd/design_1/ip/design_1_clk_wiz_0_0/design_1_clk_wiz_0_0_board.xdc] for cell 'design_1_i/PS_0/clk_wiz_0/inst'
Parsing XDC File [c:/Users/hhhh/rekonfigi/video_passthrough_kria/video_passthrough_kria.gen/sources_1/bd/design_1/ip/design_1_clk_wiz_0_0/design_1_clk_wiz_0_0.xdc] for cell 'design_1_i/PS_0/clk_wiz_0/inst'
Finished Parsing XDC File [c:/Users/hhhh/rekonfigi/video_passthrough_kria/video_passthrough_kria.gen/sources_1/bd/design_1/ip/design_1_clk_wiz_0_0/design_1_clk_wiz_0_0.xdc] for cell 'design_1_i/PS_0/clk_wiz_0/inst'
Parsing XDC File [c:/Users/hhhh/rekonfigi/video_passthrough_kria/video_passthrough_kria.gen/sources_1/bd/design_1/ip/design_1_clk_wiz_1_0/design_1_clk_wiz_1_0_board.xdc] for cell 'design_1_i/PS_0/clk_wiz_1/inst'
Finished Parsing XDC File [c:/Users/hhhh/rekonfigi/video_passthrough_kria/video_passthrough_kria.gen/sources_1/bd/design_1/ip/design_1_clk_wiz_1_0/design_1_clk_wiz_1_0_board.xdc] for cell 'design_1_i/PS_0/clk_wiz_1/inst'
Parsing XDC File [c:/Users/hhhh/rekonfigi/video_passthrough_kria/video_passthrough_kria.gen/sources_1/bd/design_1/ip/design_1_clk_wiz_1_0/design_1_clk_wiz_1_0.xdc] for cell 'design_1_i/PS_0/clk_wiz_1/inst'
Finished Parsing XDC File [c:/Users/hhhh/rekonfigi/video_passthrough_kria/video_passthrough_kria.gen/sources_1/bd/design_1/ip/design_1_clk_wiz_1_0/design_1_clk_wiz_1_0.xdc] for cell 'design_1_i/PS_0/clk_wiz_1/inst'
Parsing XDC File [c:/Users/hhhh/rekonfigi/video_passthrough_kria/video_passthrough_kria.gen/sources_1/bd/design_1/ip/design_1_mipi_csi2_rx_subsyst_0_0/bd_0/ip/ip_0/bd_d10d_r_sync_0_board.xdc] for cell 'design_1_i/PS_0/mipi_csi2_rx_subsyst_0/inst/r_sync/U0'
Finished Parsing XDC File [c:/Users/hhhh/rekonfigi/video_passthrough_kria/video_passthrough_kria.gen/sources_1/bd/design_1/ip/design_1_mipi_csi2_rx_subsyst_0_0/bd_0/ip/ip_0/bd_d10d_r_sync_0_board.xdc] for cell 'design_1_i/PS_0/mipi_csi2_rx_subsyst_0/inst/r_sync/U0'
Parsing XDC File [c:/Users/hhhh/rekonfigi/video_passthrough_kria/video_passthrough_kria.gen/sources_1/bd/design_1/ip/design_1_mipi_csi2_rx_subsyst_0_0/bd_0/ip/ip_0/bd_d10d_r_sync_0.xdc] for cell 'design_1_i/PS_0/mipi_csi2_rx_subsyst_0/inst/r_sync/U0'
Finished Parsing XDC File [c:/Users/hhhh/rekonfigi/video_passthrough_kria/video_passthrough_kria.gen/sources_1/bd/design_1/ip/design_1_mipi_csi2_rx_subsyst_0_0/bd_0/ip/ip_0/bd_d10d_r_sync_0.xdc] for cell 'design_1_i/PS_0/mipi_csi2_rx_subsyst_0/inst/r_sync/U0'
Parsing XDC File [c:/Users/hhhh/rekonfigi/video_passthrough_kria/video_passthrough_kria.gen/sources_1/bd/design_1/ip/design_1_mipi_csi2_rx_subsyst_0_0/bd_0/ip/ip_1/bd_d10d_rx_0.xdc] for cell 'design_1_i/PS_0/mipi_csi2_rx_subsyst_0/inst/rx/inst'
Finished Parsing XDC File [c:/Users/hhhh/rekonfigi/video_passthrough_kria/video_passthrough_kria.gen/sources_1/bd/design_1/ip/design_1_mipi_csi2_rx_subsyst_0_0/bd_0/ip/ip_1/bd_d10d_rx_0.xdc] for cell 'design_1_i/PS_0/mipi_csi2_rx_subsyst_0/inst/rx/inst'
Parsing XDC File [c:/Users/hhhh/rekonfigi/video_passthrough_kria/video_passthrough_kria.gen/sources_1/bd/design_1/ip/design_1_mipi_csi2_rx_subsyst_0_0/bd_0/ip/ip_2/ip_0/bd_d10d_phy_0_hssio_rx.xdc] for cell 'design_1_i/PS_0/mipi_csi2_rx_subsyst_0/inst/phy/inst/inst/bd_d10d_phy_0_rx_support_i/slave_rx.bd_d10d_phy_0_rx_hssio_i/inst'
Finished Parsing XDC File [c:/Users/hhhh/rekonfigi/video_passthrough_kria/video_passthrough_kria.gen/sources_1/bd/design_1/ip/design_1_mipi_csi2_rx_subsyst_0_0/bd_0/ip/ip_2/ip_0/bd_d10d_phy_0_hssio_rx.xdc] for cell 'design_1_i/PS_0/mipi_csi2_rx_subsyst_0/inst/phy/inst/inst/bd_d10d_phy_0_rx_support_i/slave_rx.bd_d10d_phy_0_rx_hssio_i/inst'
Parsing XDC File [c:/Users/hhhh/rekonfigi/video_passthrough_kria/video_passthrough_kria.gen/sources_1/bd/design_1/ip/design_1_mipi_csi2_rx_subsyst_0_0/bd_0/ip/ip_2/bd_d10d_phy_0.xdc] for cell 'design_1_i/PS_0/mipi_csi2_rx_subsyst_0/inst/phy/inst'
Finished Parsing XDC File [c:/Users/hhhh/rekonfigi/video_passthrough_kria/video_passthrough_kria.gen/sources_1/bd/design_1/ip/design_1_mipi_csi2_rx_subsyst_0_0/bd_0/ip/ip_2/bd_d10d_phy_0.xdc] for cell 'design_1_i/PS_0/mipi_csi2_rx_subsyst_0/inst/phy/inst'
Parsing XDC File [c:/Users/hhhh/rekonfigi/video_passthrough_kria/video_passthrough_kria.gen/sources_1/bd/design_1/ip/design_1_mipi_csi2_rx_subsyst_0_0/design_1_mipi_csi2_rx_subsyst_0_0_board.xdc] for cell 'design_1_i/PS_0/mipi_csi2_rx_subsyst_0/inst'
Finished Parsing XDC File [c:/Users/hhhh/rekonfigi/video_passthrough_kria/video_passthrough_kria.gen/sources_1/bd/design_1/ip/design_1_mipi_csi2_rx_subsyst_0_0/design_1_mipi_csi2_rx_subsyst_0_0_board.xdc] for cell 'design_1_i/PS_0/mipi_csi2_rx_subsyst_0/inst'
Parsing XDC File [c:/Users/hhhh/rekonfigi/video_passthrough_kria/video_passthrough_kria.gen/sources_1/bd/design_1/ip/design_1_proc_sys_reset_0_0/design_1_proc_sys_reset_0_0_board.xdc] for cell 'design_1_i/PS_0/proc_sys_reset_0/U0'
Finished Parsing XDC File [c:/Users/hhhh/rekonfigi/video_passthrough_kria/video_passthrough_kria.gen/sources_1/bd/design_1/ip/design_1_proc_sys_reset_0_0/design_1_proc_sys_reset_0_0_board.xdc] for cell 'design_1_i/PS_0/proc_sys_reset_0/U0'
Parsing XDC File [c:/Users/hhhh/rekonfigi/video_passthrough_kria/video_passthrough_kria.gen/sources_1/bd/design_1/ip/design_1_proc_sys_reset_0_0/design_1_proc_sys_reset_0_0.xdc] for cell 'design_1_i/PS_0/proc_sys_reset_0/U0'
Finished Parsing XDC File [c:/Users/hhhh/rekonfigi/video_passthrough_kria/video_passthrough_kria.gen/sources_1/bd/design_1/ip/design_1_proc_sys_reset_0_0/design_1_proc_sys_reset_0_0.xdc] for cell 'design_1_i/PS_0/proc_sys_reset_0/U0'
Parsing XDC File [c:/Users/hhhh/rekonfigi/video_passthrough_kria/video_passthrough_kria.gen/sources_1/bd/design_1/ip/design_1_rst_ps8_0_100M_0/design_1_rst_ps8_0_100M_0_board.xdc] for cell 'design_1_i/PS_0/rst_ps8_0_100M/U0'
Finished Parsing XDC File [c:/Users/hhhh/rekonfigi/video_passthrough_kria/video_passthrough_kria.gen/sources_1/bd/design_1/ip/design_1_rst_ps8_0_100M_0/design_1_rst_ps8_0_100M_0_board.xdc] for cell 'design_1_i/PS_0/rst_ps8_0_100M/U0'
Parsing XDC File [c:/Users/hhhh/rekonfigi/video_passthrough_kria/video_passthrough_kria.gen/sources_1/bd/design_1/ip/design_1_rst_ps8_0_100M_0/design_1_rst_ps8_0_100M_0.xdc] for cell 'design_1_i/PS_0/rst_ps8_0_100M/U0'
Finished Parsing XDC File [c:/Users/hhhh/rekonfigi/video_passthrough_kria/video_passthrough_kria.gen/sources_1/bd/design_1/ip/design_1_rst_ps8_0_100M_0/design_1_rst_ps8_0_100M_0.xdc] for cell 'design_1_i/PS_0/rst_ps8_0_100M/U0'
Parsing XDC File [c:/Users/hhhh/rekonfigi/video_passthrough_kria/video_passthrough_kria.gen/sources_1/bd/design_1/ip/design_1_zynq_ultra_ps_e_0_0/design_1_zynq_ultra_ps_e_0_0.xdc] for cell 'design_1_i/PS_0/zynq_ultra_ps_e_0/inst'
Finished Parsing XDC File [c:/Users/hhhh/rekonfigi/video_passthrough_kria/video_passthrough_kria.gen/sources_1/bd/design_1/ip/design_1_zynq_ultra_ps_e_0_0/design_1_zynq_ultra_ps_e_0_0.xdc] for cell 'design_1_i/PS_0/zynq_ultra_ps_e_0/inst'
Parsing XDC File [C:/Users/hhhh/rekonfigi/video_passthrough_kria/video_passthrough_kria.srcs/constrs_1/imports/project_4/kria.xdc]
Finished Parsing XDC File [C:/Users/hhhh/rekonfigi/video_passthrough_kria/video_passthrough_kria.srcs/constrs_1/imports/project_4/kria.xdc]
Parsing XDC File [c:/Users/hhhh/rekonfigi/video_passthrough_kria/video_passthrough_kria.gen/sources_1/bd/design_1/ip/design_1_axi_vdma_0_0/design_1_axi_vdma_0_0_clocks.xdc] for cell 'design_1_i/PS_0/axi_vdma_0/U0'
Finished Parsing XDC File [c:/Users/hhhh/rekonfigi/video_passthrough_kria/video_passthrough_kria.gen/sources_1/bd/design_1/ip/design_1_axi_vdma_0_0/design_1_axi_vdma_0_0_clocks.xdc] for cell 'design_1_i/PS_0/axi_vdma_0/U0'
Parsing XDC File [c:/Users/hhhh/rekonfigi/video_passthrough_kria/video_passthrough_kria.gen/sources_1/bd/design_1/ip/design_1_clk_wiz_0_0/design_1_clk_wiz_0_0_late.xdc] for cell 'design_1_i/PS_0/clk_wiz_0/inst'
Finished Parsing XDC File [c:/Users/hhhh/rekonfigi/video_passthrough_kria/video_passthrough_kria.gen/sources_1/bd/design_1/ip/design_1_clk_wiz_0_0/design_1_clk_wiz_0_0_late.xdc] for cell 'design_1_i/PS_0/clk_wiz_0/inst'
Parsing XDC File [c:/Users/hhhh/rekonfigi/video_passthrough_kria/video_passthrough_kria.gen/sources_1/bd/design_1/ip/design_1_clk_wiz_1_0/design_1_clk_wiz_1_0_late.xdc] for cell 'design_1_i/PS_0/clk_wiz_1/inst'
Finished Parsing XDC File [c:/Users/hhhh/rekonfigi/video_passthrough_kria/video_passthrough_kria.gen/sources_1/bd/design_1/ip/design_1_clk_wiz_1_0/design_1_clk_wiz_1_0_late.xdc] for cell 'design_1_i/PS_0/clk_wiz_1/inst'
Parsing XDC File [c:/Users/hhhh/rekonfigi/video_passthrough_kria/video_passthrough_kria.gen/sources_1/bd/design_1/ip/design_1_mipi_csi2_rx_subsyst_0_0/bd_0/ip/ip_2/bd_d10d_phy_0_clocks.xdc] for cell 'design_1_i/PS_0/mipi_csi2_rx_subsyst_0/inst/phy/inst'
WARNING: [Vivado 12-508] No pins matched '*en_hs_datapath_reg/C'. [c:/Users/hhhh/rekonfigi/video_passthrough_kria/video_passthrough_kria.gen/sources_1/bd/design_1/ip/design_1_mipi_csi2_rx_subsyst_0_0/bd_0/ip/ip_2/bd_d10d_phy_0_clocks.xdc:74]
WARNING: [Vivado_Tcl 4-919] Waiver ID 'CDC-11' -from list should not be empty. [c:/Users/hhhh/rekonfigi/video_passthrough_kria/video_passthrough_kria.gen/sources_1/bd/design_1/ip/design_1_mipi_csi2_rx_subsyst_0_0/bd_0/ip/ip_2/bd_d10d_phy_0_clocks.xdc:74]
WARNING: [Vivado 12-508] No pins matched '*init_done_reg/C'. [c:/Users/hhhh/rekonfigi/video_passthrough_kria/video_passthrough_kria.gen/sources_1/bd/design_1/ip/design_1_mipi_csi2_rx_subsyst_0_0/bd_0/ip/ip_2/bd_d10d_phy_0_clocks.xdc:75]
WARNING: [Vivado_Tcl 4-919] Waiver ID 'CDC-11' -from list should not be empty. [c:/Users/hhhh/rekonfigi/video_passthrough_kria/video_passthrough_kria.gen/sources_1/bd/design_1/ip/design_1_mipi_csi2_rx_subsyst_0_0/bd_0/ip/ip_2/bd_d10d_phy_0_clocks.xdc:75]
Finished Parsing XDC File [c:/Users/hhhh/rekonfigi/video_passthrough_kria/video_passthrough_kria.gen/sources_1/bd/design_1/ip/design_1_mipi_csi2_rx_subsyst_0_0/bd_0/ip/ip_2/bd_d10d_phy_0_clocks.xdc] for cell 'design_1_i/PS_0/mipi_csi2_rx_subsyst_0/inst/phy/inst'
Parsing XDC File [c:/Users/hhhh/rekonfigi/video_passthrough_kria/video_passthrough_kria.gen/sources_1/bd/design_1/ip/design_1_mipi_csi2_rx_subsyst_0_0/design_1_mipi_csi2_rx_subsyst_0_0_impl.xdc] for cell 'design_1_i/PS_0/mipi_csi2_rx_subsyst_0/inst'
Finished Parsing XDC File [c:/Users/hhhh/rekonfigi/video_passthrough_kria/video_passthrough_kria.gen/sources_1/bd/design_1/ip/design_1_mipi_csi2_rx_subsyst_0_0/design_1_mipi_csi2_rx_subsyst_0_0_impl.xdc] for cell 'design_1_i/PS_0/mipi_csi2_rx_subsyst_0/inst'
Parsing XDC File [c:/Users/hhhh/rekonfigi/video_passthrough_kria/video_passthrough_kria.gen/sources_1/bd/design_1/ip/design_1_auto_ds_0/design_1_auto_ds_0_clocks.xdc] for cell 'design_1_i/PS_0/ps8_0_axi_periph/s00_couplers/auto_ds/inst'
Finished Parsing XDC File [c:/Users/hhhh/rekonfigi/video_passthrough_kria/video_passthrough_kria.gen/sources_1/bd/design_1/ip/design_1_auto_ds_0/design_1_auto_ds_0_clocks.xdc] for cell 'design_1_i/PS_0/ps8_0_axi_periph/s00_couplers/auto_ds/inst'
Parsing XDC File [c:/Users/hhhh/rekonfigi/video_passthrough_kria/video_passthrough_kria.gen/sources_1/bd/design_1/ip/design_1_auto_ds_1/design_1_auto_ds_1_clocks.xdc] for cell 'design_1_i/PS_0/ps8_0_axi_periph/s01_couplers/auto_ds/inst'
Finished Parsing XDC File [c:/Users/hhhh/rekonfigi/video_passthrough_kria/video_passthrough_kria.gen/sources_1/bd/design_1/ip/design_1_auto_ds_1/design_1_auto_ds_1_clocks.xdc] for cell 'design_1_i/PS_0/ps8_0_axi_periph/s01_couplers/auto_ds/inst'
Parsing XDC File [c:/Users/hhhh/rekonfigi/video_passthrough_kria/video_passthrough_kria.gen/sources_1/bd/design_1/ip/design_1_v_axi4s_vid_out_0_0/design_1_v_axi4s_vid_out_0_0_clocks.xdc] for cell 'design_1_i/PS_0/v_axi4s_vid_out_0/inst'
Finished Parsing XDC File [c:/Users/hhhh/rekonfigi/video_passthrough_kria/video_passthrough_kria.gen/sources_1/bd/design_1/ip/design_1_v_axi4s_vid_out_0_0/design_1_v_axi4s_vid_out_0_0_clocks.xdc] for cell 'design_1_i/PS_0/v_axi4s_vid_out_0/inst'
Parsing XDC File [c:/Users/hhhh/rekonfigi/video_passthrough_kria/video_passthrough_kria.gen/sources_1/bd/design_1/ip/design_1_v_demosaic_0_0/design_1_v_demosaic_0_0.xdc] for cell 'design_1_i/PS_0/v_demosaic_0/inst'
Finished Parsing XDC File [c:/Users/hhhh/rekonfigi/video_passthrough_kria/video_passthrough_kria.gen/sources_1/bd/design_1/ip/design_1_v_demosaic_0_0/design_1_v_demosaic_0_0.xdc] for cell 'design_1_i/PS_0/v_demosaic_0/inst'
Parsing XDC File [c:/Users/hhhh/rekonfigi/video_passthrough_kria/video_passthrough_kria.gen/sources_1/bd/design_1/ip/design_1_v_gamma_lut_0_0/design_1_v_gamma_lut_0_0.xdc] for cell 'design_1_i/PS_0/v_gamma_lut_0/inst'
Finished Parsing XDC File [c:/Users/hhhh/rekonfigi/video_passthrough_kria/video_passthrough_kria.gen/sources_1/bd/design_1/ip/design_1_v_gamma_lut_0_0/design_1_v_gamma_lut_0_0.xdc] for cell 'design_1_i/PS_0/v_gamma_lut_0/inst'
Parsing XDC File [c:/Users/hhhh/rekonfigi/video_passthrough_kria/video_passthrough_kria.gen/sources_1/bd/design_1/ip/design_1_v_tc_0_0/design_1_v_tc_0_0_clocks.xdc] for cell 'design_1_i/PS_0/v_tc_0/U0'
INFO: [Timing 38-35] Done setting XDC timing constraints. [c:/Users/hhhh/rekonfigi/video_passthrough_kria/video_passthrough_kria.gen/sources_1/bd/design_1/ip/design_1_v_tc_0_0/design_1_v_tc_0_0_clocks.xdc:2]
INFO: [Timing 38-2] Deriving generated clocks [c:/Users/hhhh/rekonfigi/video_passthrough_kria/video_passthrough_kria.gen/sources_1/bd/design_1/ip/design_1_v_tc_0_0/design_1_v_tc_0_0_clocks.xdc:2]
get_clocks: Time (s): cpu = 00:00:08 ; elapsed = 00:00:06 . Memory (MB): peak = 2205.059 ; gain = 368.352
Finished Parsing XDC File [c:/Users/hhhh/rekonfigi/video_passthrough_kria/video_passthrough_kria.gen/sources_1/bd/design_1/ip/design_1_v_tc_0_0/design_1_v_tc_0_0_clocks.xdc] for cell 'design_1_i/PS_0/v_tc_0/U0'
Parsing XDC File [c:/Users/hhhh/rekonfigi/video_passthrough_kria/video_passthrough_kria.gen/sources_1/bd/design_1/ip/design_1_v_tpg_0_0/design_1_v_tpg_0_0.xdc] for cell 'design_1_i/PS_0/v_tpg_0/inst'
Finished Parsing XDC File [c:/Users/hhhh/rekonfigi/video_passthrough_kria/video_passthrough_kria.gen/sources_1/bd/design_1/ip/design_1_v_tpg_0_0/design_1_v_tpg_0_0.xdc] for cell 'design_1_i/PS_0/v_tpg_0/inst'
WARNING: [XPM_CDC_ARRAY_SINGLE: TCL-1000] The source and destination clocks are the same. 
     Instance: design_1_i/PS_0/mipi_csi2_rx_subsyst_0/inst/rx/inst/AXI_LITE.reg_inf/xpm_array_single_01 
  This will add unnecessary latency to the design. Please check the design for the following: 
 1) Manually instantiated XPM_CDC modules: Xilinx recommends that you remove these modules. 
 2) Xilinx IP that contains XPM_CDC modules: Verify the connections to the IP to determine whether you can safely ignore this message.
 [C:/Xilinx/Vivado/2022.2/data/ip/xpm/xpm_cdc/tcl/xpm_cdc_array_single.tcl:5]
WARNING: [XPM_CDC_GRAY: TCL-1000] The source and destination clocks are the same. 
     Instance: design_1_i/PS_0/mipi_csi2_rx_subsyst_0/inst/rx/inst/AXI_LITE.reg_inf/gen_spkt_fifo/generic_pkt/gnuram_async_fifo.xpm_fifo_base_inst/gen_cdc_pntr.rd_pntr_cdc_inst 
  This will add unnecessary latency to the design. Please check the design for the following: 
 1) Manually instantiated XPM_CDC modules: Xilinx recommends that you remove these modules. 
 2) Xilinx IP that contains XPM_CDC modules: Verify the connections to the IP to determine whether you can safely ignore this message.
 [C:/Xilinx/Vivado/2022.2/data/ip/xpm/xpm_cdc/tcl/xpm_cdc_gray.tcl:16]
WARNING: [XPM_CDC_GRAY: TCL-1000] The source and destination clocks are the same. 
     Instance: design_1_i/PS_0/mipi_csi2_rx_subsyst_0/inst/rx/inst/AXI_LITE.reg_inf/gen_spkt_fifo/generic_pkt/gnuram_async_fifo.xpm_fifo_base_inst/gen_cdc_pntr.wr_pntr_cdc_inst 
  This will add unnecessary latency to the design. Please check the design for the following: 
 1) Manually instantiated XPM_CDC modules: Xilinx recommends that you remove these modules. 
 2) Xilinx IP that contains XPM_CDC modules: Verify the connections to the IP to determine whether you can safely ignore this message.
 [C:/Xilinx/Vivado/2022.2/data/ip/xpm/xpm_cdc/tcl/xpm_cdc_gray.tcl:16]
WARNING: [XPM_CDC_GRAY: TCL-1000] The source and destination clocks are the same. 
     Instance: design_1_i/PS_0/mipi_csi2_rx_subsyst_0/inst/rx/inst/AXI_LITE.reg_inf/gen_spkt_fifo/generic_pkt/gnuram_async_fifo.xpm_fifo_base_inst/gen_cdc_pntr.rd_pntr_cdc_dc_inst 
  This will add unnecessary latency to the design. Please check the design for the following: 
 1) Manually instantiated XPM_CDC modules: Xilinx recommends that you remove these modules. 
 2) Xilinx IP that contains XPM_CDC modules: Verify the connections to the IP to determine whether you can safely ignore this message.
 [C:/Xilinx/Vivado/2022.2/data/ip/xpm/xpm_cdc/tcl/xpm_cdc_gray.tcl:16]
WARNING: [XPM_CDC_GRAY: TCL-1000] The source and destination clocks are the same. 
     Instance: design_1_i/PS_0/mipi_csi2_rx_subsyst_0/inst/rx/inst/AXI_LITE.reg_inf/gen_spkt_fifo/generic_pkt/gnuram_async_fifo.xpm_fifo_base_inst/gen_cdc_pntr.wr_pntr_cdc_dc_inst 
  This will add unnecessary latency to the design. Please check the design for the following: 
 1) Manually instantiated XPM_CDC modules: Xilinx recommends that you remove these modules. 
 2) Xilinx IP that contains XPM_CDC modules: Verify the connections to the IP to determine whether you can safely ignore this message.
 [C:/Xilinx/Vivado/2022.2/data/ip/xpm/xpm_cdc/tcl/xpm_cdc_gray.tcl:16]
WARNING: [XPM_CDC_HANDSHAKE: TCL-1000] The source and destination clocks are the same. 
     Instance: design_1_i/PS_0/mipi_csi2_rx_subsyst_0/inst/rx/inst/AXI_LITE.isr_cdc/HSC2R_CDC[0].hsc2r_bus_cdc 
  This will add unnecessary latency to the design. Please check the design for the following: 
 1) Manually instantiated XPM_CDC modules: Xilinx recommends that you remove these modules. 
 2) Xilinx IP that contains XPM_CDC modules: Verify the connections to the IP to determine whether you can safely ignore this message.
 [C:/Xilinx/Vivado/2022.2/data/ip/xpm/xpm_cdc/tcl/xpm_cdc_handshake.tcl:19]
WARNING: [XPM_CDC_HANDSHAKE: TCL-1000] The source and destination clocks are the same. 
     Instance: design_1_i/PS_0/mipi_csi2_rx_subsyst_0/inst/rx/inst/AXI_LITE.isr_cdc/HSC2R_CDC[10].hsc2r_bus_cdc 
  This will add unnecessary latency to the design. Please check the design for the following: 
 1) Manually instantiated XPM_CDC modules: Xilinx recommends that you remove these modules. 
 2) Xilinx IP that contains XPM_CDC modules: Verify the connections to the IP to determine whether you can safely ignore this message.
 [C:/Xilinx/Vivado/2022.2/data/ip/xpm/xpm_cdc/tcl/xpm_cdc_handshake.tcl:19]
WARNING: [XPM_CDC_HANDSHAKE: TCL-1000] The source and destination clocks are the same. 
     Instance: design_1_i/PS_0/mipi_csi2_rx_subsyst_0/inst/rx/inst/AXI_LITE.isr_cdc/HSC2R_CDC[12].hsc2r_bus_cdc 
  This will add unnecessary latency to the design. Please check the design for the following: 
 1) Manually instantiated XPM_CDC modules: Xilinx recommends that you remove these modules. 
 2) Xilinx IP that contains XPM_CDC modules: Verify the connections to the IP to determine whether you can safely ignore this message.
 [C:/Xilinx/Vivado/2022.2/data/ip/xpm/xpm_cdc/tcl/xpm_cdc_handshake.tcl:19]
WARNING: [XPM_CDC_HANDSHAKE: TCL-1000] The source and destination clocks are the same. 
     Instance: design_1_i/PS_0/mipi_csi2_rx_subsyst_0/inst/rx/inst/AXI_LITE.isr_cdc/HSC2R_CDC[14].hsc2r_bus_cdc 
  This will add unnecessary latency to the design. Please check the design for the following: 
 1) Manually instantiated XPM_CDC modules: Xilinx recommends that you remove these modules. 
 2) Xilinx IP that contains XPM_CDC modules: Verify the connections to the IP to determine whether you can safely ignore this message.
 [C:/Xilinx/Vivado/2022.2/data/ip/xpm/xpm_cdc/tcl/xpm_cdc_handshake.tcl:19]
WARNING: [XPM_CDC_HANDSHAKE: TCL-1000] The source and destination clocks are the same. 
     Instance: design_1_i/PS_0/mipi_csi2_rx_subsyst_0/inst/rx/inst/AXI_LITE.isr_cdc/HSC2R_CDC[16].hsc2r_bus_cdc 
  This will add unnecessary latency to the design. Please check the design for the following: 
 1) Manually instantiated XPM_CDC modules: Xilinx recommends that you remove these modules. 
 2) Xilinx IP that contains XPM_CDC modules: Verify the connections to the IP to determine whether you can safely ignore this message.
 [C:/Xilinx/Vivado/2022.2/data/ip/xpm/xpm_cdc/tcl/xpm_cdc_handshake.tcl:19]
WARNING: [XPM_CDC_HANDSHAKE: TCL-1000] The source and destination clocks are the same. 
     Instance: design_1_i/PS_0/mipi_csi2_rx_subsyst_0/inst/rx/inst/AXI_LITE.isr_cdc/HSC2R_CDC[18].hsc2r_bus_cdc 
  This will add unnecessary latency to the design. Please check the design for the following: 
 1) Manually instantiated XPM_CDC modules: Xilinx recommends that you remove these modules. 
 2) Xilinx IP that contains XPM_CDC modules: Verify the connections to the IP to determine whether you can safely ignore this message.
 [C:/Xilinx/Vivado/2022.2/data/ip/xpm/xpm_cdc/tcl/xpm_cdc_handshake.tcl:19]
WARNING: [XPM_CDC_HANDSHAKE: TCL-1000] The source and destination clocks are the same. 
     Instance: design_1_i/PS_0/mipi_csi2_rx_subsyst_0/inst/rx/inst/AXI_LITE.isr_cdc/HSC2R_CDC[20].hsc2r_bus_cdc 
  This will add unnecessary latency to the design. Please check the design for the following: 
 1) Manually instantiated XPM_CDC modules: Xilinx recommends that you remove these modules. 
 2) Xilinx IP that contains XPM_CDC modules: Verify the connections to the IP to determine whether you can safely ignore this message.
 [C:/Xilinx/Vivado/2022.2/data/ip/xpm/xpm_cdc/tcl/xpm_cdc_handshake.tcl:19]
WARNING: [XPM_CDC_HANDSHAKE: TCL-1000] The source and destination clocks are the same. 
     Instance: design_1_i/PS_0/mipi_csi2_rx_subsyst_0/inst/rx/inst/AXI_LITE.isr_cdc/HSC2R_CDC[22].hsc2r_bus_cdc 
  This will add unnecessary latency to the design. Please check the design for the following: 
 1) Manually instantiated XPM_CDC modules: Xilinx recommends that you remove these modules. 
 2) Xilinx IP that contains XPM_CDC modules: Verify the connections to the IP to determine whether you can safely ignore this message.
 [C:/Xilinx/Vivado/2022.2/data/ip/xpm/xpm_cdc/tcl/xpm_cdc_handshake.tcl:19]
WARNING: [XPM_CDC_HANDSHAKE: TCL-1000] The source and destination clocks are the same. 
     Instance: design_1_i/PS_0/mipi_csi2_rx_subsyst_0/inst/rx/inst/AXI_LITE.isr_cdc/HSC2R_CDC[24].hsc2r_bus_cdc 
  This will add unnecessary latency to the design. Please check the design for the following: 
 1) Manually instantiated XPM_CDC modules: Xilinx recommends that you remove these modules. 
 2) Xilinx IP that contains XPM_CDC modules: Verify the connections to the IP to determine whether you can safely ignore this message.
 [C:/Xilinx/Vivado/2022.2/data/ip/xpm/xpm_cdc/tcl/xpm_cdc_handshake.tcl:19]
WARNING: [XPM_CDC_HANDSHAKE: TCL-1000] The source and destination clocks are the same. 
     Instance: design_1_i/PS_0/mipi_csi2_rx_subsyst_0/inst/rx/inst/AXI_LITE.isr_cdc/HSC2R_CDC[26].hsc2r_bus_cdc 
  This will add unnecessary latency to the design. Please check the design for the following: 
 1) Manually instantiated XPM_CDC modules: Xilinx recommends that you remove these modules. 
 2) Xilinx IP that contains XPM_CDC modules: Verify the connections to the IP to determine whether you can safely ignore this message.
 [C:/Xilinx/Vivado/2022.2/data/ip/xpm/xpm_cdc/tcl/xpm_cdc_handshake.tcl:19]
WARNING: [XPM_CDC_HANDSHAKE: TCL-1000] The source and destination clocks are the same. 
     Instance: design_1_i/PS_0/mipi_csi2_rx_subsyst_0/inst/rx/inst/AXI_LITE.isr_cdc/HSC2R_CDC[28].hsc2r_bus_cdc 
  This will add unnecessary latency to the design. Please check the design for the following: 
 1) Manually instantiated XPM_CDC modules: Xilinx recommends that you remove these modules. 
 2) Xilinx IP that contains XPM_CDC modules: Verify the connections to the IP to determine whether you can safely ignore this message.
 [C:/Xilinx/Vivado/2022.2/data/ip/xpm/xpm_cdc/tcl/xpm_cdc_handshake.tcl:19]
WARNING: [XPM_CDC_HANDSHAKE: TCL-1000] The source and destination clocks are the same. 
     Instance: design_1_i/PS_0/mipi_csi2_rx_subsyst_0/inst/rx/inst/AXI_LITE.isr_cdc/HSC2R_CDC[2].hsc2r_bus_cdc 
  This will add unnecessary latency to the design. Please check the design for the following: 
 1) Manually instantiated XPM_CDC modules: Xilinx recommends that you remove these modules. 
 2) Xilinx IP that contains XPM_CDC modules: Verify the connections to the IP to determine whether you can safely ignore this message.
 [C:/Xilinx/Vivado/2022.2/data/ip/xpm/xpm_cdc/tcl/xpm_cdc_handshake.tcl:19]
WARNING: [XPM_CDC_HANDSHAKE: TCL-1000] The source and destination clocks are the same. 
     Instance: design_1_i/PS_0/mipi_csi2_rx_subsyst_0/inst/rx/inst/AXI_LITE.isr_cdc/HSC2R_CDC[30].hsc2r_bus_cdc 
  This will add unnecessary latency to the design. Please check the design for the following: 
 1) Manually instantiated XPM_CDC modules: Xilinx recommends that you remove these modules. 
 2) Xilinx IP that contains XPM_CDC modules: Verify the connections to the IP to determine whether you can safely ignore this message.
 [C:/Xilinx/Vivado/2022.2/data/ip/xpm/xpm_cdc/tcl/xpm_cdc_handshake.tcl:19]
WARNING: [XPM_CDC_HANDSHAKE: TCL-1000] The source and destination clocks are the same. 
     Instance: design_1_i/PS_0/mipi_csi2_rx_subsyst_0/inst/rx/inst/AXI_LITE.isr_cdc/HSC2R_CDC[33].hsc2r_bus_cdc 
  This will add unnecessary latency to the design. Please check the design for the following: 
 1) Manually instantiated XPM_CDC modules: Xilinx recommends that you remove these modules. 
 2) Xilinx IP that contains XPM_CDC modules: Verify the connections to the IP to determine whether you can safely ignore this message.
 [C:/Xilinx/Vivado/2022.2/data/ip/xpm/xpm_cdc/tcl/xpm_cdc_handshake.tcl:19]
WARNING: [XPM_CDC_HANDSHAKE: TCL-1000] The source and destination clocks are the same. 
     Instance: design_1_i/PS_0/mipi_csi2_rx_subsyst_0/inst/rx/inst/AXI_LITE.isr_cdc/HSC2R_CDC[34].hsc2r_bus_cdc 
  This will add unnecessary latency to the design. Please check the design for the following: 
 1) Manually instantiated XPM_CDC modules: Xilinx recommends that you remove these modules. 
 2) Xilinx IP that contains XPM_CDC modules: Verify the connections to the IP to determine whether you can safely ignore this message.
 [C:/Xilinx/Vivado/2022.2/data/ip/xpm/xpm_cdc/tcl/xpm_cdc_handshake.tcl:19]
WARNING: [XPM_CDC_HANDSHAKE: TCL-1000] The source and destination clocks are the same. 
     Instance: design_1_i/PS_0/mipi_csi2_rx_subsyst_0/inst/rx/inst/AXI_LITE.isr_cdc/HSC2R_CDC[35].hsc2r_bus_cdc 
  This will add unnecessary latency to the design. Please check the design for the following: 
 1) Manually instantiated XPM_CDC modules: Xilinx recommends that you remove these modules. 
 2) Xilinx IP that contains XPM_CDC modules: Verify the connections to the IP to determine whether you can safely ignore this message.
 [C:/Xilinx/Vivado/2022.2/data/ip/xpm/xpm_cdc/tcl/xpm_cdc_handshake.tcl:19]
WARNING: [XPM_CDC_HANDSHAKE: TCL-1000] The source and destination clocks are the same. 
     Instance: design_1_i/PS_0/mipi_csi2_rx_subsyst_0/inst/rx/inst/AXI_LITE.isr_cdc/HSC2R_CDC[38].hsc2r_bus_cdc 
  This will add unnecessary latency to the design. Please check the design for the following: 
 1) Manually instantiated XPM_CDC modules: Xilinx recommends that you remove these modules. 
 2) Xilinx IP that contains XPM_CDC modules: Verify the connections to the IP to determine whether you can safely ignore this message.
 [C:/Xilinx/Vivado/2022.2/data/ip/xpm/xpm_cdc/tcl/xpm_cdc_handshake.tcl:19]
WARNING: [XPM_CDC_HANDSHAKE: TCL-1000] The source and destination clocks are the same. 
     Instance: design_1_i/PS_0/mipi_csi2_rx_subsyst_0/inst/rx/inst/AXI_LITE.isr_cdc/HSC2R_CDC[39].hsc2r_bus_cdc 
  This will add unnecessary latency to the design. Please check the design for the following: 
 1) Manually instantiated XPM_CDC modules: Xilinx recommends that you remove these modules. 
 2) Xilinx IP that contains XPM_CDC modules: Verify the connections to the IP to determine whether you can safely ignore this message.
 [C:/Xilinx/Vivado/2022.2/data/ip/xpm/xpm_cdc/tcl/xpm_cdc_handshake.tcl:19]
WARNING: [XPM_CDC_HANDSHAKE: TCL-1000] The source and destination clocks are the same. 
     Instance: design_1_i/PS_0/mipi_csi2_rx_subsyst_0/inst/rx/inst/AXI_LITE.isr_cdc/HSC2R_CDC[40].hsc2r_bus_cdc 
  This will add unnecessary latency to the design. Please check the design for the following: 
 1) Manually instantiated XPM_CDC modules: Xilinx recommends that you remove these modules. 
 2) Xilinx IP that contains XPM_CDC modules: Verify the connections to the IP to determine whether you can safely ignore this message.
 [C:/Xilinx/Vivado/2022.2/data/ip/xpm/xpm_cdc/tcl/xpm_cdc_handshake.tcl:19]
WARNING: [XPM_CDC_HANDSHAKE: TCL-1000] The source and destination clocks are the same. 
     Instance: design_1_i/PS_0/mipi_csi2_rx_subsyst_0/inst/rx/inst/AXI_LITE.isr_cdc/HSC2R_CDC[41].hsc2r_bus_cdc 
  This will add unnecessary latency to the design. Please check the design for the following: 
 1) Manually instantiated XPM_CDC modules: Xilinx recommends that you remove these modules. 
 2) Xilinx IP that contains XPM_CDC modules: Verify the connections to the IP to determine whether you can safely ignore this message.
 [C:/Xilinx/Vivado/2022.2/data/ip/xpm/xpm_cdc/tcl/xpm_cdc_handshake.tcl:19]
WARNING: [XPM_CDC_HANDSHAKE: TCL-1000] The source and destination clocks are the same. 
     Instance: design_1_i/PS_0/mipi_csi2_rx_subsyst_0/inst/rx/inst/AXI_LITE.isr_cdc/HSC2R_CDC[42].hsc2r_bus_cdc 
  This will add unnecessary latency to the design. Please check the design for the following: 
 1) Manually instantiated XPM_CDC modules: Xilinx recommends that you remove these modules. 
 2) Xilinx IP that contains XPM_CDC modules: Verify the connections to the IP to determine whether you can safely ignore this message.
 [C:/Xilinx/Vivado/2022.2/data/ip/xpm/xpm_cdc/tcl/xpm_cdc_handshake.tcl:19]
WARNING: [XPM_CDC_HANDSHAKE: TCL-1000] The source and destination clocks are the same. 
     Instance: design_1_i/PS_0/mipi_csi2_rx_subsyst_0/inst/rx/inst/AXI_LITE.isr_cdc/HSC2R_CDC[43].hsc2r_bus_cdc 
  This will add unnecessary latency to the design. Please check the design for the following: 
 1) Manually instantiated XPM_CDC modules: Xilinx recommends that you remove these modules. 
 2) Xilinx IP that contains XPM_CDC modules: Verify the connections to the IP to determine whether you can safely ignore this message.
 [C:/Xilinx/Vivado/2022.2/data/ip/xpm/xpm_cdc/tcl/xpm_cdc_handshake.tcl:19]
WARNING: [XPM_CDC_HANDSHAKE: TCL-1000] The source and destination clocks are the same. 
     Instance: design_1_i/PS_0/mipi_csi2_rx_subsyst_0/inst/rx/inst/AXI_LITE.isr_cdc/HSC2R_CDC[4].hsc2r_bus_cdc 
  This will add unnecessary latency to the design. Please check the design for the following: 
 1) Manually instantiated XPM_CDC modules: Xilinx recommends that you remove these modules. 
 2) Xilinx IP that contains XPM_CDC modules: Verify the connections to the IP to determine whether you can safely ignore this message.
 [C:/Xilinx/Vivado/2022.2/data/ip/xpm/xpm_cdc/tcl/xpm_cdc_handshake.tcl:19]
WARNING: [XPM_CDC_HANDSHAKE: TCL-1000] The source and destination clocks are the same. 
     Instance: design_1_i/PS_0/mipi_csi2_rx_subsyst_0/inst/rx/inst/AXI_LITE.isr_cdc/HSC2R_CDC[6].hsc2r_bus_cdc 
  This will add unnecessary latency to the design. Please check the design for the following: 
 1) Manually instantiated XPM_CDC modules: Xilinx recommends that you remove these modules. 
 2) Xilinx IP that contains XPM_CDC modules: Verify the connections to the IP to determine whether you can safely ignore this message.
 [C:/Xilinx/Vivado/2022.2/data/ip/xpm/xpm_cdc/tcl/xpm_cdc_handshake.tcl:19]
WARNING: [XPM_CDC_HANDSHAKE: TCL-1000] The source and destination clocks are the same. 
     Instance: design_1_i/PS_0/mipi_csi2_rx_subsyst_0/inst/rx/inst/AXI_LITE.isr_cdc/HSC2R_CDC[8].hsc2r_bus_cdc 
  This will add unnecessary latency to the design. Please check the design for the following: 
 1) Manually instantiated XPM_CDC modules: Xilinx recommends that you remove these modules. 
 2) Xilinx IP that contains XPM_CDC modules: Verify the connections to the IP to determine whether you can safely ignore this message.
 [C:/Xilinx/Vivado/2022.2/data/ip/xpm/xpm_cdc/tcl/xpm_cdc_handshake.tcl:19]
WARNING: [XPM_CDC_SINGLE: TCL-1000] The source and destination clocks are the same. 
     Instance: design_1_i/PS_0/mipi_csi2_rx_subsyst_0/inst/rx/inst/AXI_LITE.reg_inf/xpm_single_05 
  This will add unnecessary latency to the design. Please check the design for the following: 
 1) Manually instantiated XPM_CDC modules: Xilinx recommends that you remove these modules. 
 2) Xilinx IP that contains XPM_CDC modules: Verify the connections to the IP to determine whether you can safely ignore this message.
 [C:/Xilinx/Vivado/2022.2/data/ip/xpm/xpm_cdc/tcl/xpm_cdc_single.tcl:5]
WARNING: [XPM_CDC_SINGLE: TCL-1000] The source and destination clocks are the same. 
     Instance: design_1_i/PS_0/mipi_csi2_rx_subsyst_0/inst/rx/inst/AXI_LITE.reg_inf/xpm_single_vfb_01 
  This will add unnecessary latency to the design. Please check the design for the following: 
 1) Manually instantiated XPM_CDC modules: Xilinx recommends that you remove these modules. 
 2) Xilinx IP that contains XPM_CDC modules: Verify the connections to the IP to determine whether you can safely ignore this message.
 [C:/Xilinx/Vivado/2022.2/data/ip/xpm/xpm_cdc/tcl/xpm_cdc_single.tcl:5]
INFO: [Project 1-1714] 273 XPM XDC files have been applied to the design.
INFO: [Opt 31-138] Pushed 0 inverter(s) to 0 load pin(s).
Netlist sorting complete. Time (s): cpu = 00:00:00 ; elapsed = 00:00:00.024 . Memory (MB): peak = 2205.059 ; gain = 0.000
INFO: [Project 1-111] Unisim Transformation Summary:
  A total of 140 instances were transformed.
  DSP48E1 => DSP48E2 (DSP_ALU, DSP_A_B_DATA, DSP_C_DATA, DSP_MULTIPLIER, DSP_M_DATA, DSP_OUTPUT, DSP_PREADD, DSP_PREADD_DATA): 9 instances
  DSP48E2 => DSP48E2 (DSP_ALU, DSP_A_B_DATA, DSP_C_DATA, DSP_MULTIPLIER, DSP_M_DATA, DSP_OUTPUT, DSP_PREADD, DSP_PREADD_DATA): 30 instances
  IBUFDS_DPHY => IBUFDS_DPHY (DPHY_DIFFINBUF, IBUFCTRL): 3 instances
  IOBUF => IOBUF (IBUFCTRL, INBUF, OBUFT): 2 instances
  RAM16X1D => RAM32X1D (RAMD32(x2)): 1 instance 
  RAM32M => RAM32M (RAMD32(x6), RAMS32(x2)): 1 instance 
  RAM32M16 => RAM32M16 (RAMD32(x14), RAMS32(x2)): 90 instances
  RAM32X1D => RAM32X1D (RAMD32(x2)): 4 instances

14 Infos, 55 Warnings, 0 Critical Warnings and 0 Errors encountered.
link_design completed successfully
link_design: Time (s): cpu = 00:00:27 ; elapsed = 00:00:30 . Memory (MB): peak = 2205.059 ; gain = 1699.238
Command: opt_design
Attempting to get a license for feature 'Implementation' and/or device 'xck26'
INFO: [Common 17-349] Got license for feature 'Implementation' and/or device 'xck26'
Running DRC as a precondition to command opt_design

Starting DRC Task
INFO: [DRC 23-27] Running DRC with 2 threads
INFO: [Project 1-461] DRC finished with 0 Errors
INFO: [Project 1-462] Please refer to the DRC report (report_drc) for more information.

Time (s): cpu = 00:00:03 ; elapsed = 00:00:02 . Memory (MB): peak = 2205.059 ; gain = 0.000

Starting Cache Timing Information Task
INFO: [Timing 38-35] Done setting XDC timing constraints.
Ending Cache Timing Information Task | Checksum: 150ba7069

Time (s): cpu = 00:00:05 ; elapsed = 00:00:03 . Memory (MB): peak = 2205.059 ; gain = 0.000

Starting Logic Optimization Task

Phase 1 Retarget
INFO: [Opt 31-1287] Pulled Inverter design_1_i/PS_0/mipi_csi2_rx_subsyst_0/inst/rx/inst/AXI_LITE.reg_inf/isr_i[31]_i_1 into driver instance design_1_i/PS_0/mipi_csi2_rx_subsyst_0/inst/rx/inst/AXI_LITE.reg_inf/isr_i[55]_i_4, which resulted in an inversion of 28 pins
INFO: [Opt 31-1287] Pulled Inverter design_1_i/PS_0/mipi_csi2_rx_subsyst_0/inst/rx/inst/phecc/diwc_valid_i_1 into driver instance design_1_i/PS_0/mipi_csi2_rx_subsyst_0/inst/rx/inst/phecc/diwc_valid_i_2, which resulted in an inversion of 4 pins
INFO: [Opt 31-1287] Pulled Inverter design_1_i/PS_0/mipi_csi2_rx_subsyst_0/inst/vfb_0/inst/VFB_MIN.reorder/sband_tl_r_i_1 into driver instance design_1_i/PS_0/mipi_csi2_rx_subsyst_0/inst/vfb_0/inst/VFB_MIN.reorder/vfb_valid_i_4, which resulted in an inversion of 78 pins
INFO: [Opt 31-1287] Pulled Inverter design_1_i/PS_0/ps8_0_axi_periph/s00_couplers/auto_ds/inst/gen_downsizer.gen_simple_downsizer.axi_downsizer_inst/USE_WRITE.USE_SPLIT.write_resp_inst/first_mi_word_i_2 into driver instance design_1_i/PS_0/ps8_0_axi_periph/s00_couplers/auto_ds/inst/gen_downsizer.gen_simple_downsizer.axi_downsizer_inst/USE_WRITE.USE_SPLIT.write_resp_inst/s_axi_bvalid_INST_0_i_1, which resulted in an inversion of 5 pins
INFO: [Opt 31-1287] Pulled Inverter design_1_i/PS_0/ps8_0_axi_periph/s00_couplers/auto_pc/inst/gen_axilite.gen_b2s_conv.axilite_b2s/RD.ar_channel_0/ar_cmd_fsm_0/axaddr_offset_r[0]_i_1__0 into driver instance design_1_i/PS_0/ps8_0_axi_periph/s00_couplers/auto_pc/inst/gen_axilite.gen_b2s_conv.axilite_b2s/RD.ar_channel_0/ar_cmd_fsm_0/axaddr_offset_r[0]_i_2__0, which resulted in an inversion of 9 pins
INFO: [Opt 31-1287] Pulled Inverter design_1_i/PS_0/ps8_0_axi_periph/s00_couplers/auto_pc/inst/gen_axilite.gen_b2s_conv.axilite_b2s/WR.aw_channel_0/aw_cmd_fsm_0/axaddr_offset_r[0]_i_1 into driver instance design_1_i/PS_0/ps8_0_axi_periph/s00_couplers/auto_pc/inst/gen_axilite.gen_b2s_conv.axilite_b2s/WR.aw_channel_0/aw_cmd_fsm_0/axaddr_offset_r[0]_i_2, which resulted in an inversion of 9 pins
INFO: [Opt 31-1287] Pulled Inverter design_1_i/PS_0/ps8_0_axi_periph/s01_couplers/auto_ds/inst/gen_downsizer.gen_simple_downsizer.axi_downsizer_inst/USE_WRITE.USE_SPLIT.write_resp_inst/first_mi_word_i_2 into driver instance design_1_i/PS_0/ps8_0_axi_periph/s01_couplers/auto_ds/inst/gen_downsizer.gen_simple_downsizer.axi_downsizer_inst/USE_WRITE.USE_SPLIT.write_resp_inst/s_axi_bvalid_INST_0_i_1, which resulted in an inversion of 5 pins
INFO: [Opt 31-1287] Pulled Inverter design_1_i/PS_0/ps8_0_axi_periph/s01_couplers/auto_pc/inst/gen_axilite.gen_b2s_conv.axilite_b2s/RD.ar_channel_0/ar_cmd_fsm_0/axaddr_offset_r[0]_i_1__0 into driver instance design_1_i/PS_0/ps8_0_axi_periph/s01_couplers/auto_pc/inst/gen_axilite.gen_b2s_conv.axilite_b2s/RD.ar_channel_0/ar_cmd_fsm_0/axaddr_offset_r[0]_i_2__0, which resulted in an inversion of 9 pins
INFO: [Opt 31-1287] Pulled Inverter design_1_i/PS_0/ps8_0_axi_periph/s01_couplers/auto_pc/inst/gen_axilite.gen_b2s_conv.axilite_b2s/WR.aw_channel_0/aw_cmd_fsm_0/axaddr_offset_r[0]_i_1 into driver instance design_1_i/PS_0/ps8_0_axi_periph/s01_couplers/auto_pc/inst/gen_axilite.gen_b2s_conv.axilite_b2s/WR.aw_channel_0/aw_cmd_fsm_0/axaddr_offset_r[0]_i_2, which resulted in an inversion of 9 pins
INFO: [Opt 31-1287] Pulled Inverter design_1_i/PS_0/v_axi4s_vid_out_0/inst/COUPLER_INST/generate_async_fifo.FIFO_INST/XPM_FIFO_ASYNC_INST/gnuram_async_fifo.xpm_fifo_base_inst/xpm_fifo_rst_inst/FSM_onehot_gen_rst_ic.curr_wrst_state[4]_i_1 into driver instance design_1_i/PS_0/v_axi4s_vid_out_0/inst/COUPLER_INST/generate_async_fifo.FIFO_INST/XPM_FIFO_ASYNC_INST/gnuram_async_fifo.xpm_fifo_base_inst/xpm_fifo_rst_inst//i_, which resulted in an inversion of 2 pins
INFO: [Opt 31-1287] Pulled Inverter design_1_i/PS_0/v_demosaic_0/inst/Debayer_U0/DebayerRandBatG_U0/grp_DebayerRandBatG_Pipeline_VITIS_LOOP_836_2_fu_144/icmp_ln836_reg_1933[0]_i_1 into driver instance design_1_i/PS_0/v_demosaic_0/inst/Debayer_U0/DebayerRandBatG_U0/grp_DebayerRandBatG_Pipeline_VITIS_LOOP_836_2_fu_144/flow_control_loop_pipe_sequential_init_U/ram_reg_bram_0_i_33__0, which resulted in an inversion of 32 pins
INFO: [Opt 31-1287] Pulled Inverter design_1_i/PS_0/v_demosaic_0/inst/Debayer_U0/DebayerRatBorBatR_U0/grp_DebayerRatBorBatR_Pipeline_VITIS_LOOP_588_2_fu_172/icmp_ln588_reg_2196[0]_i_1 into driver instance design_1_i/PS_0/v_demosaic_0/inst/Debayer_U0/DebayerRatBorBatR_U0/grp_DebayerRatBorBatR_Pipeline_VITIS_LOOP_588_2_fu_172/flow_control_loop_pipe_sequential_init_U/ram_reg_bram_0_i_33, which resulted in an inversion of 29 pins
INFO: [Opt 31-1287] Pulled Inverter design_1_i/PS_0/v_tpg_0/inst/grp_v_tpgHlsDataFlow_fu_339/tpgBackground_U0/grp_tpgBackground_Pipeline_VITIS_LOOP_520_2_fu_504/grp_reg_ap_uint_10_s_fu_2159/xCount_V_2[7]_i_2 into driver instance design_1_i/PS_0/v_tpg_0/inst/grp_v_tpgHlsDataFlow_fu_339/tpgBackground_U0/grp_tpgBackground_Pipeline_VITIS_LOOP_520_2_fu_504/grp_reg_ap_uint_10_s_fu_2159/xCount_V_2[9]_i_23, which resulted in an inversion of 11 pins
INFO: [Opt 31-1287] Pulled Inverter design_1_i/PS_0/v_tpg_0/inst/grp_v_tpgHlsDataFlow_fu_339/tpgBackground_U0/grp_tpgBackground_Pipeline_VITIS_LOOP_520_2_fu_504/grp_reg_ap_uint_10_s_fu_2159/xCount_V_3[7]_i_2 into driver instance design_1_i/PS_0/v_tpg_0/inst/grp_v_tpgHlsDataFlow_fu_339/tpgBackground_U0/grp_tpgBackground_Pipeline_VITIS_LOOP_520_2_fu_504/grp_reg_ap_uint_10_s_fu_2159/xCount_V_3[9]_i_7, which resulted in an inversion of 11 pins
INFO: [Opt 31-1287] Pulled Inverter design_1_i/PS_0/v_tpg_0/inst/grp_v_tpgHlsDataFlow_fu_339/tpgBackground_U0/grp_tpgBackground_Pipeline_VITIS_LOOP_520_2_fu_504/tpgTartanBarArray_U/q0[1]_i_1__0 into driver instance design_1_i/PS_0/v_tpg_0/inst/grp_v_tpgHlsDataFlow_fu_339/tpgBackground_U0/grp_tpgBackground_Pipeline_VITIS_LOOP_520_2_fu_504/tpgTartanBarArray_U/q0[9]_i_5, which resulted in an inversion of 13 pins
INFO: [Opt 31-1287] Pulled Inverter design_1_i/PS_0/v_tpg_0/inst/grp_v_tpgHlsDataFlow_fu_339/tpgBackground_U0/q0[1]_i_1 into driver instance design_1_i/PS_0/v_tpg_0/inst/grp_v_tpgHlsDataFlow_fu_339/tpgBackground_U0/grp_tpgBackground_Pipeline_VITIS_LOOP_520_2_fu_504/tpgTartanBarArray_U/q0[9]_i_3, which resulted in an inversion of 12 pins
INFO: [Opt 31-1287] Pulled Inverter design_1_i/PS_0/v_tpg_0/inst/grp_v_tpgHlsDataFlow_fu_339/tpgBackground_U0/q0[1]_i_2 into driver instance design_1_i/PS_0/v_tpg_0/inst/grp_v_tpgHlsDataFlow_fu_339/tpgBackground_U0/grp_tpgBackground_Pipeline_VITIS_LOOP_520_2_fu_504/tpgTartanBarArray_U/q0[9]_i_4, which resulted in an inversion of 13 pins
INFO: [Opt 31-138] Pushed 85 inverter(s) to 6766 load pin(s).
INFO: [Opt 31-925] Fixed cascade connection for DSP: design_1_i/PS_0/v_demosaic_0/inst/Debayer_U0/DebayerG_U0/grp_DebayerG_Pipeline_VITIS_LOOP_273_4_fu_202/mac_muladd_14s_10ns_24s_25_4_1_U61/design_1_v_demosaic_0_0_mac_muladd_14s_10ns_24s_25_4_1_DSP48_3_U/p_reg_reg
INFO: [Opt 31-925] Fixed cascade connection for DSP: design_1_i/PS_0/v_demosaic_0/inst/Debayer_U0/DebayerG_U0/grp_DebayerG_Pipeline_VITIS_LOOP_273_4_fu_202/mac_muladd_14s_10ns_24s_25_4_1_U62/design_1_v_demosaic_0_0_mac_muladd_14s_10ns_24s_25_4_1_DSP48_3_U/p_reg_reg
INFO: [Opt 31-925] Fixed cascade connection for DSP: design_1_i/PS_0/v_tpg_0/inst/grp_v_tpgHlsDataFlow_fu_339/tpgBackground_U0/grp_tpgBackground_Pipeline_VITIS_LOOP_520_2_fu_504/mac_muladd_16ns_8s_23s_24_4_1_U68/design_1_v_tpg_0_0_mac_muladd_16ns_8s_23s_24_4_1_DSP48_7_U/p_reg_reg
INFO: [Opt 31-49] Retargeted 0 cell(s).
Phase 1 Retarget | Checksum: 147da5056

Time (s): cpu = 00:00:05 ; elapsed = 00:00:03 . Memory (MB): peak = 2512.184 ; gain = 0.000
INFO: [Opt 31-389] Phase Retarget created 201 cells and removed 1174 cells
INFO: [Opt 31-1021] In phase Retarget, 197 netlist objects are constrained preventing optimization. Please run opt_design with -debug_log to get more detail. 

Phase 2 Constant propagation
INFO: [Opt 31-138] Pushed 0 inverter(s) to 0 load pin(s).
Phase 2 Constant propagation | Checksum: 1dd56617c

Time (s): cpu = 00:00:05 ; elapsed = 00:00:04 . Memory (MB): peak = 2512.184 ; gain = 0.000
INFO: [Opt 31-389] Phase Constant propagation created 2 cells and removed 490 cells
INFO: [Opt 31-1021] In phase Constant propagation, 627 netlist objects are constrained preventing optimization. Please run opt_design with -debug_log to get more detail. 

Phase 3 Sweep
Phase 3 Sweep | Checksum: 13a72b661

Time (s): cpu = 00:00:07 ; elapsed = 00:00:05 . Memory (MB): peak = 2512.184 ; gain = 0.000
INFO: [Opt 31-389] Phase Sweep created 0 cells and removed 2524 cells
INFO: [Opt 31-1021] In phase Sweep, 608 netlist objects are constrained preventing optimization. Please run opt_design with -debug_log to get more detail. 

Phase 4 BUFG optimization
INFO: [Opt 31-1077] Phase BUFG optimization inserted 0 global clock buffer(s) for CLOCK_LOW_FANOUT.
Phase 4 BUFG optimization | Checksum: 13a72b661

Time (s): cpu = 00:00:08 ; elapsed = 00:00:06 . Memory (MB): peak = 2512.184 ; gain = 0.000
INFO: [Opt 31-662] Phase BUFG optimization created 0 cells of which 0 are BUFGs and removed 0 cells.

Phase 5 Shift Register Optimization
INFO: [Opt 31-1064] SRL Remap converted 0 SRLs to 0 registers and converted 0 registers of register chains to 0 SRLs
Phase 5 Shift Register Optimization | Checksum: 13a72b661

Time (s): cpu = 00:00:08 ; elapsed = 00:00:06 . Memory (MB): peak = 2512.184 ; gain = 0.000
INFO: [Opt 31-389] Phase Shift Register Optimization created 0 cells and removed 0 cells

Phase 6 Post Processing Netlist
Phase 6 Post Processing Netlist | Checksum: 14476dcea

Time (s): cpu = 00:00:08 ; elapsed = 00:00:06 . Memory (MB): peak = 2512.184 ; gain = 0.000
INFO: [Opt 31-389] Phase Post Processing Netlist created 0 cells and removed 0 cells
INFO: [Opt 31-1021] In phase Post Processing Netlist, 167 netlist objects are constrained preventing optimization. Please run opt_design with -debug_log to get more detail. 
Opt_design Change Summary
=========================


-------------------------------------------------------------------------------------------------------------------------
|  Phase                        |  #Cells created  |  #Cells Removed  |  #Constrained objects preventing optimizations  |
-------------------------------------------------------------------------------------------------------------------------
|  Retarget                     |             201  |            1174  |                                            197  |
|  Constant propagation         |               2  |             490  |                                            627  |
|  Sweep                        |               0  |            2524  |                                            608  |
|  BUFG optimization            |               0  |               0  |                                              0  |
|  Shift Register Optimization  |               0  |               0  |                                              0  |
|  Post Processing Netlist      |               0  |               0  |                                            167  |
-------------------------------------------------------------------------------------------------------------------------



Starting Connectivity Check Task

Time (s): cpu = 00:00:00 ; elapsed = 00:00:00.087 . Memory (MB): peak = 2512.184 ; gain = 0.000
Ending Logic Optimization Task | Checksum: 1c235cf4c

Time (s): cpu = 00:00:09 ; elapsed = 00:00:07 . Memory (MB): peak = 2512.184 ; gain = 0.000

Starting Power Optimization Task
INFO: [Pwropt 34-132] Skipping clock gating for clocks with a period < 2.00 ns.
INFO: [Pwropt 34-9] Applying IDT optimizations ...
INFO: [Pwropt 34-10] Applying ODC optimizations ...
INFO: [Timing 38-35] Done setting XDC timing constraints.
Running Vector-less Activity Propagation...

Finished Running Vector-less Activity Propagation


Starting PowerOpt Patch Enables Task
INFO: [Pwropt 34-162] WRITE_MODE attribute of 0 BRAM(s) out of a total of 47 has been updated to save power. Run report_power_opt to get a complete listing of the BRAMs updated.
INFO: [Timing 38-35] Done setting XDC timing constraints.
INFO: [Pwropt 34-201] Structural ODC has moved 10 WE to EN ports
Number of BRAM Ports augmented: 14 newly gated: 10 Total Ports: 94
Ending PowerOpt Patch Enables Task | Checksum: 13148e1d8

Time (s): cpu = 00:00:05 ; elapsed = 00:00:03 . Memory (MB): peak = 3482.484 ; gain = 0.000
Ending Power Optimization Task | Checksum: 13148e1d8

Time (s): cpu = 00:00:29 ; elapsed = 00:00:21 . Memory (MB): peak = 3482.484 ; gain = 970.301

Starting Final Cleanup Task

Starting Logic Optimization Task
INFO: [Timing 38-35] Done setting XDC timing constraints.
Ending Logic Optimization Task | Checksum: df91e090

Time (s): cpu = 00:00:08 ; elapsed = 00:00:06 . Memory (MB): peak = 3482.484 ; gain = 0.000
Ending Final Cleanup Task | Checksum: df91e090

Time (s): cpu = 00:00:11 ; elapsed = 00:00:08 . Memory (MB): peak = 3482.484 ; gain = 0.000

Starting Netlist Obfuscation Task
Netlist sorting complete. Time (s): cpu = 00:00:00 ; elapsed = 00:00:00.018 . Memory (MB): peak = 3482.484 ; gain = 0.000
Ending Netlist Obfuscation Task | Checksum: df91e090

Time (s): cpu = 00:00:00 ; elapsed = 00:00:00.022 . Memory (MB): peak = 3482.484 ; gain = 0.000
INFO: [Common 17-83] Releasing license: Implementation
63 Infos, 55 Warnings, 0 Critical Warnings and 0 Errors encountered.
opt_design completed successfully
opt_design: Time (s): cpu = 00:00:59 ; elapsed = 00:00:43 . Memory (MB): peak = 3482.484 ; gain = 1277.426
INFO: [Timing 38-35] Done setting XDC timing constraints.
INFO: [Timing 38-480] Writing timing data to binary archive.
Writing XDEF routing.
Writing XDEF routing logical nets.
Writing XDEF routing special nets.
Write XDEF Complete: Time (s): cpu = 00:00:00 ; elapsed = 00:00:00.084 . Memory (MB): peak = 3482.484 ; gain = 0.000
INFO: [Common 17-1381] The checkpoint 'C:/Users/hhhh/rekonfigi/video_passthrough_kria/video_passthrough_kria.runs/impl_1/design_1_wrapper_opt.dcp' has been generated.
write_checkpoint: Time (s): cpu = 00:00:12 ; elapsed = 00:00:08 . Memory (MB): peak = 3482.484 ; gain = 0.000
INFO: [runtcl-4] Executing : report_drc -file design_1_wrapper_drc_opted.rpt -pb design_1_wrapper_drc_opted.pb -rpx design_1_wrapper_drc_opted.rpx
Command: report_drc -file design_1_wrapper_drc_opted.rpt -pb design_1_wrapper_drc_opted.pb -rpx design_1_wrapper_drc_opted.rpx
INFO: [IP_Flow 19-1839] IP Catalog is up to date.
INFO: [DRC 23-27] Running DRC with 2 threads
INFO: [Vivado_Tcl 2-168] The results of DRC are in file C:/Users/hhhh/rekonfigi/video_passthrough_kria/video_passthrough_kria.runs/impl_1/design_1_wrapper_drc_opted.rpt.
report_drc completed successfully
report_drc: Time (s): cpu = 00:00:28 ; elapsed = 00:00:22 . Memory (MB): peak = 4144.891 ; gain = 662.406
Command: place_design
Attempting to get a license for feature 'Implementation' and/or device 'xck26'
INFO: [Common 17-349] Got license for feature 'Implementation' and/or device 'xck26'
INFO: [DRC 23-27] Running DRC with 2 threads
INFO: [Vivado_Tcl 4-198] DRC finished with 0 Errors
INFO: [Vivado_Tcl 4-199] Please refer to the DRC report (report_drc) for more information.
Running DRC as a precondition to command place_design
INFO: [DRC 23-27] Running DRC with 2 threads
INFO: [Vivado_Tcl 4-198] DRC finished with 0 Errors
INFO: [Vivado_Tcl 4-199] Please refer to the DRC report (report_drc) for more information.

Starting Placer Task
INFO: [Place 30-611] Multithreading enabled for place_design using a maximum of 2 CPUs

Phase 1 Placer Initialization

Phase 1.1 Placer Initialization Netlist Sorting
Netlist sorting complete. Time (s): cpu = 00:00:00 ; elapsed = 00:00:00.021 . Memory (MB): peak = 4144.891 ; gain = 0.000
Phase 1.1 Placer Initialization Netlist Sorting | Checksum: bd3cb115

Time (s): cpu = 00:00:00 ; elapsed = 00:00:00.042 . Memory (MB): peak = 4144.891 ; gain = 0.000
Netlist sorting complete. Time (s): cpu = 00:00:00 ; elapsed = 00:00:00.019 . Memory (MB): peak = 4144.891 ; gain = 0.000

Phase 1.2 IO Placement/ Clock Placement/ Build Placer Device
Phase 1.2 IO Placement/ Clock Placement/ Build Placer Device | Checksum: 59e1cf17

Time (s): cpu = 00:00:04 ; elapsed = 00:00:03 . Memory (MB): peak = 4144.891 ; gain = 0.000

Phase 1.3 Build Placer Netlist Model
Phase 1.3 Build Placer Netlist Model | Checksum: d97db93b

Time (s): cpu = 00:00:20 ; elapsed = 00:00:14 . Memory (MB): peak = 4144.891 ; gain = 0.000

Phase 1.4 Constrain Clocks/Macros
Phase 1.4 Constrain Clocks/Macros | Checksum: d97db93b

Time (s): cpu = 00:00:20 ; elapsed = 00:00:14 . Memory (MB): peak = 4144.891 ; gain = 0.000
Phase 1 Placer Initialization | Checksum: d97db93b

Time (s): cpu = 00:00:20 ; elapsed = 00:00:15 . Memory (MB): peak = 4144.891 ; gain = 0.000

Phase 2 Global Placement

Phase 2.1 Floorplanning

Phase 2.1.1 Partition Driven Placement

Phase 2.1.1.1 PBP: Partition Driven Placement
Phase 2.1.1.1 PBP: Partition Driven Placement | Checksum: 12db06460

Time (s): cpu = 00:00:42 ; elapsed = 00:00:28 . Memory (MB): peak = 4144.891 ; gain = 0.000

Phase 2.1.1.2 PBP: Clock Region Placement
Phase 2.1.1.2 PBP: Clock Region Placement | Checksum: a4fadf14

Time (s): cpu = 00:00:43 ; elapsed = 00:00:29 . Memory (MB): peak = 4144.891 ; gain = 0.000

Phase 2.1.1.3 PBP: Discrete Incremental
Phase 2.1.1.3 PBP: Discrete Incremental | Checksum: 140b9d8af

Time (s): cpu = 00:00:43 ; elapsed = 00:00:29 . Memory (MB): peak = 4144.891 ; gain = 0.000

Phase 2.1.1.4 PBP: Compute Congestion
Phase 2.1.1.4 PBP: Compute Congestion | Checksum: 140b9d8af

Time (s): cpu = 00:00:44 ; elapsed = 00:00:29 . Memory (MB): peak = 4144.891 ; gain = 0.000

Phase 2.1.1.5 PBP: Macro Placement
Phase 2.1.1.5 PBP: Macro Placement | Checksum: 162832cd5

Time (s): cpu = 00:00:44 ; elapsed = 00:00:30 . Memory (MB): peak = 4144.891 ; gain = 0.000

Phase 2.1.1.6 PBP: UpdateTiming
Phase 2.1.1.6 PBP: UpdateTiming | Checksum: 1b5bb48f8

Time (s): cpu = 00:00:47 ; elapsed = 00:00:32 . Memory (MB): peak = 4144.891 ; gain = 0.000

Phase 2.1.1.7 PBP: Add part constraints
Phase 2.1.1.7 PBP: Add part constraints | Checksum: 1b5bb48f8

Time (s): cpu = 00:00:47 ; elapsed = 00:00:32 . Memory (MB): peak = 4144.891 ; gain = 0.000
Phase 2.1.1 Partition Driven Placement | Checksum: 1b5bb48f8

Time (s): cpu = 00:00:48 ; elapsed = 00:00:32 . Memory (MB): peak = 4144.891 ; gain = 0.000
Phase 2.1 Floorplanning | Checksum: 1b5bb48f8

Time (s): cpu = 00:00:48 ; elapsed = 00:00:32 . Memory (MB): peak = 4144.891 ; gain = 0.000

Phase 2.2 Update Timing before SLR Path Opt
Phase 2.2 Update Timing before SLR Path Opt | Checksum: 1b5bb48f8

Time (s): cpu = 00:00:48 ; elapsed = 00:00:32 . Memory (MB): peak = 4144.891 ; gain = 0.000

Phase 2.3 Post-Processing in Floorplanning
Phase 2.3 Post-Processing in Floorplanning | Checksum: 138d3e5ce

Time (s): cpu = 00:00:48 ; elapsed = 00:00:32 . Memory (MB): peak = 4144.891 ; gain = 0.000

Phase 2.4 Global Placement Core

Phase 2.4.1 UpdateTiming Before Physical Synthesis
Phase 2.4.1 UpdateTiming Before Physical Synthesis | Checksum: c5c21007

Time (s): cpu = 00:01:31 ; elapsed = 00:01:01 . Memory (MB): peak = 4144.891 ; gain = 0.000

Phase 2.4.2 Physical Synthesis In Placer
INFO: [Physopt 32-1035] Found 59 LUTNM shape to break, 1218 LUT instances to create LUTNM shape
INFO: [Physopt 32-1044] Break lutnm for timing: one critical 44, two critical 15, total 59, new lutff created 11
INFO: [Physopt 32-1138] End 1 Pass. Optimized 520 nets or LUTs. Breaked 59 LUTs, combined 461 existing LUTs and moved 0 existing LUT
INFO: [Physopt 32-1030] Pass 1. Identified 10 candidate driver sets for equivalent driver rewiring.
INFO: [Physopt 32-661] Optimized 6 nets.  Re-placed 21 instances.
INFO: [Physopt 32-775] End 1 Pass. Optimized 6 nets or cells. Created 0 new cell, deleted 0 existing cell and moved 21 existing cells
Netlist sorting complete. Time (s): cpu = 00:00:00 ; elapsed = 00:00:00.111 . Memory (MB): peak = 4144.891 ; gain = 0.000
WARNING: [Physopt 32-894] Found a constraint with the -through option on pin design_1_i/PS_0/mipi_csi2_rx_subsyst_0/inst/rx/inst/xpm_arst_04/src_arst or the net immediately connecting to the pin. This constraint will block optimizations for this and all downstream leaf pins.
INFO: [Physopt 32-76] Pass 1. Identified 1 candidate net for fanout optimization.
INFO: [Physopt 32-81] Processed net design_1_i/PS_0/rst_ps8_0_100M/U0/peripheral_aresetn[0]. Replicated 20 times.
WARNING: [Physopt 32-894] Found a constraint with the -through option on pin design_1_i/PS_0/mipi_csi2_rx_subsyst_0/inst/rx/inst/xpm_arst_01/src_arst or the net immediately connecting to the pin. This constraint will block optimizations for this and all downstream leaf pins.
INFO: [Physopt 32-232] Optimized 1 net. Created 20 new instances.
INFO: [Physopt 32-775] End 1 Pass. Optimized 1 net or cell. Created 20 new cells, deleted 0 existing cell and moved 0 existing cell
Netlist sorting complete. Time (s): cpu = 00:00:00 ; elapsed = 00:00:00.363 . Memory (MB): peak = 4144.891 ; gain = 0.000
INFO: [Physopt 32-456] No candidate cells for DSP register optimization found in the design.
INFO: [Physopt 32-775] End 2 Pass. Optimized 0 net or cell. Created 0 new cell, deleted 0 existing cell and moved 0 existing cell
INFO: [Physopt 32-1123] No candidate cells found for Shift Register to Pipeline optimization
INFO: [Physopt 32-775] End 2 Pass. Optimized 0 net or cell. Created 0 new cell, deleted 0 existing cell and moved 0 existing cell
INFO: [Physopt 32-677] No candidate cells for Shift Register optimization found in the design
INFO: [Physopt 32-775] End 1 Pass. Optimized 0 net or cell. Created 0 new cell, deleted 0 existing cell and moved 0 existing cell
INFO: [Physopt 32-526] No candidate cells for BRAM register optimization found in the design
INFO: [Physopt 32-775] End 1 Pass. Optimized 0 net or cell. Created 0 new cell, deleted 0 existing cell and moved 0 existing cell
INFO: [Physopt 32-846] No candidate cells for URAM register optimization found in the design
INFO: [Physopt 32-775] End 2 Pass. Optimized 0 net or cell. Created 0 new cell, deleted 0 existing cell and moved 0 existing cell
INFO: [Physopt 32-949] No candidate nets found for dynamic/static region interface net replication
INFO: [Physopt 32-775] End 1 Pass. Optimized 0 net or cell. Created 0 new cell, deleted 0 existing cell and moved 0 existing cell
Netlist sorting complete. Time (s): cpu = 00:00:00 ; elapsed = 00:00:00.020 . Memory (MB): peak = 4144.891 ; gain = 0.000

Summary of Physical Synthesis Optimizations
============================================


-----------------------------------------------------------------------------------------------------------------------------------------------------------
|  Optimization                                     |  Added Cells  |  Removed Cells  |  Optimized Cells/Nets  |  Dont Touch  |  Iterations  |  Elapsed   |
-----------------------------------------------------------------------------------------------------------------------------------------------------------
|  LUT Combining                                    |           59  |            461  |                   520  |           0  |           1  |  00:00:01  |
|  Retime                                           |            0  |              0  |                     0  |           0  |           1  |  00:00:00  |
|  Equivalent Driver Rewiring                       |            0  |              0  |                     6  |           0  |           1  |  00:00:01  |
|  Very High Fanout                                 |           20  |              0  |                     1  |           0  |           1  |  00:00:01  |
|  DSP Register                                     |            0  |              0  |                     0  |           0  |           1  |  00:00:00  |
|  Shift Register to Pipeline                       |            0  |              0  |                     0  |           0  |           1  |  00:00:00  |
|  Shift Register                                   |            0  |              0  |                     0  |           0  |           1  |  00:00:00  |
|  BRAM Register                                    |            0  |              0  |                     0  |           0  |           1  |  00:00:00  |
|  URAM Register                                    |            0  |              0  |                     0  |           0  |           1  |  00:00:00  |
|  Dynamic/Static Region Interface Net Replication  |            0  |              0  |                     0  |           0  |           1  |  00:00:00  |
|  Total                                            |           79  |            461  |                   527  |           0  |          10  |  00:00:02  |
-----------------------------------------------------------------------------------------------------------------------------------------------------------


Phase 2.4.2 Physical Synthesis In Placer | Checksum: 17a63877a

Time (s): cpu = 00:01:37 ; elapsed = 00:01:06 . Memory (MB): peak = 4144.891 ; gain = 0.000
Phase 2.4 Global Placement Core | Checksum: 1165301fb

Time (s): cpu = 00:01:39 ; elapsed = 00:01:08 . Memory (MB): peak = 4144.891 ; gain = 0.000
Phase 2 Global Placement | Checksum: 1165301fb

Time (s): cpu = 00:01:39 ; elapsed = 00:01:08 . Memory (MB): peak = 4144.891 ; gain = 0.000

Phase 3 Detail Placement

Phase 3.1 Commit Multi Column Macros
Phase 3.1 Commit Multi Column Macros | Checksum: d7f8769b

Time (s): cpu = 00:01:42 ; elapsed = 00:01:10 . Memory (MB): peak = 4144.891 ; gain = 0.000

Phase 3.2 Commit Most Macros & LUTRAMs
Phase 3.2 Commit Most Macros & LUTRAMs | Checksum: 150e85558

Time (s): cpu = 00:01:46 ; elapsed = 00:01:13 . Memory (MB): peak = 4144.891 ; gain = 0.000

Phase 3.3 Small Shape DP

Phase 3.3.1 Small Shape Clustering
Phase 3.3.1 Small Shape Clustering | Checksum: ce73ab54

Time (s): cpu = 00:01:58 ; elapsed = 00:01:21 . Memory (MB): peak = 4144.891 ; gain = 0.000

Phase 3.3.2 Flow Legalize Slice Clusters
Phase 3.3.2 Flow Legalize Slice Clusters | Checksum: 10b9f1c84

Time (s): cpu = 00:01:59 ; elapsed = 00:01:21 . Memory (MB): peak = 4144.891 ; gain = 0.000

Phase 3.3.3 Slice Area Swap

Phase 3.3.3.1 Slice Area Swap Initial
Phase 3.3.3.1 Slice Area Swap Initial | Checksum: 186114c88

Time (s): cpu = 00:02:03 ; elapsed = 00:01:24 . Memory (MB): peak = 4144.891 ; gain = 0.000
Phase 3.3.3 Slice Area Swap | Checksum: 186114c88

Time (s): cpu = 00:02:03 ; elapsed = 00:01:25 . Memory (MB): peak = 4144.891 ; gain = 0.000
Phase 3.3 Small Shape DP | Checksum: 1544dd77b

Time (s): cpu = 00:02:14 ; elapsed = 00:01:31 . Memory (MB): peak = 4144.891 ; gain = 0.000

Phase 3.4 Re-assign LUT pins
Phase 3.4 Re-assign LUT pins | Checksum: 1a45cb52a

Time (s): cpu = 00:02:15 ; elapsed = 00:01:33 . Memory (MB): peak = 4144.891 ; gain = 0.000

Phase 3.5 Pipeline Register Optimization
Phase 3.5 Pipeline Register Optimization | Checksum: 1b0c0a9a4

Time (s): cpu = 00:02:16 ; elapsed = 00:01:33 . Memory (MB): peak = 4144.891 ; gain = 0.000

Phase 3.6 Fast Optimization
Phase 3.6 Fast Optimization | Checksum: 4d9c19bc

Time (s): cpu = 00:02:37 ; elapsed = 00:01:47 . Memory (MB): peak = 4144.891 ; gain = 0.000
Phase 3 Detail Placement | Checksum: 4d9c19bc

Time (s): cpu = 00:02:37 ; elapsed = 00:01:47 . Memory (MB): peak = 4144.891 ; gain = 0.000

Phase 4 Post Placement Optimization and Clean-Up

Phase 4.1 Post Commit Optimization
INFO: [Timing 38-35] Done setting XDC timing constraints.

Phase 4.1.1 Post Placement Optimization
Post Placement Optimization Initialization | Checksum: 1c742764b

Phase 4.1.1.1 BUFG Insertion

Starting Physical Synthesis Task

Phase 1 Physical Synthesis Initialization
INFO: [Physopt 32-721] Multithreading enabled for phys_opt_design using a maximum of 2 CPUs
INFO: [Physopt 32-619] Estimated Timing Summary | WNS=-0.208 | TNS=-2.709 |
Phase 1 Physical Synthesis Initialization | Checksum: 2afbac257

Time (s): cpu = 00:00:03 ; elapsed = 00:00:02 . Memory (MB): peak = 4144.891 ; gain = 0.000
INFO: [Place 46-35] Processed net design_1_i/PS_0/v_tc_0/U0/U_VIDEO_CTRL/resetn_out, inserted BUFG to drive 1154 loads.
INFO: [Place 46-45] Replicated bufg driver design_1_i/PS_0/v_tc_0/U0/U_VIDEO_CTRL/AXI4_LITE_INTERFACE.soft_resetn_reg_replica
INFO: [Place 46-56] BUFG insertion identified 1 candidate nets. Inserted BUFG: 1, Replicated BUFG Driver: 1, Skipped due to Placement/Routing Conflicts: 0, Skipped due to Timing Degradation: 0, Skipped due to Illegal Netlist: 0.
Ending Physical Synthesis Task | Checksum: 1a7f30067

Time (s): cpu = 00:00:05 ; elapsed = 00:00:03 . Memory (MB): peak = 4144.891 ; gain = 0.000
Phase 4.1.1.1 BUFG Insertion | Checksum: 10a34f257

Time (s): cpu = 00:03:05 ; elapsed = 00:02:07 . Memory (MB): peak = 4144.891 ; gain = 0.000

Phase 4.1.1.2 Post Placement Timing Optimization
INFO: [Place 30-746] Post Placement Timing Summary WNS=-0.098. For the most accurate timing information please run report_timing.
Phase 4.1.1.2 Post Placement Timing Optimization | Checksum: e258adbd

Time (s): cpu = 00:03:24 ; elapsed = 00:02:27 . Memory (MB): peak = 4144.891 ; gain = 0.000

Time (s): cpu = 00:03:24 ; elapsed = 00:02:27 . Memory (MB): peak = 4144.891 ; gain = 0.000
Phase 4.1 Post Commit Optimization | Checksum: e258adbd

Time (s): cpu = 00:03:25 ; elapsed = 00:02:27 . Memory (MB): peak = 4144.891 ; gain = 0.000
Netlist sorting complete. Time (s): cpu = 00:00:00 ; elapsed = 00:00:00.060 . Memory (MB): peak = 4144.891 ; gain = 0.000

Phase 4.2 Post Placement Cleanup
Phase 4.2 Post Placement Cleanup | Checksum: 1a36c7d63

Time (s): cpu = 00:03:34 ; elapsed = 00:02:34 . Memory (MB): peak = 4144.891 ; gain = 0.000

Phase 4.3 Placer Reporting

Phase 4.3.1 Print Estimated Congestion
INFO: [Place 30-612] Post-Placement Estimated Congestion 
 ________________________________________________________________________
|           | Global Congestion | Long Congestion   | Short Congestion  |
| Direction | Region Size       | Region Size       | Region Size       |
|___________|___________________|___________________|___________________|
|      North|                1x1|                1x1|                2x2|
|___________|___________________|___________________|___________________|
|      South|                2x2|                1x1|                2x2|
|___________|___________________|___________________|___________________|
|       East|                2x2|                1x1|                8x8|
|___________|___________________|___________________|___________________|
|       West|                2x2|                1x1|                8x8|
|___________|___________________|___________________|___________________|

Phase 4.3.1 Print Estimated Congestion | Checksum: 1a36c7d63

Time (s): cpu = 00:03:34 ; elapsed = 00:02:34 . Memory (MB): peak = 4144.891 ; gain = 0.000
Phase 4.3 Placer Reporting | Checksum: 1a36c7d63

Time (s): cpu = 00:03:34 ; elapsed = 00:02:35 . Memory (MB): peak = 4144.891 ; gain = 0.000

Phase 4.4 Final Placement Cleanup
Netlist sorting complete. Time (s): cpu = 00:00:00 ; elapsed = 00:00:00.022 . Memory (MB): peak = 4144.891 ; gain = 0.000

Time (s): cpu = 00:03:34 ; elapsed = 00:02:35 . Memory (MB): peak = 4144.891 ; gain = 0.000
Phase 4 Post Placement Optimization and Clean-Up | Checksum: 17d7edf1d

Time (s): cpu = 00:03:35 ; elapsed = 00:02:35 . Memory (MB): peak = 4144.891 ; gain = 0.000
Ending Placer Task | Checksum: 162508702

Time (s): cpu = 00:03:35 ; elapsed = 00:02:35 . Memory (MB): peak = 4144.891 ; gain = 0.000
INFO: [Common 17-83] Releasing license: Implementation
109 Infos, 57 Warnings, 0 Critical Warnings and 0 Errors encountered.
place_design completed successfully
place_design: Time (s): cpu = 00:03:42 ; elapsed = 00:02:39 . Memory (MB): peak = 4144.891 ; gain = 0.000
INFO: [Timing 38-480] Writing timing data to binary archive.
Writing XDEF routing.
Writing XDEF routing logical nets.
Writing XDEF routing special nets.
Write XDEF Complete: Time (s): cpu = 00:00:12 ; elapsed = 00:00:04 . Memory (MB): peak = 4144.891 ; gain = 0.000
INFO: [Common 17-1381] The checkpoint 'C:/Users/hhhh/rekonfigi/video_passthrough_kria/video_passthrough_kria.runs/impl_1/design_1_wrapper_placed.dcp' has been generated.
write_checkpoint: Time (s): cpu = 00:00:17 ; elapsed = 00:00:10 . Memory (MB): peak = 4144.891 ; gain = 0.000
INFO: [runtcl-4] Executing : report_io -file design_1_wrapper_io_placed.rpt
report_io: Time (s): cpu = 00:00:01 ; elapsed = 00:00:00.064 . Memory (MB): peak = 4144.891 ; gain = 0.000
INFO: [runtcl-4] Executing : report_utilization -file design_1_wrapper_utilization_placed.rpt -pb design_1_wrapper_utilization_placed.pb
INFO: [runtcl-4] Executing : report_control_sets -verbose -file design_1_wrapper_control_sets_placed.rpt
report_control_sets: Time (s): cpu = 00:00:00 ; elapsed = 00:00:00.164 . Memory (MB): peak = 4144.891 ; gain = 0.000
Command: phys_opt_design
Attempting to get a license for feature 'Implementation' and/or device 'xck26'
INFO: [Common 17-349] Got license for feature 'Implementation' and/or device 'xck26'

Starting Initial Update Timing Task

Time (s): cpu = 00:00:18 ; elapsed = 00:00:10 . Memory (MB): peak = 4144.891 ; gain = 0.000
INFO: [Vivado_Tcl 4-383] Design worst setup slack (WNS) is greater than or equal to 0.000 ns. Skipping all physical synthesis optimizations.
INFO: [Vivado_Tcl 4-232] No setup violation found. The netlist was not modified.
INFO: [Common 17-83] Releasing license: Implementation
118 Infos, 57 Warnings, 0 Critical Warnings and 0 Errors encountered.
phys_opt_design completed successfully
phys_opt_design: Time (s): cpu = 00:00:18 ; elapsed = 00:00:10 . Memory (MB): peak = 4144.891 ; gain = 0.000
INFO: [Timing 38-480] Writing timing data to binary archive.
Writing XDEF routing.
Writing XDEF routing logical nets.
Writing XDEF routing special nets.
Write XDEF Complete: Time (s): cpu = 00:00:12 ; elapsed = 00:00:04 . Memory (MB): peak = 4144.891 ; gain = 0.000
INFO: [Common 17-1381] The checkpoint 'C:/Users/hhhh/rekonfigi/video_passthrough_kria/video_passthrough_kria.runs/impl_1/design_1_wrapper_physopt.dcp' has been generated.
write_checkpoint: Time (s): cpu = 00:00:14 ; elapsed = 00:00:07 . Memory (MB): peak = 4144.891 ; gain = 0.000
Command: route_design
Attempting to get a license for feature 'Implementation' and/or device 'xck26'
INFO: [Common 17-349] Got license for feature 'Implementation' and/or device 'xck26'
Running DRC as a precondition to command route_design
INFO: [DRC 23-27] Running DRC with 2 threads
INFO: [Vivado_Tcl 4-198] DRC finished with 0 Errors
INFO: [Vivado_Tcl 4-199] Please refer to the DRC report (report_drc) for more information.


Starting Routing Task
INFO: [Route 35-254] Multithreading enabled for route_design using a maximum of 2 CPUs

Phase 1 Build RT Design
Checksum: PlaceDB: 5ddd03b ConstDB: 0 ShapeSum: 9b5ee721 RouteDB: c113cfa6
Nodegraph reading from file.  Time (s): cpu = 00:00:01 ; elapsed = 00:00:00.718 . Memory (MB): peak = 4144.891 ; gain = 0.000
Post Restoration Checksum: NetGraph: 628a6049 NumContArr: 5b848c85 Constraints: 9dcfc08e Timing: 0
Phase 1 Build RT Design | Checksum: 15bdead5c

Time (s): cpu = 00:00:20 ; elapsed = 00:00:14 . Memory (MB): peak = 4144.891 ; gain = 0.000

Phase 2 Router Initialization

Phase 2.1 Fix Topology Constraints
Phase 2.1 Fix Topology Constraints | Checksum: 15bdead5c

Time (s): cpu = 00:00:21 ; elapsed = 00:00:14 . Memory (MB): peak = 4144.891 ; gain = 0.000

Phase 2.2 Pre Route Cleanup
Phase 2.2 Pre Route Cleanup | Checksum: 15bdead5c

Time (s): cpu = 00:00:21 ; elapsed = 00:00:15 . Memory (MB): peak = 4144.891 ; gain = 0.000

Phase 2.3 Global Clock Net Routing
 Number of Nodes with overlaps = 0
Phase 2.3 Global Clock Net Routing | Checksum: 175ff0ada

Time (s): cpu = 00:00:24 ; elapsed = 00:00:17 . Memory (MB): peak = 4153.793 ; gain = 8.902

Phase 2.4 Update Timing
Phase 2.4 Update Timing | Checksum: 208367b48

Time (s): cpu = 00:00:36 ; elapsed = 00:00:25 . Memory (MB): peak = 4153.793 ; gain = 8.902
INFO: [Route 35-416] Intermediate Timing Summary | WNS=0.305  | TNS=0.000  | WHS=-0.078 | THS=-148.431|


Phase 2.5 Update Timing for Bus Skew

Phase 2.5.1 Update Timing
Phase 2.5.1 Update Timing | Checksum: 2d45d335b

Time (s): cpu = 00:01:10 ; elapsed = 00:00:44 . Memory (MB): peak = 4153.793 ; gain = 8.902
INFO: [Route 35-416] Intermediate Timing Summary | WNS=0.305  | TNS=0.000  | WHS=N/A    | THS=N/A    |

Phase 2.5 Update Timing for Bus Skew | Checksum: 28a9dda36

Time (s): cpu = 00:01:10 ; elapsed = 00:00:44 . Memory (MB): peak = 4153.793 ; gain = 8.902

Router Utilization Summary
  Global Vertical Routing Utilization    = 0 %
  Global Horizontal Routing Utilization  = 0 %
  Routable Net Status*
  *Does not include unroutable nets such as driverless and loadless.
  Run report_route_status for detailed report.
  Number of Failed Nets               = 40203
    (Failed Nets is the sum of unrouted and partially routed nets)
  Number of Unrouted Nets             = 34366
  Number of Partially Routed Nets     = 5837
  Number of Node Overlaps             = 0

Phase 2 Router Initialization | Checksum: 237d8278b

Time (s): cpu = 00:01:12 ; elapsed = 00:00:45 . Memory (MB): peak = 4153.793 ; gain = 8.902

Phase 3 Initial Routing

Phase 3.1 Global Routing
Phase 3.1 Global Routing | Checksum: 237d8278b

Time (s): cpu = 00:01:12 ; elapsed = 00:00:45 . Memory (MB): peak = 4153.793 ; gain = 8.902
Phase 3 Initial Routing | Checksum: 13386bae1

Time (s): cpu = 00:01:25 ; elapsed = 00:00:53 . Memory (MB): peak = 4153.793 ; gain = 8.902

Phase 4 Rip-up And Reroute

Phase 4.1 Global Iteration 0
 Number of Nodes with overlaps = 7561
 Number of Nodes with overlaps = 678
 Number of Nodes with overlaps = 80
 Number of Nodes with overlaps = 16
 Number of Nodes with overlaps = 6
 Number of Nodes with overlaps = 2
 Number of Nodes with overlaps = 0
INFO: [Route 35-416] Intermediate Timing Summary | WNS=-0.093 | TNS=-0.381 | WHS=-0.050 | THS=-0.514 |

Phase 4.1 Global Iteration 0 | Checksum: 2513f7f83

Time (s): cpu = 00:02:41 ; elapsed = 00:01:42 . Memory (MB): peak = 4153.793 ; gain = 8.902

Phase 4.2 Global Iteration 1
 Number of Nodes with overlaps = 177
 Number of Nodes with overlaps = 21
 Number of Nodes with overlaps = 8
 Number of Nodes with overlaps = 5
 Number of Nodes with overlaps = 3
 Number of Nodes with overlaps = 0
INFO: [Route 35-416] Intermediate Timing Summary | WNS=0.125  | TNS=0.000  | WHS=N/A    | THS=N/A    |

Phase 4.2 Global Iteration 1 | Checksum: 355b674f6

Time (s): cpu = 00:02:55 ; elapsed = 00:01:53 . Memory (MB): peak = 4153.793 ; gain = 8.902
Phase 4 Rip-up And Reroute | Checksum: 355b674f6

Time (s): cpu = 00:02:55 ; elapsed = 00:01:53 . Memory (MB): peak = 4153.793 ; gain = 8.902

Phase 5 Delay and Skew Optimization

Phase 5.1 Delay CleanUp

Phase 5.1.1 Update Timing
Phase 5.1.1 Update Timing | Checksum: 2756f38fa

Time (s): cpu = 00:03:06 ; elapsed = 00:01:59 . Memory (MB): peak = 4153.793 ; gain = 8.902
INFO: [Route 35-416] Intermediate Timing Summary | WNS=0.125  | TNS=0.000  | WHS=0.010  | THS=0.000  |


Phase 5.1.2 Update Timing
Phase 5.1.2 Update Timing | Checksum: 25a55e231

Time (s): cpu = 00:03:14 ; elapsed = 00:02:05 . Memory (MB): peak = 4153.793 ; gain = 8.902
INFO: [Route 35-416] Intermediate Timing Summary | WNS=0.125  | TNS=0.000  | WHS=0.010  | THS=0.000  |

Phase 5.1 Delay CleanUp | Checksum: 24262158a

Time (s): cpu = 00:03:14 ; elapsed = 00:02:05 . Memory (MB): peak = 4153.793 ; gain = 8.902

Phase 5.2 Clock Skew Optimization
Phase 5.2 Clock Skew Optimization | Checksum: 24262158a

Time (s): cpu = 00:03:15 ; elapsed = 00:02:05 . Memory (MB): peak = 4153.793 ; gain = 8.902
Phase 5 Delay and Skew Optimization | Checksum: 24262158a

Time (s): cpu = 00:03:15 ; elapsed = 00:02:05 . Memory (MB): peak = 4153.793 ; gain = 8.902

Phase 6 Post Hold Fix

Phase 6.1 Hold Fix Iter

Phase 6.1.1 Update Timing
Phase 6.1.1 Update Timing | Checksum: 31c7a0346

Time (s): cpu = 00:03:23 ; elapsed = 00:02:10 . Memory (MB): peak = 4153.793 ; gain = 8.902
INFO: [Route 35-416] Intermediate Timing Summary | WNS=0.125  | TNS=0.000  | WHS=0.010  | THS=0.000  |

Phase 6.1 Hold Fix Iter | Checksum: 2f36c75bc

Time (s): cpu = 00:03:23 ; elapsed = 00:02:10 . Memory (MB): peak = 4153.793 ; gain = 8.902
Phase 6 Post Hold Fix | Checksum: 2f36c75bc

Time (s): cpu = 00:03:23 ; elapsed = 00:02:10 . Memory (MB): peak = 4153.793 ; gain = 8.902

Phase 7 Route finalize

Router Utilization Summary
  Global Vertical Routing Utilization    = 3.52523 %
  Global Horizontal Routing Utilization  = 4.31341 %
  Routable Net Status*
  *Does not include unroutable nets such as driverless and loadless.
  Run report_route_status for detailed report.
  Number of Failed Nets               = 0
    (Failed Nets is the sum of unrouted and partially routed nets)
  Number of Unrouted Nets             = 0
  Number of Partially Routed Nets     = 0
  Number of Node Overlaps             = 0

Phase 7 Route finalize | Checksum: 230591695

Time (s): cpu = 00:03:24 ; elapsed = 00:02:11 . Memory (MB): peak = 4153.793 ; gain = 8.902

Phase 8 Verifying routed nets

 Verification completed successfully
Phase 8 Verifying routed nets | Checksum: 230591695

Time (s): cpu = 00:03:24 ; elapsed = 00:02:11 . Memory (MB): peak = 4153.793 ; gain = 8.902

Phase 9 Depositing Routes
Phase 9 Depositing Routes | Checksum: 230591695

Time (s): cpu = 00:03:27 ; elapsed = 00:02:14 . Memory (MB): peak = 4153.793 ; gain = 8.902

Phase 10 Resolve XTalk
Phase 10 Resolve XTalk | Checksum: 230591695

Time (s): cpu = 00:03:27 ; elapsed = 00:02:14 . Memory (MB): peak = 4153.793 ; gain = 8.902

Phase 11 Post Router Timing
INFO: [Route 35-57] Estimated Timing Summary | WNS=0.125  | TNS=0.000  | WHS=0.010  | THS=0.000  |

INFO: [Route 35-327] The final timing numbers are based on the router estimated timing analysis. For a complete and accurate timing signoff, please run report_timing_summary.
Phase 11 Post Router Timing | Checksum: 230591695

Time (s): cpu = 00:03:32 ; elapsed = 00:02:17 . Memory (MB): peak = 4153.793 ; gain = 8.902
INFO: [Route 35-16] Router Completed Successfully

Time (s): cpu = 00:03:32 ; elapsed = 00:02:17 . Memory (MB): peak = 4153.793 ; gain = 8.902

Routing Is Done.
INFO: [Common 17-83] Releasing license: Implementation
136 Infos, 57 Warnings, 0 Critical Warnings and 0 Errors encountered.
route_design completed successfully
route_design: Time (s): cpu = 00:03:48 ; elapsed = 00:02:25 . Memory (MB): peak = 4153.793 ; gain = 8.902
INFO: [Timing 38-480] Writing timing data to binary archive.
Writing XDEF routing.
Writing XDEF routing logical nets.
Writing XDEF routing special nets.
Write XDEF Complete: Time (s): cpu = 00:00:13 ; elapsed = 00:00:05 . Memory (MB): peak = 4153.793 ; gain = 0.000
INFO: [Common 17-1381] The checkpoint 'C:/Users/hhhh/rekonfigi/video_passthrough_kria/video_passthrough_kria.runs/impl_1/design_1_wrapper_routed.dcp' has been generated.
write_checkpoint: Time (s): cpu = 00:00:20 ; elapsed = 00:00:12 . Memory (MB): peak = 4153.793 ; gain = 0.000
INFO: [runtcl-4] Executing : report_drc -file design_1_wrapper_drc_routed.rpt -pb design_1_wrapper_drc_routed.pb -rpx design_1_wrapper_drc_routed.rpx
Command: report_drc -file design_1_wrapper_drc_routed.rpt -pb design_1_wrapper_drc_routed.pb -rpx design_1_wrapper_drc_routed.rpx
INFO: [IP_Flow 19-1839] IP Catalog is up to date.
INFO: [DRC 23-27] Running DRC with 2 threads
INFO: [Vivado_Tcl 2-168] The results of DRC are in file C:/Users/hhhh/rekonfigi/video_passthrough_kria/video_passthrough_kria.runs/impl_1/design_1_wrapper_drc_routed.rpt.
report_drc completed successfully
report_drc: Time (s): cpu = 00:00:26 ; elapsed = 00:00:14 . Memory (MB): peak = 4153.793 ; gain = 0.000
INFO: [runtcl-4] Executing : report_methodology -file design_1_wrapper_methodology_drc_routed.rpt -pb design_1_wrapper_methodology_drc_routed.pb -rpx design_1_wrapper_methodology_drc_routed.rpx
Command: report_methodology -file design_1_wrapper_methodology_drc_routed.rpt -pb design_1_wrapper_methodology_drc_routed.pb -rpx design_1_wrapper_methodology_drc_routed.rpx
INFO: [Timing 38-35] Done setting XDC timing constraints.
INFO: [DRC 23-133] Running Methodology with 2 threads
INFO: [Vivado_Tcl 2-1520] The results of Report Methodology are in file C:/Users/hhhh/rekonfigi/video_passthrough_kria/video_passthrough_kria.runs/impl_1/design_1_wrapper_methodology_drc_routed.rpt.
report_methodology completed successfully
report_methodology: Time (s): cpu = 00:00:31 ; elapsed = 00:00:17 . Memory (MB): peak = 4153.793 ; gain = 0.000
INFO: [runtcl-4] Executing : report_power -file design_1_wrapper_power_routed.rpt -pb design_1_wrapper_power_summary_routed.pb -rpx design_1_wrapper_power_routed.rpx
Command: report_power -file design_1_wrapper_power_routed.rpt -pb design_1_wrapper_power_summary_routed.pb -rpx design_1_wrapper_power_routed.rpx
INFO: [Timing 38-35] Done setting XDC timing constraints.
Running Vector-less Activity Propagation...

Finished Running Vector-less Activity Propagation
WARNING: [Power 33-332] Found switching activity that implies high-fanout reset nets being asserted for excessive periods of time which may result in inaccurate power analysis.
Resolution: To review and fix problems, please run Power Constraints Advisor in the GUI from Tools > Power Constraints Advisor or run report_power with the -advisory option to generate a text report.
148 Infos, 58 Warnings, 0 Critical Warnings and 0 Errors encountered.
report_power completed successfully
report_power: Time (s): cpu = 00:00:29 ; elapsed = 00:00:18 . Memory (MB): peak = 4161.957 ; gain = 8.164
INFO: [runtcl-4] Executing : report_route_status -file design_1_wrapper_route_status.rpt -pb design_1_wrapper_route_status.pb
INFO: [runtcl-4] Executing : report_timing_summary -max_paths 10 -report_unconstrained -file design_1_wrapper_timing_summary_routed.rpt -pb design_1_wrapper_timing_summary_routed.pb -rpx design_1_wrapper_timing_summary_routed.rpx -warn_on_violation 
INFO: [Timing 38-91] UpdateTimingParams: Speed grade: -2LV, Temperature grade: C, Delay Type: min_max.
INFO: [Timing 38-191] Multithreading enabled for timing update using a maximum of 2 CPUs
WARNING: [Timing 38-436] There are set_bus_skew constraint(s) in this design. Please run report_bus_skew to ensure that bus skew requirements are met.
INFO: [runtcl-4] Executing : report_incremental_reuse -file design_1_wrapper_incremental_reuse_routed.rpt
INFO: [Vivado_Tcl 4-1062] Incremental flow is disabled. No incremental reuse Info to report.
INFO: [runtcl-4] Executing : report_clock_utilization -file design_1_wrapper_clock_utilization_routed.rpt
INFO: [runtcl-4] Executing : report_bus_skew -warn_on_violation -file design_1_wrapper_bus_skew_routed.rpt -pb design_1_wrapper_bus_skew_routed.pb -rpx design_1_wrapper_bus_skew_routed.rpx
INFO: [Timing 38-91] UpdateTimingParams: Speed grade: -2LV, Temperature grade: C, Delay Type: min_max.
INFO: [Timing 38-191] Multithreading enabled for timing update using a maximum of 2 CPUs
INFO: [Common 17-206] Exiting Vivado at Sun Apr 26 23:04:04 2026...
