Copyright 1986-2022 Xilinx, Inc. All Rights Reserved.
---------------------------------------------------------------------------------------------------------------------------
| Tool Version : Vivado v.2022.2 (win64) Build 3671981 Fri Oct 14 05:00:03 MDT 2022
| Date         : Sun Apr 26 22:55:05 2026
| Host         : DESKTOP-I43IRA7 running 64-bit major release  (build 9200)
| Command      : report_utilization -file design_1_wrapper_utilization_synth.rpt -pb design_1_wrapper_utilization_synth.pb
| Design       : design_1_wrapper
| Device       : xck26-sfvc784-2LV-c
| Speed File   : -2LV
| Design State : Synthesized
---------------------------------------------------------------------------------------------------------------------------

Utilization Design Information

Table of Contents
-----------------
1. CLB Logic
1.1 Summary of Registers by Type
2. BLOCKRAM
3. ARITHMETIC
4. I/O
5. CLOCK
6. ADVANCED
7. CONFIGURATION
8. Primitives
9. Black Boxes
10. Instantiated Netlists

1. CLB Logic
------------

+----------------------------+-------+-------+------------+-----------+-------+
|          Site Type         |  Used | Fixed | Prohibited | Available | Util% |
+----------------------------+-------+-------+------------+-----------+-------+
| CLB LUTs*                  | 21049 |     0 |          0 |    117120 | 17.97 |
|   LUT as Logic             | 19291 |     0 |          0 |    117120 | 16.47 |
|   LUT as Memory            |  1758 |     0 |          0 |     57600 |  3.05 |
|     LUT as Distributed RAM |   734 |     0 |            |           |       |
|     LUT as Shift Register  |  1024 |     0 |            |           |       |
| CLB Registers              | 28780 |     0 |          0 |    234240 | 12.29 |
|   Register as Flip Flop    | 28780 |     0 |          0 |    234240 | 12.29 |
|   Register as Latch        |     0 |     0 |          0 |    234240 |  0.00 |
| CARRY8                     |   485 |     0 |          0 |     14640 |  3.31 |
| F7 Muxes                   |   231 |     0 |          0 |     58560 |  0.39 |
| F8 Muxes                   |     5 |     0 |          0 |     29280 |  0.02 |
| F9 Muxes                   |     0 |     0 |          0 |     14640 |  0.00 |
+----------------------------+-------+-------+------------+-----------+-------+
* Warning! The Final LUT count, after physical optimizations and full implementation, is typically lower. Run opt_design after synthesis, if not already completed, for a more realistic count.
Warning! LUT value is adjusted to account for LUT combining.


1.1 Summary of Registers by Type
--------------------------------

+-------+--------------+-------------+--------------+
| Total | Clock Enable | Synchronous | Asynchronous |
+-------+--------------+-------------+--------------+
| 0     |            _ |           - |            - |
| 0     |            _ |           - |          Set |
| 0     |            _ |           - |        Reset |
| 0     |            _ |         Set |            - |
| 0     |            _ |       Reset |            - |
| 0     |          Yes |           - |            - |
| 78    |          Yes |           - |          Set |
| 304   |          Yes |           - |        Reset |
| 870   |          Yes |         Set |            - |
| 27528 |          Yes |       Reset |            - |
+-------+--------------+-------------+--------------+


2. BLOCKRAM
-----------

+-------------------+------+-------+------------+-----------+-------+
|     Site Type     | Used | Fixed | Prohibited | Available | Util% |
+-------------------+------+-------+------------+-----------+-------+
| Block RAM Tile    |   38 |     0 |          0 |       144 | 26.39 |
|   RAMB36/FIFO*    |   29 |     0 |          0 |       144 | 20.14 |
|     RAMB36E2 only |   29 |       |            |           |       |
|   RAMB18          |   18 |     0 |          0 |       288 |  6.25 |
|     RAMB18E2 only |   18 |       |            |           |       |
| URAM              |    2 |     0 |          0 |        64 |  3.13 |
+-------------------+------+-------+------------+-----------+-------+
* Note: Each Block RAM Tile only has one FIFO logic available and therefore can accommodate only one FIFO36E2 or one FIFO18E2. However, if a FIFO18E2 occupies a Block RAM Tile, that tile can still accommodate a RAMB18E2


3. ARITHMETIC
-------------

+----------------+------+-------+------------+-----------+-------+
|    Site Type   | Used | Fixed | Prohibited | Available | Util% |
+----------------+------+-------+------------+-----------+-------+
| DSPs           |   21 |     0 |          0 |      1248 |  1.68 |
|   DSP48E2 only |   21 |       |            |           |       |
+----------------+------+-------+------------+-----------+-------+


4. I/O
------

+------------+------+-------+------------+-----------+-------+
|  Site Type | Used | Fixed | Prohibited | Available | Util% |
+------------+------+-------+------------+-----------+-------+
| Bonded IOB |    9 |     0 |          0 |       189 |  4.76 |
+------------+------+-------+------------+-----------+-------+


5. CLOCK
--------

+----------------------+------+-------+------------+-----------+-------+
|       Site Type      | Used | Fixed | Prohibited | Available | Util% |
+----------------------+------+-------+------------+-----------+-------+
| GLOBAL CLOCK BUFFERs |    7 |     0 |          0 |       352 |  1.99 |
|   BUFGCE             |    5 |     0 |          0 |       112 |  4.46 |
|   BUFGCE_DIV         |    0 |     0 |          0 |        16 |  0.00 |
|   BUFG_GT            |    0 |     0 |          0 |        96 |  0.00 |
|   BUFG_PS            |    2 |     0 |          0 |        96 |  2.08 |
|   BUFGCTRL*          |    0 |     0 |          0 |        32 |  0.00 |
| PLL                  |    1 |     0 |          0 |         8 | 12.50 |
| MMCM                 |    2 |     0 |          0 |         4 | 50.00 |
+----------------------+------+-------+------------+-----------+-------+
* Note: Each used BUFGCTRL counts as two GLOBAL CLOCK BUFFERs. This table does not include global clocking resources, only buffer cell usage. See the Clock Utilization Report (report_clock_utilization) for detailed accounting of global clocking resource availability.


6. ADVANCED
-----------

+-----------------+------+-------+------------+-----------+--------+
|    Site Type    | Used | Fixed | Prohibited | Available |  Util% |
+-----------------+------+-------+------------+-----------+--------+
| GTHE4_CHANNEL   |    0 |     0 |          0 |         4 |   0.00 |
| GTHE4_COMMON    |    0 |     0 |          0 |         1 |   0.00 |
| OBUFDS_GTE4     |    0 |     0 |          0 |         2 |   0.00 |
| OBUFDS_GTE4_ADV |    0 |     0 |          0 |         2 |   0.00 |
| PCIE40E4        |    0 |     0 |          0 |         2 |   0.00 |
| PS8             |    1 |     0 |          0 |         1 | 100.00 |
| SYSMONE4        |    0 |     0 |          0 |         1 |   0.00 |
| VCU             |    0 |     0 |          0 |         1 |   0.00 |
+-----------------+------+-------+------------+-----------+--------+


7. CONFIGURATION
----------------

+-------------+------+-------+------------+-----------+-------+
|  Site Type  | Used | Fixed | Prohibited | Available | Util% |
+-------------+------+-------+------------+-----------+-------+
| BSCANE2     |    0 |     0 |          0 |         4 |  0.00 |
| DNA_PORTE2  |    0 |     0 |          0 |         1 |  0.00 |
| EFUSE_USR   |    0 |     0 |          0 |         1 |  0.00 |
| FRAME_ECCE4 |    0 |     0 |          0 |         1 |  0.00 |
| ICAPE3      |    0 |     0 |          0 |         2 |  0.00 |
| MASTER_JTAG |    0 |     0 |          0 |         1 |  0.00 |
| STARTUPE3   |    0 |     0 |          0 |         1 |  0.00 |
+-------------+------+-------+------------+-----------+-------+


8. Primitives
-------------

+------------------+-------+---------------------+
|     Ref Name     |  Used | Functional Category |
+------------------+-------+---------------------+
| FDRE             | 27528 |            Register |
| LUT6             |  6313 |                 CLB |
| LUT3             |  4991 |                 CLB |
| LUT5             |  3867 |                 CLB |
| LUT4             |  3358 |                 CLB |
| LUT2             |  2941 |                 CLB |
| LUT1             |  1567 |                 CLB |
| RAMD32           |  1276 |                 CLB |
| FDSE             |   870 |            Register |
| SRL16E           |   856 |                 CLB |
| CARRY8           |   485 |                 CLB |
| FDCE             |   304 |            Register |
| MUXF7            |   231 |                 CLB |
| RAMS32           |   182 |                 CLB |
| SRLC32E          |   168 |                 CLB |
| FDPE             |    78 |            Register |
| RAMB36E2         |    29 |            BLOCKRAM |
| DSP48E2          |    21 |          Arithmetic |
| RAMB18E2         |    18 |            BLOCKRAM |
| MUXF8            |     5 |                 CLB |
| IBUFCTRL         |     5 |              Others |
| BUFGCE           |     5 |               Clock |
| RX_BITSLICE      |     3 |                 I/O |
| DPHY_DIFFINBUF   |     3 |              Others |
| URAM288          |     2 |            BLOCKRAM |
| OBUFT            |     2 |                 I/O |
| MMCME4_ADV       |     2 |               Clock |
| INBUF            |     2 |                 I/O |
| BUFG_PS          |     2 |               Clock |
| PS8              |     1 |            Advanced |
| PLLE4_ADV        |     1 |               Clock |
| OBUF             |     1 |                 I/O |
| BITSLICE_CONTROL |     1 |                 I/O |
+------------------+-------+---------------------+


9. Black Boxes
--------------

+-------------+------+
|   Ref Name  | Used |
+-------------+------+
| rgb2ycbcr_0 |    1 |
+-------------+------+


10. Instantiated Netlists
-------------------------

+----------+------+
| Ref Name | Used |
+----------+------+


